[0.017s] Invoking command in '/home/ubuntu/unilidar_sdk2/unitree_lidar_ros2/build/unitree_lidar_ros2': CMAKE_PREFIX_PATH=/opt/ros/humble _=/usr/bin/env /usr/bin/cmake --build /home/ubuntu/unilidar_sdk2/unitree_lidar_ros2/build/unitree_lidar_ros2 -- -j12 -l12
[0.139s] Consolidate compiler generated dependencies of target unitree_lidar_ros2_node
[0.195s] [ 50%] Building CXX object CMakeFiles/unitree_lidar_ros2_node.dir/src/unitree_lidar_ros2_node.cpp.o
[23.235s] [100%] Linking CXX executable unitree_lidar_ros2_node
[24.753s] [100%] Built target unitree_lidar_ros2_node
[24.768s] Invoked command in '/home/ubuntu/unilidar_sdk2/unitree_lidar_ros2/build/unitree_lidar_ros2' returned '0': CMAKE_PREFIX_PATH=/opt/ros/humble _=/usr/bin/env /usr/bin/cmake --build /home/ubuntu/unilidar_sdk2/unitree_lidar_ros2/build/unitree_lidar_ros2 -- -j12 -l12
[24.784s] Invoking command in '/home/ubuntu/unilidar_sdk2/unitree_lidar_ros2/build/unitree_lidar_ros2': CMAKE_PREFIX_PATH=/opt/ros/humble _=/usr/bin/env /usr/bin/cmake --install /home/ubuntu/unilidar_sdk2/unitree_lidar_ros2/build/unitree_lidar_ros2
[24.806s] -- Install configuration: ""
[24.809s] -- Installing: /home/ubuntu/unilidar_sdk2/unitree_lidar_ros2/install/unitree_lidar_ros2/lib/unitree_lidar_ros2/unitree_lidar_ros2_node
[24.813s] -- Set runtime path of "/home/ubuntu/unilidar_sdk2/unitree_lidar_ros2/install/unitree_lidar_ros2/lib/unitree_lidar_ros2/unitree_lidar_ros2_node" to ""
[24.813s] -- Up-to-date: /home/ubuntu/unilidar_sdk2/unitree_lidar_ros2/install/unitree_lidar_ros2/share/unitree_lidar_ros2/view.rviz
[24.813s] -- Installing: /home/ubuntu/unilidar_sdk2/unitree_lidar_ros2/install/unitree_lidar_ros2/share/unitree_lidar_ros2/launch.py
[24.813s] -- Up-to-date: /home/ubuntu/unilidar_sdk2/unitree_lidar_ros2/install/unitree_lidar_ros2/share/ament_index/resource_index/package_run_dependencies/unitree_lidar_ros2
[24.813s] -- Up-to-date: /home/ubuntu/unilidar_sdk2/unitree_lidar_ros2/install/unitree_lidar_ros2/share/ament_index/resource_index/parent_prefix_path/unitree_lidar_ros2
[24.813s] -- Up-to-date: /home/ubuntu/unilidar_sdk2/unitree_lidar_ros2/install/unitree_lidar_ros2/share/unitree_lidar_ros2/environment/ament_prefix_path.sh
[24.813s] -- Up-to-date: /home/ubuntu/unilidar_sdk2/unitree_lidar_ros2/install/unitree_lidar_ros2/share/unitree_lidar_ros2/environment/ament_prefix_path.dsv
[24.815s] -- Up-to-date: /home/ubuntu/unilidar_sdk2/unitree_lidar_ros2/install/unitree_lidar_ros2/share/unitree_lidar_ros2/environment/path.sh
[24.815s] -- Up-to-date: /home/ubuntu/unilidar_sdk2/unitree_lidar_ros2/install/unitree_lidar_ros2/share/unitree_lidar_ros2/environment/path.dsv
[24.815s] -- Up-to-date: /home/ubuntu/unilidar_sdk2/unitree_lidar_ros2/install/unitree_lidar_ros2/share/unitree_lidar_ros2/local_setup.bash
[24.815s] -- Up-to-date: /home/ubuntu/unilidar_sdk2/unitree_lidar_ros2/install/unitree_lidar_ros2/share/unitree_lidar_ros2/local_setup.sh
[24.815s] -- Up-to-date: /home/ubuntu/unilidar_sdk2/unitree_lidar_ros2/install/unitree_lidar_ros2/share/unitree_lidar_ros2/local_setup.zsh
[24.815s] -- Up-to-date: /home/ubuntu/unilidar_sdk2/unitree_lidar_ros2/install/unitree_lidar_ros2/share/unitree_lidar_ros2/local_setup.dsv
[24.815s] -- Installing: /home/ubuntu/unilidar_sdk2/unitree_lidar_ros2/install/unitree_lidar_ros2/share/unitree_lidar_ros2/package.dsv
[24.815s] -- Up-to-date: /home/ubuntu/unilidar_sdk2/unitree_lidar_ros2/install/unitree_lidar_ros2/share/ament_index/resource_index/packages/unitree_lidar_ros2
[24.815s] -- Up-to-date: /home/ubuntu/unilidar_sdk2/unitree_lidar_ros2/install/unitree_lidar_ros2/share/unitree_lidar_ros2/cmake/unitree_lidar_ros2Config.cmake
[24.815s] -- Up-to-date: /home/ubuntu/unilidar_sdk2/unitree_lidar_ros2/install/unitree_lidar_ros2/share/unitree_lidar_ros2/cmake/unitree_lidar_ros2Config-version.cmake
[24.816s] -- Up-to-date: /home/ubuntu/unilidar_sdk2/unitree_lidar_ros2/install/unitree_lidar_ros2/share/unitree_lidar_ros2/package.xml
[24.819s] Invoked command in '/home/ubuntu/unilidar_sdk2/unitree_lidar_ros2/build/unitree_lidar_ros2' returned '0': CMAKE_PREFIX_PATH=/opt/ros/humble _=/usr/bin/env /usr/bin/cmake --install /home/ubuntu/unilidar_sdk2/unitree_lidar_ros2/build/unitree_lidar_ros2
