The MPI test test_mpi for C in mode normal failed to compile with the following output:
Change Dir: /home/ubuntu/unilidar_sdk2/build/point_lio_unilidar/CMakeFiles/CMakeTmp

Run Build Command(s):/usr/bin/gmake -f Makefile cmTC_058b6/fast && /usr/bin/gmake  -f CMakeFiles/cmTC_058b6.dir/build.make CMakeFiles/cmTC_058b6.dir/build
gmake[1]: Entering directory '/home/ubuntu/unilidar_sdk2/build/point_lio_unilidar/CMakeFiles/CMakeTmp'
Building C object CMakeFiles/cmTC_058b6.dir/test_mpi.c.o
/usr/bin/cc  -isystem /usr/lib/x86_64-linux-gnu/openmpi/include/openmpi  -o CMakeFiles/cmTC_058b6.dir/test_mpi.c.o -c /usr/share/cmake-3.22/Modules/FindMPI/test_mpi.c
/usr/share/cmake-3.22/Modules/FindMPI/test_mpi.c:1:10: fatal error: mpi.h: No such file or directory
    1 | #include <mpi.h>
      |          ^~~~~~~
compilation terminated.
gmake[1]: *** [CMakeFiles/cmTC_058b6.dir/build.make:78: CMakeFiles/cmTC_058b6.dir/test_mpi.c.o] Error 1
gmake[1]: Leaving directory '/home/ubuntu/unilidar_sdk2/build/point_lio_unilidar/CMakeFiles/CMakeTmp'
gmake: *** [Makefile:127: cmTC_058b6/fast] Error 2



The MPI test test_mpi for C in mode normal failed to compile with the following output:
Change Dir: /home/ubuntu/unilidar_sdk2/build/point_lio_unilidar/CMakeFiles/CMakeTmp

Run Build Command(s):/usr/bin/gmake -f Makefile cmTC_83333/fast && /usr/bin/gmake  -f CMakeFiles/cmTC_83333.dir/build.make CMakeFiles/cmTC_83333.dir/build
gmake[1]: Entering directory '/home/ubuntu/unilidar_sdk2/build/point_lio_unilidar/CMakeFiles/CMakeTmp'
Building C object CMakeFiles/cmTC_83333.dir/test_mpi.c.o
/usr/bin/cc  -isystem /usr/lib/x86_64-linux-gnu/openmpi/include/openmpi  -o CMakeFiles/cmTC_83333.dir/test_mpi.c.o -c /usr/share/cmake-3.22/Modules/FindMPI/test_mpi.c
/usr/share/cmake-3.22/Modules/FindMPI/test_mpi.c:1:10: fatal error: mpi.h: No such file or directory
    1 | #include <mpi.h>
      |          ^~~~~~~
compilation terminated.
gmake[1]: *** [CMakeFiles/cmTC_83333.dir/build.make:78: CMakeFiles/cmTC_83333.dir/test_mpi.c.o] Error 1
gmake[1]: Leaving directory '/home/ubuntu/unilidar_sdk2/build/point_lio_unilidar/CMakeFiles/CMakeTmp'
gmake: *** [Makefile:127: cmTC_83333/fast] Error 2



The MPI test test_mpi for C in mode normal failed to compile with the following output:
Change Dir: /home/ubuntu/unilidar_sdk2/build/point_lio_unilidar/CMakeFiles/CMakeTmp

Run Build Command(s):/usr/bin/gmake -f Makefile cmTC_09b37/fast && /usr/bin/gmake  -f CMakeFiles/cmTC_09b37.dir/build.make CMakeFiles/cmTC_09b37.dir/build
gmake[1]: Entering directory '/home/ubuntu/unilidar_sdk2/build/point_lio_unilidar/CMakeFiles/CMakeTmp'
Building C object CMakeFiles/cmTC_09b37.dir/test_mpi.c.o
/usr/bin/cc  -isystem /usr/lib/x86_64-linux-gnu/openmpi/include/openmpi  -o CMakeFiles/cmTC_09b37.dir/test_mpi.c.o -c /usr/share/cmake-3.22/Modules/FindMPI/test_mpi.c
/usr/share/cmake-3.22/Modules/FindMPI/test_mpi.c:1:10: fatal error: mpi.h: No such file or directory
    1 | #include <mpi.h>
      |          ^~~~~~~
compilation terminated.
gmake[1]: *** [CMakeFiles/cmTC_09b37.dir/build.make:78: CMakeFiles/cmTC_09b37.dir/test_mpi.c.o] Error 1
gmake[1]: Leaving directory '/home/ubuntu/unilidar_sdk2/build/point_lio_unilidar/CMakeFiles/CMakeTmp'
gmake: *** [Makefile:127: cmTC_09b37/fast] Error 2



The MPI test test_mpi for C in mode normal failed to compile with the following output:
Change Dir: /home/ubuntu/unilidar_sdk2/build/point_lio_unilidar/CMakeFiles/CMakeTmp

Run Build Command(s):/usr/bin/gmake -f Makefile cmTC_70a94/fast && /usr/bin/gmake  -f CMakeFiles/cmTC_70a94.dir/build.make CMakeFiles/cmTC_70a94.dir/build
gmake[1]: Entering directory '/home/ubuntu/unilidar_sdk2/build/point_lio_unilidar/CMakeFiles/CMakeTmp'
Building C object CMakeFiles/cmTC_70a94.dir/test_mpi.c.o
/usr/bin/cc  -isystem /usr/lib/x86_64-linux-gnu/openmpi/include/openmpi  -o CMakeFiles/cmTC_70a94.dir/test_mpi.c.o -c /usr/share/cmake-3.22/Modules/FindMPI/test_mpi.c
/usr/share/cmake-3.22/Modules/FindMPI/test_mpi.c:1:10: fatal error: mpi.h: No such file or directory
    1 | #include <mpi.h>
      |          ^~~~~~~
compilation terminated.
gmake[1]: *** [CMakeFiles/cmTC_70a94.dir/build.make:78: CMakeFiles/cmTC_70a94.dir/test_mpi.c.o] Error 1
gmake[1]: Leaving directory '/home/ubuntu/unilidar_sdk2/build/point_lio_unilidar/CMakeFiles/CMakeTmp'
gmake: *** [Makefile:127: cmTC_70a94/fast] Error 2



The MPI test test_mpi for C in mode normal failed to compile with the following output:
Change Dir: /home/ubuntu/unilidar_sdk2/build/point_lio_unilidar/CMakeFiles/CMakeTmp

Run Build Command(s):/usr/bin/gmake -f Makefile cmTC_7e3d4/fast && /usr/bin/gmake  -f CMakeFiles/cmTC_7e3d4.dir/build.make CMakeFiles/cmTC_7e3d4.dir/build
gmake[1]: Entering directory '/home/ubuntu/unilidar_sdk2/build/point_lio_unilidar/CMakeFiles/CMakeTmp'
Building C object CMakeFiles/cmTC_7e3d4.dir/test_mpi.c.o
/usr/bin/cc  -isystem /usr/lib/x86_64-linux-gnu/openmpi/include/openmpi  -o CMakeFiles/cmTC_7e3d4.dir/test_mpi.c.o -c /usr/share/cmake-3.22/Modules/FindMPI/test_mpi.c
/usr/share/cmake-3.22/Modules/FindMPI/test_mpi.c:1:10: fatal error: mpi.h: No such file or directory
    1 | #include <mpi.h>
      |          ^~~~~~~
compilation terminated.
gmake[1]: *** [CMakeFiles/cmTC_7e3d4.dir/build.make:78: CMakeFiles/cmTC_7e3d4.dir/test_mpi.c.o] Error 1
gmake[1]: Leaving directory '/home/ubuntu/unilidar_sdk2/build/point_lio_unilidar/CMakeFiles/CMakeTmp'
gmake: *** [Makefile:127: cmTC_7e3d4/fast] Error 2



The MPI test test_mpi for C in mode normal failed to compile with the following output:
Change Dir: /home/ubuntu/unilidar_sdk2/build/point_lio_unilidar/CMakeFiles/CMakeTmp

Run Build Command(s):/usr/bin/gmake -f Makefile cmTC_e09cb/fast && gmake[1]: Entering directory '/home/ubuntu/unilidar_sdk2/build/point_lio_unilidar/CMakeFiles/CMakeTmp'
/usr/bin/gmake  -f CMakeFiles/cmTC_e09cb.dir/build.make CMakeFiles/cmTC_e09cb.dir/build
gmake[2]: Entering directory '/home/ubuntu/unilidar_sdk2/build/point_lio_unilidar/CMakeFiles/CMakeTmp'
Building C object CMakeFiles/cmTC_e09cb.dir/test_mpi.c.o
/usr/bin/cc  -isystem /usr/lib/x86_64-linux-gnu/openmpi/include/openmpi  -o CMakeFiles/cmTC_e09cb.dir/test_mpi.c.o -c /usr/share/cmake-3.22/Modules/FindMPI/test_mpi.c
/usr/share/cmake-3.22/Modules/FindMPI/test_mpi.c:1:10: fatal error: mpi.h: No such file or directory
    1 | #include <mpi.h>
      |          ^~~~~~~
compilation terminated.
gmake[2]: *** [CMakeFiles/cmTC_e09cb.dir/build.make:78: CMakeFiles/cmTC_e09cb.dir/test_mpi.c.o] Error 1
gmake[2]: Leaving directory '/home/ubuntu/unilidar_sdk2/build/point_lio_unilidar/CMakeFiles/CMakeTmp'
gmake[1]: *** [Makefile:127: cmTC_e09cb/fast] Error 2
gmake[1]: Leaving directory '/home/ubuntu/unilidar_sdk2/build/point_lio_unilidar/CMakeFiles/CMakeTmp'



The MPI test test_mpi for C in mode normal failed to compile with the following output:
Change Dir: /home/ubuntu/unilidar_sdk2/build/point_lio_unilidar/CMakeFiles/CMakeTmp

Run Build Command(s):/usr/bin/gmake -f Makefile cmTC_846a0/fast && gmake[1]: Entering directory '/home/ubuntu/unilidar_sdk2/build/point_lio_unilidar/CMakeFiles/CMakeTmp'
/usr/bin/gmake  -f CMakeFiles/cmTC_846a0.dir/build.make CMakeFiles/cmTC_846a0.dir/build
gmake[2]: Entering directory '/home/ubuntu/unilidar_sdk2/build/point_lio_unilidar/CMakeFiles/CMakeTmp'
Building C object CMakeFiles/cmTC_846a0.dir/test_mpi.c.o
/usr/bin/cc  -isystem /usr/lib/x86_64-linux-gnu/openmpi/include/openmpi  -o CMakeFiles/cmTC_846a0.dir/test_mpi.c.o -c /usr/share/cmake-3.22/Modules/FindMPI/test_mpi.c
/usr/share/cmake-3.22/Modules/FindMPI/test_mpi.c:1:10: fatal error: mpi.h: No such file or directory
    1 | #include <mpi.h>
      |          ^~~~~~~
compilation terminated.
gmake[2]: *** [CMakeFiles/cmTC_846a0.dir/build.make:78: CMakeFiles/cmTC_846a0.dir/test_mpi.c.o] Error 1
gmake[2]: Leaving directory '/home/ubuntu/unilidar_sdk2/build/point_lio_unilidar/CMakeFiles/CMakeTmp'
gmake[1]: *** [Makefile:127: cmTC_846a0/fast] Error 2
gmake[1]: Leaving directory '/home/ubuntu/unilidar_sdk2/build/point_lio_unilidar/CMakeFiles/CMakeTmp'



The MPI test test_mpi for C in mode normal failed to compile with the following output:
Change Dir: /home/ubuntu/unilidar_sdk2/build/point_lio_unilidar/CMakeFiles/CMakeTmp

Run Build Command(s):/usr/bin/gmake -f Makefile cmTC_05542/fast && gmake[1]: Entering directory '/home/ubuntu/unilidar_sdk2/build/point_lio_unilidar/CMakeFiles/CMakeTmp'
/usr/bin/gmake  -f CMakeFiles/cmTC_05542.dir/build.make CMakeFiles/cmTC_05542.dir/build
gmake[2]: Entering directory '/home/ubuntu/unilidar_sdk2/build/point_lio_unilidar/CMakeFiles/CMakeTmp'
Building C object CMakeFiles/cmTC_05542.dir/test_mpi.c.o
/usr/bin/cc  -isystem /usr/lib/x86_64-linux-gnu/openmpi/include/openmpi  -o CMakeFiles/cmTC_05542.dir/test_mpi.c.o -c /usr/share/cmake-3.22/Modules/FindMPI/test_mpi.c
/usr/share/cmake-3.22/Modules/FindMPI/test_mpi.c:1:10: fatal error: mpi.h: No such file or directory
    1 | #include <mpi.h>
      |          ^~~~~~~
compilation terminated.
gmake[2]: *** [CMakeFiles/cmTC_05542.dir/build.make:78: CMakeFiles/cmTC_05542.dir/test_mpi.c.o] Error 1
gmake[2]: Leaving directory '/home/ubuntu/unilidar_sdk2/build/point_lio_unilidar/CMakeFiles/CMakeTmp'
gmake[1]: *** [Makefile:127: cmTC_05542/fast] Error 2
gmake[1]: Leaving directory '/home/ubuntu/unilidar_sdk2/build/point_lio_unilidar/CMakeFiles/CMakeTmp'



The MPI test test_mpi for C in mode normal failed to compile with the following output:
Change Dir: /home/ubuntu/unilidar_sdk2/build/point_lio_unilidar/CMakeFiles/CMakeTmp

Run Build Command(s):/usr/bin/gmake -f Makefile cmTC_59f70/fast && gmake[1]: Entering directory '/home/ubuntu/unilidar_sdk2/build/point_lio_unilidar/CMakeFiles/CMakeTmp'
/usr/bin/gmake  -f CMakeFiles/cmTC_59f70.dir/build.make CMakeFiles/cmTC_59f70.dir/build
gmake[2]: Entering directory '/home/ubuntu/unilidar_sdk2/build/point_lio_unilidar/CMakeFiles/CMakeTmp'
Building C object CMakeFiles/cmTC_59f70.dir/test_mpi.c.o
/usr/bin/cc  -isystem /usr/lib/x86_64-linux-gnu/openmpi/include/openmpi  -o CMakeFiles/cmTC_59f70.dir/test_mpi.c.o -c /usr/share/cmake-3.22/Modules/FindMPI/test_mpi.c
/usr/share/cmake-3.22/Modules/FindMPI/test_mpi.c:1:10: fatal error: mpi.h: No such file or directory
    1 | #include <mpi.h>
      |          ^~~~~~~
compilation terminated.
gmake[2]: *** [CMakeFiles/cmTC_59f70.dir/build.make:78: CMakeFiles/cmTC_59f70.dir/test_mpi.c.o] Error 1
gmake[2]: Leaving directory '/home/ubuntu/unilidar_sdk2/build/point_lio_unilidar/CMakeFiles/CMakeTmp'
gmake[1]: *** [Makefile:127: cmTC_59f70/fast] Error 2
gmake[1]: Leaving directory '/home/ubuntu/unilidar_sdk2/build/point_lio_unilidar/CMakeFiles/CMakeTmp'



The MPI test test_mpi for C in mode normal failed to compile with the following output:
Change Dir: /home/ubuntu/unilidar_sdk2/build/point_lio_unilidar/CMakeFiles/CMakeTmp

Run Build Command(s):/usr/bin/gmake -f Makefile cmTC_7f8aa/fast && gmake[1]: Entering directory '/home/ubuntu/unilidar_sdk2/build/point_lio_unilidar/CMakeFiles/CMakeTmp'
/usr/bin/gmake  -f CMakeFiles/cmTC_7f8aa.dir/build.make CMakeFiles/cmTC_7f8aa.dir/build
gmake[2]: Entering directory '/home/ubuntu/unilidar_sdk2/build/point_lio_unilidar/CMakeFiles/CMakeTmp'
Building C object CMakeFiles/cmTC_7f8aa.dir/test_mpi.c.o
/usr/bin/cc  -isystem /usr/lib/x86_64-linux-gnu/openmpi/include/openmpi  -o CMakeFiles/cmTC_7f8aa.dir/test_mpi.c.o -c /usr/share/cmake-3.22/Modules/FindMPI/test_mpi.c
/usr/share/cmake-3.22/Modules/FindMPI/test_mpi.c:1:10: fatal error: mpi.h: No such file or directory
    1 | #include <mpi.h>
      |          ^~~~~~~
compilation terminated.
gmake[2]: *** [CMakeFiles/cmTC_7f8aa.dir/build.make:78: CMakeFiles/cmTC_7f8aa.dir/test_mpi.c.o] Error 1
gmake[2]: Leaving directory '/home/ubuntu/unilidar_sdk2/build/point_lio_unilidar/CMakeFiles/CMakeTmp'
gmake[1]: *** [Makefile:127: cmTC_7f8aa/fast] Error 2
gmake[1]: Leaving directory '/home/ubuntu/unilidar_sdk2/build/point_lio_unilidar/CMakeFiles/CMakeTmp'



