[0.020s] Invoking command in '/home/ubuntu/unilidar_sdk2/point_lio_unilidar-2.0.2/build/point_lio_unilidar': CMAKE_PREFIX_PATH=/opt/ros/humble _=/usr/bin/env /usr/bin/cmake --build /home/ubuntu/unilidar_sdk2/point_lio_unilidar-2.0.2/build/point_lio_unilidar -- -j12 -l12
[0.074s] Current CPU architecture: x86_64
[0.084s] Processor number: 12
[0.084s] core for MP: 4
[0.084s] -- Found ament_cmake: 1.3.14 (/opt/ros/humble/share/ament_cmake/cmake)
[0.324s] -- Found rclcpp: 16.0.19 (/opt/ros/humble/share/rclcpp/cmake)
[0.369s] -- Found rosidl_generator_c: 3.1.8 (/opt/ros/humble/share/rosidl_generator_c/cmake)
[0.373s] -- Found rosidl_adapter: 3.1.8 (/opt/ros/humble/share/rosidl_adapter/cmake)
[0.383s] -- Found rosidl_generator_cpp: 3.1.8 (/opt/ros/humble/share/rosidl_generator_cpp/cmake)
[0.402s] -- Using all available rosidl_typesupport_c: rosidl_typesupport_fastrtps_c;rosidl_typesupport_introspection_c
[0.422s] -- Using all available rosidl_typesupport_cpp: rosidl_typesupport_fastrtps_cpp;rosidl_typesupport_introspection_cpp
[0.475s] -- Found rmw_implementation_cmake: 6.1.2 (/opt/ros/humble/share/rmw_implementation_cmake/cmake)
[0.479s] -- Found rmw_fastrtps_cpp: 6.2.10 (/opt/ros/humble/share/rmw_fastrtps_cpp/cmake)
[0.641s] -- Using RMW implementation 'rmw_fastrtps_cpp' as default
[0.726s] -- Found sensor_msgs: 4.9.1 (/opt/ros/humble/share/sensor_msgs/cmake)
[0.770s] -- Found nav_msgs: 4.9.1 (/opt/ros/humble/share/nav_msgs/cmake)
[0.810s] -- Found visualization_msgs: 4.9.1 (/opt/ros/humble/share/visualization_msgs/cmake)
[0.838s] -- Found tf2: 0.25.20 (/opt/ros/humble/share/tf2/cmake)
[0.845s] -- Found tf2_ros: 0.25.20 (/opt/ros/humble/share/tf2_ros/cmake)
[0.963s] -- Found pcl_conversions: 2.4.5 (/opt/ros/humble/share/pcl_conversions/cmake)
[1.012s] -- Eigen found (include: /usr/include/eigen3, version: 3.4.0)
[1.062s] -- FLANN found (include: /usr/include, lib: /usr/lib/x86_64-linux-gnu/libflann_cpp.so)
[1.506s] -- OpenNI found (version: 1.5.4.0, include: /usr/include/ni, lib: /usr/lib/libOpenNI.so;libusb::libusb)
[1.518s] -- OpenNI2 found (version: 2.2.0.33, include: /usr/include/openni2, lib: /usr/lib/x86_64-linux-gnu/libOpenNI2.so;libusb::libusb)
[1.861s] -- Eigen found (include: /usr/include/eigen3, version: 3.4.0)
[1.873s] -- OpenNI found (version: 1.5.4.0, include: /usr/include/ni, lib: /usr/lib/libOpenNI.so;libusb::libusb)
[1.883s] -- OpenNI2 found (version: 2.2.0.33, include: /usr/include/openni2, lib: /usr/lib/x86_64-linux-gnu/libOpenNI2.so;libusb::libusb)
[2.216s] -- Found Qhull version 8.0.2
[2.530s] -- OpenNI found (version: 1.5.4.0, include: /usr/include/ni, lib: /usr/lib/libOpenNI.so;libusb::libusb)
[2.869s] CMake Warning (dev) at CMakeLists.txt:43 (find_package):
[2.869s]   Policy CMP0074 is not set: find_package uses <PackageName>_ROOT variables.
[2.869s]   Run "cmake --help-policy CMP0074" for policy details.  Use the cmake_policy
[2.869s]   command to set the policy and suppress this warning.
[2.869s] 
[2.870s]   CMake variable PCL_ROOT is set to:
[2.870s] 
[2.870s]     /usr
[2.871s] 
[2.871s]   For compatibility, CMake is ignoring the variable.
[2.871s] This warning is for project developers.  Use -Wno-dev to suppress it.
[2.871s] 
[3.023s] -- Configuring done
[3.102s] -- Generating done
[3.121s] -- Build files have been written to: /home/ubuntu/unilidar_sdk2/point_lio_unilidar-2.0.2/build/point_lio_unilidar
[3.234s] Consolidate compiler generated dependencies of target pointlio_mapping
[3.290s] [100%] Built target pointlio_mapping
[30.028s] Invoked command in '/home/ubuntu/unilidar_sdk2/point_lio_unilidar-2.0.2/build/point_lio_unilidar' returned '0': CMAKE_PREFIX_PATH=/opt/ros/humble _=/usr/bin/env /usr/bin/cmake --build /home/ubuntu/unilidar_sdk2/point_lio_unilidar-2.0.2/build/point_lio_unilidar -- -j12 -l12
[30.049s] Invoking command in '/home/ubuntu/unilidar_sdk2/point_lio_unilidar-2.0.2/build/point_lio_unilidar': CMAKE_PREFIX_PATH=/opt/ros/humble _=/usr/bin/env /usr/bin/cmake --install /home/ubuntu/unilidar_sdk2/point_lio_unilidar-2.0.2/build/point_lio_unilidar
[30.057s] -- Install configuration: "Release"
[30.059s] -- Up-to-date: /home/ubuntu/unilidar_sdk2/point_lio_unilidar-2.0.2/install/point_lio_unilidar/lib/point_lio_unilidar/pointlio_mapping
[30.059s] -- Up-to-date: /home/ubuntu/unilidar_sdk2/point_lio_unilidar-2.0.2/install/point_lio_unilidar/share/point_lio_unilidar/config
[30.060s] -- Installing: /home/ubuntu/unilidar_sdk2/point_lio_unilidar-2.0.2/install/point_lio_unilidar/share/point_lio_unilidar/config/velody16.yaml
[30.061s] -- Installing: /home/ubuntu/unilidar_sdk2/point_lio_unilidar-2.0.2/install/point_lio_unilidar/share/point_lio_unilidar/config/ouster64.yaml
[30.061s] -- Installing: /home/ubuntu/unilidar_sdk2/point_lio_unilidar-2.0.2/install/point_lio_unilidar/share/point_lio_unilidar/config/unilidar_l1.yaml
[30.062s] -- Installing: /home/ubuntu/unilidar_sdk2/point_lio_unilidar-2.0.2/install/point_lio_unilidar/share/point_lio_unilidar/config/unilidar_l2_ros2.yaml
[30.063s] -- Installing: /home/ubuntu/unilidar_sdk2/point_lio_unilidar-2.0.2/install/point_lio_unilidar/share/point_lio_unilidar/config/avia.yaml
[30.063s] -- Installing: /home/ubuntu/unilidar_sdk2/point_lio_unilidar-2.0.2/install/point_lio_unilidar/share/point_lio_unilidar/config/unilidar_l2.yaml
[30.064s] -- Installing: /home/ubuntu/unilidar_sdk2/point_lio_unilidar-2.0.2/install/point_lio_unilidar/share/point_lio_unilidar/config/horizon.yaml
[30.064s] -- Up-to-date: /home/ubuntu/unilidar_sdk2/point_lio_unilidar-2.0.2/install/point_lio_unilidar/share/point_lio_unilidar/launch
[30.065s] -- Installing: /home/ubuntu/unilidar_sdk2/point_lio_unilidar-2.0.2/install/point_lio_unilidar/share/point_lio_unilidar/launch/mapping_horizon.launch
[30.065s] -- Installing: /home/ubuntu/unilidar_sdk2/point_lio_unilidar-2.0.2/install/point_lio_unilidar/share/point_lio_unilidar/launch/mapping_unilidar_l1.launch
[30.065s] -- Installing: /home/ubuntu/unilidar_sdk2/point_lio_unilidar-2.0.2/install/point_lio_unilidar/share/point_lio_unilidar/launch/gdb_debug_example.launch
[30.066s] -- Installing: /home/ubuntu/unilidar_sdk2/point_lio_unilidar-2.0.2/install/point_lio_unilidar/share/point_lio_unilidar/launch/mapping_unilidar_l2.launch
[30.066s] -- Installing: /home/ubuntu/unilidar_sdk2/point_lio_unilidar-2.0.2/install/point_lio_unilidar/share/point_lio_unilidar/launch/mapping_unilidar_l2.py
[30.067s] -- Installing: /home/ubuntu/unilidar_sdk2/point_lio_unilidar-2.0.2/install/point_lio_unilidar/share/point_lio_unilidar/launch/mapping_ouster64.launch
[30.068s] -- Installing: /home/ubuntu/unilidar_sdk2/point_lio_unilidar-2.0.2/install/point_lio_unilidar/share/point_lio_unilidar/launch/mapping_avia.launch
[30.068s] -- Installing: /home/ubuntu/unilidar_sdk2/point_lio_unilidar-2.0.2/install/point_lio_unilidar/share/point_lio_unilidar/launch/mapping_velody16.launch
[30.068s] -- Up-to-date: /home/ubuntu/unilidar_sdk2/point_lio_unilidar-2.0.2/install/point_lio_unilidar/share/point_lio_unilidar/rviz_cfg
[30.069s] -- Installing: /home/ubuntu/unilidar_sdk2/point_lio_unilidar-2.0.2/install/point_lio_unilidar/share/point_lio_unilidar/rviz_cfg/loam_unilidar_display.rviz
[30.069s] -- Installing: /home/ubuntu/unilidar_sdk2/point_lio_unilidar-2.0.2/install/point_lio_unilidar/share/point_lio_unilidar/rviz_cfg/loam_livox.rviz
[30.069s] -- Installing: /home/ubuntu/unilidar_sdk2/point_lio_unilidar-2.0.2/install/point_lio_unilidar/share/point_lio_unilidar/rviz_cfg/.gitignore
[30.070s] -- Installing: /home/ubuntu/unilidar_sdk2/point_lio_unilidar-2.0.2/install/point_lio_unilidar/share/point_lio_unilidar/rviz_cfg/loam_unilidar_default.rviz
[30.072s] -- Up-to-date: /home/ubuntu/unilidar_sdk2/point_lio_unilidar-2.0.2/install/point_lio_unilidar/share/ament_index/resource_index/package_run_dependencies/point_lio_unilidar
[30.072s] -- Up-to-date: /home/ubuntu/unilidar_sdk2/point_lio_unilidar-2.0.2/install/point_lio_unilidar/share/ament_index/resource_index/parent_prefix_path/point_lio_unilidar
[30.072s] -- Installing: /home/ubuntu/unilidar_sdk2/point_lio_unilidar-2.0.2/install/point_lio_unilidar/share/point_lio_unilidar/environment/ament_prefix_path.sh
[30.073s] -- Installing: /home/ubuntu/unilidar_sdk2/point_lio_unilidar-2.0.2/install/point_lio_unilidar/share/point_lio_unilidar/environment/ament_prefix_path.dsv
[30.073s] -- Installing: /home/ubuntu/unilidar_sdk2/point_lio_unilidar-2.0.2/install/point_lio_unilidar/share/point_lio_unilidar/environment/path.sh
[30.073s] -- Installing: /home/ubuntu/unilidar_sdk2/point_lio_unilidar-2.0.2/install/point_lio_unilidar/share/point_lio_unilidar/environment/path.dsv
[30.073s] -- Up-to-date: /home/ubuntu/unilidar_sdk2/point_lio_unilidar-2.0.2/install/point_lio_unilidar/share/point_lio_unilidar/local_setup.bash
[30.073s] -- Up-to-date: /home/ubuntu/unilidar_sdk2/point_lio_unilidar-2.0.2/install/point_lio_unilidar/share/point_lio_unilidar/local_setup.sh
[30.073s] -- Up-to-date: /home/ubuntu/unilidar_sdk2/point_lio_unilidar-2.0.2/install/point_lio_unilidar/share/point_lio_unilidar/local_setup.zsh
[30.073s] -- Installing: /home/ubuntu/unilidar_sdk2/point_lio_unilidar-2.0.2/install/point_lio_unilidar/share/point_lio_unilidar/local_setup.dsv
[30.073s] -- Installing: /home/ubuntu/unilidar_sdk2/point_lio_unilidar-2.0.2/install/point_lio_unilidar/share/point_lio_unilidar/package.dsv
[30.073s] -- Up-to-date: /home/ubuntu/unilidar_sdk2/point_lio_unilidar-2.0.2/install/point_lio_unilidar/share/ament_index/resource_index/packages/point_lio_unilidar
[30.073s] -- Up-to-date: /home/ubuntu/unilidar_sdk2/point_lio_unilidar-2.0.2/install/point_lio_unilidar/share/point_lio_unilidar/cmake/point_lio_unilidarConfig.cmake
[30.073s] -- Up-to-date: /home/ubuntu/unilidar_sdk2/point_lio_unilidar-2.0.2/install/point_lio_unilidar/share/point_lio_unilidar/cmake/point_lio_unilidarConfig-version.cmake
[30.074s] -- Installing: /home/ubuntu/unilidar_sdk2/point_lio_unilidar-2.0.2/install/point_lio_unilidar/share/point_lio_unilidar/package.xml
[30.080s] Invoked command in '/home/ubuntu/unilidar_sdk2/point_lio_unilidar-2.0.2/build/point_lio_unilidar' returned '0': CMAKE_PREFIX_PATH=/opt/ros/humble _=/usr/bin/env /usr/bin/cmake --install /home/ubuntu/unilidar_sdk2/point_lio_unilidar-2.0.2/build/point_lio_unilidar
