[0.013s] Invoking command in '/home/ubuntu/unilidar_sdk2/patchwork-plusplus-ros/build/patchworkpp': CMAKE_PREFIX_PATH=/opt/ros/humble _=/usr/bin/env /usr/bin/cmake /home/ubuntu/unilidar_sdk2/patchwork-plusplus-ros -DCMAKE_INSTALL_PREFIX=/home/ubuntu/unilidar_sdk2/patchwork-plusplus-ros/install/patchworkpp
[0.093s] -- The C compiler identification is GNU 11.4.0
[0.174s] -- The CXX compiler identification is GNU 11.4.0
[0.184s] -- Detecting C compiler ABI info
[0.311s] -- Detecting C compiler ABI info - done
[0.329s] -- Check for working C compiler: /usr/bin/cc - skipped
[0.330s] -- Detecting C compile features
[0.330s] -- Detecting C compile features - done
[0.334s] -- Detecting CXX compiler ABI info
[0.446s] -- Detecting CXX compiler ABI info - done
[0.460s] -- Check for working CXX compiler: /usr/bin/c++ - skipped
[0.460s] -- Detecting CXX compile features
[0.461s] -- Detecting CXX compile features - done
[0.463s] -- Found ament_cmake: 1.3.14 (/opt/ros/humble/share/ament_cmake/cmake)
[0.680s] -- Found Python3: /usr/bin/python3 (found version "3.10.12") found components: Interpreter 
[0.810s] -- Found rclcpp: 16.0.19 (/opt/ros/humble/share/rclcpp/cmake)
[0.861s] -- Found rosidl_generator_c: 3.1.8 (/opt/ros/humble/share/rosidl_generator_c/cmake)
[0.867s] -- Found rosidl_adapter: 3.1.8 (/opt/ros/humble/share/rosidl_adapter/cmake)
[0.879s] -- Found rosidl_generator_cpp: 3.1.8 (/opt/ros/humble/share/rosidl_generator_cpp/cmake)
[0.896s] -- Using all available rosidl_typesupport_c: rosidl_typesupport_fastrtps_c;rosidl_typesupport_introspection_c
[0.921s] -- Using all available rosidl_typesupport_cpp: rosidl_typesupport_fastrtps_cpp;rosidl_typesupport_introspection_cpp
[0.979s] -- Found rmw_implementation_cmake: 6.1.2 (/opt/ros/humble/share/rmw_implementation_cmake/cmake)
[0.982s] -- Found rmw_fastrtps_cpp: 6.2.10 (/opt/ros/humble/share/rmw_fastrtps_cpp/cmake)
[1.117s] -- Found OpenSSL: /usr/lib/x86_64-linux-gnu/libcrypto.so (found version "3.0.2")  
[1.159s] -- Found FastRTPS: /opt/ros/humble/include  
[1.214s] -- Using RMW implementation 'rmw_fastrtps_cpp' as default
[1.224s] -- Looking for pthread.h
[1.336s] -- Looking for pthread.h - found
[1.336s] -- Performing Test CMAKE_HAVE_LIBC_PTHREAD
[1.465s] -- Performing Test CMAKE_HAVE_LIBC_PTHREAD - Success
[1.465s] -- Found Threads: TRUE  
[1.546s] -- Found sensor_msgs: 4.9.1 (/opt/ros/humble/share/sensor_msgs/cmake)
[1.592s] -- Found visualization_msgs: 4.9.1 (/opt/ros/humble/share/visualization_msgs/cmake)
[1.623s] -- Found pcl_conversions: 2.4.5 (/opt/ros/humble/share/pcl_conversions/cmake)
[1.678s] -- Checking for module 'eigen3'
[1.697s] --   Found eigen3, version 3.4.0
[1.751s] -- Found Eigen: /usr/include/eigen3 (Required is at least version "3.1") 
[1.752s] -- Eigen found (include: /usr/include/eigen3, version: 3.4.0)
[1.799s] -- Checking for module 'flann'
[1.822s] --   Found flann, version 1.9.1
[1.897s] -- Found FLANN: /usr/lib/x86_64-linux-gnu/libflann_cpp.so  
[1.897s] -- FLANN found (include: /usr/include, lib: /usr/lib/x86_64-linux-gnu/libflann_cpp.so)
[3.275s] -- Checking for module 'libusb-1.0'
[3.302s] --   Found libusb-1.0, version 1.0.25
[3.364s] -- Found libusb: /usr/lib/x86_64-linux-gnu/libusb-1.0.so  
[3.366s] -- OpenNI found (version: 1.5.4.0, include: /usr/include/ni, lib: /usr/lib/libOpenNI.so;libusb::libusb)
[3.468s] -- OpenNI2 found (version: 2.2.0.33, include: /usr/include/openni2, lib: /usr/lib/x86_64-linux-gnu/libOpenNI2.so;libusb::libusb)
[3.792s] -- Eigen found (include: /usr/include/eigen3, version: 3.4.0)
[3.802s] -- OpenNI found (version: 1.5.4.0, include: /usr/include/ni, lib: /usr/lib/libOpenNI.so;libusb::libusb)
[3.815s] -- OpenNI2 found (version: 2.2.0.33, include: /usr/include/openni2, lib: /usr/lib/x86_64-linux-gnu/libOpenNI2.so;libusb::libusb)
[4.135s] -- Found Qhull version 8.0.2
[4.456s] -- OpenNI found (version: 1.5.4.0, include: /usr/include/ni, lib: /usr/lib/libOpenNI.so;libusb::libusb)
[4.776s] -- Found PCL_COMMON: /usr/lib/x86_64-linux-gnu/libpcl_common.so  
[4.779s] -- Found PCL_KDTREE: /usr/lib/x86_64-linux-gnu/libpcl_kdtree.so  
[4.781s] -- Found PCL_OCTREE: /usr/lib/x86_64-linux-gnu/libpcl_octree.so  
[4.785s] -- Found PCL_SEARCH: /usr/lib/x86_64-linux-gnu/libpcl_search.so  
[4.789s] -- Found PCL_SAMPLE_CONSENSUS: /usr/lib/x86_64-linux-gnu/libpcl_sample_consensus.so  
[4.791s] -- Found PCL_FILTERS: /usr/lib/x86_64-linux-gnu/libpcl_filters.so  
[4.792s] -- Found PCL_2D: /usr/include/pcl-1.12  
[4.792s] -- Found PCL_GEOMETRY: /usr/include/pcl-1.12  
[4.794s] -- Found PCL_IO: /usr/lib/x86_64-linux-gnu/libpcl_io.so  
[4.797s] -- Found PCL_FEATURES: /usr/lib/x86_64-linux-gnu/libpcl_features.so  
[4.799s] -- Found PCL_ML: /usr/lib/x86_64-linux-gnu/libpcl_ml.so  
[4.802s] -- Found PCL_SEGMENTATION: /usr/lib/x86_64-linux-gnu/libpcl_segmentation.so  
[4.805s] -- Found PCL_VISUALIZATION: /usr/lib/x86_64-linux-gnu/libpcl_visualization.so  
[4.810s] -- Found PCL_SURFACE: /usr/lib/x86_64-linux-gnu/libpcl_surface.so  
[4.811s] -- Found PCL_REGISTRATION: /usr/lib/x86_64-linux-gnu/libpcl_registration.so  
[4.816s] -- Found PCL_KEYPOINTS: /usr/lib/x86_64-linux-gnu/libpcl_keypoints.so  
[4.817s] -- Found PCL_TRACKING: /usr/lib/x86_64-linux-gnu/libpcl_tracking.so  
[4.820s] -- Found PCL_RECOGNITION: /usr/lib/x86_64-linux-gnu/libpcl_recognition.so  
[4.822s] -- Found PCL_STEREO: /usr/lib/x86_64-linux-gnu/libpcl_stereo.so  
[4.825s] -- Found PCL_APPS: /usr/lib/x86_64-linux-gnu/libpcl_apps.so  
[4.826s] -- Found PCL_IN_HAND_SCANNER: /usr/include/pcl-1.12  
[4.827s] -- Found PCL_MODELER: /usr/include/pcl-1.12  
[4.828s] -- Found PCL_POINT_CLOUD_EDITOR: /usr/include/pcl-1.12  
[4.831s] -- Found PCL_OUTOFCORE: /usr/lib/x86_64-linux-gnu/libpcl_outofcore.so  
[4.834s] -- Found PCL_PEOPLE: /usr/lib/x86_64-linux-gnu/libpcl_people.so  
[4.837s] CMake Warning (dev) at CMakeLists.txt:18 (find_package):
[4.837s]   Policy CMP0074 is not set: find_package uses <PackageName>_ROOT variables.
[4.837s]   Run "cmake --help-policy CMP0074" for policy details.  Use the cmake_policy
[4.837s]   command to set the policy and suppress this warning.
[4.837s] 
[4.837s]   CMake variable PCL_ROOT is set to:
[4.837s] 
[4.837s]     /usr
[4.837s] 
[4.837s]   For compatibility, CMake is ignoring the variable.
[4.837s] This warning is for project developers.  Use -Wno-dev to suppress it.
[4.838s] 
[4.873s] -- Found OpenCV: /usr (found version "4.5.4") 
[4.877s] -- Found Boost: /usr/lib/x86_64-linux-gnu/cmake/Boost-1.74.0/BoostConfig.cmake (found version "1.74.0") found components: filesystem system 
[5.271s] -- Found OpenMP_C: -fopenmp (found version "4.5") 
[5.414s] -- Found OpenMP_CXX: -fopenmp (found version "4.5") 
[5.415s] -- Found OpenMP: TRUE (found version "4.5")  
[5.559s] -- Configuring done
[5.699s] -- Generating done
[5.767s] -- Build files have been written to: /home/ubuntu/unilidar_sdk2/patchwork-plusplus-ros/build/patchworkpp
[5.818s] Invoked command in '/home/ubuntu/unilidar_sdk2/patchwork-plusplus-ros/build/patchworkpp' returned '0': CMAKE_PREFIX_PATH=/opt/ros/humble _=/usr/bin/env /usr/bin/cmake /home/ubuntu/unilidar_sdk2/patchwork-plusplus-ros -DCMAKE_INSTALL_PREFIX=/home/ubuntu/unilidar_sdk2/patchwork-plusplus-ros/install/patchworkpp
[5.822s] Invoking command in '/home/ubuntu/unilidar_sdk2/patchwork-plusplus-ros/build/patchworkpp': CMAKE_PREFIX_PATH=/opt/ros/humble _=/usr/bin/env /usr/bin/cmake --build /home/ubuntu/unilidar_sdk2/patchwork-plusplus-ros/build/patchworkpp -- -j12 -l12
[5.921s] [ 16%] Building CXX object CMakeFiles/demo.dir/src/demo.cpp.o
[54.069s] [ 33%] Linking CXX executable demo
[55.070s] [ 33%] Built target demo
[55.101s] [ 50%] Building CXX object CMakeFiles/video.dir/src/video.cpp.o
[93.377s] [ 66%] Linking CXX executable video
[94.161s] [ 66%] Built target video
[94.197s] [ 83%] Building CXX object CMakeFiles/offline_kitti.dir/src/offline_kitti.cpp.o
[132.914s] [100%] Linking CXX executable offline_kitti
[133.675s] [100%] Built target offline_kitti
[133.691s] Invoked command in '/home/ubuntu/unilidar_sdk2/patchwork-plusplus-ros/build/patchworkpp' returned '0': CMAKE_PREFIX_PATH=/opt/ros/humble _=/usr/bin/env /usr/bin/cmake --build /home/ubuntu/unilidar_sdk2/patchwork-plusplus-ros/build/patchworkpp -- -j12 -l12
[133.706s] Invoking command in '/home/ubuntu/unilidar_sdk2/patchwork-plusplus-ros/build/patchworkpp': CMAKE_PREFIX_PATH=/opt/ros/humble _=/usr/bin/env /usr/bin/cmake --install /home/ubuntu/unilidar_sdk2/patchwork-plusplus-ros/build/patchworkpp
[133.719s] -- Install configuration: "Release"
[133.720s] -- Installing: /home/ubuntu/unilidar_sdk2/patchwork-plusplus-ros/install/patchworkpp/lib/patchworkpp/demo
[133.722s] -- Set runtime path of "/home/ubuntu/unilidar_sdk2/patchwork-plusplus-ros/install/patchworkpp/lib/patchworkpp/demo" to ""
[133.724s] -- Installing: /home/ubuntu/unilidar_sdk2/patchwork-plusplus-ros/install/patchworkpp/lib/patchworkpp/offline_kitti
[133.724s] -- Set runtime path of "/home/ubuntu/unilidar_sdk2/patchwork-plusplus-ros/install/patchworkpp/lib/patchworkpp/offline_kitti" to ""
[133.724s] -- Installing: /home/ubuntu/unilidar_sdk2/patchwork-plusplus-ros/install/patchworkpp/lib/patchworkpp/video
[133.727s] -- Set runtime path of "/home/ubuntu/unilidar_sdk2/patchwork-plusplus-ros/install/patchworkpp/lib/patchworkpp/video" to ""
[133.727s] -- Installing: /home/ubuntu/unilidar_sdk2/patchwork-plusplus-ros/install/patchworkpp/include/patchworkpp
[133.727s] -- Installing: /home/ubuntu/unilidar_sdk2/patchwork-plusplus-ros/install/patchworkpp/include/patchworkpp/utils.hpp
[133.727s] -- Installing: /home/ubuntu/unilidar_sdk2/patchwork-plusplus-ros/install/patchworkpp/include/patchworkpp/patchworkpp.hpp
[133.727s] -- Installing: /home/ubuntu/unilidar_sdk2/patchwork-plusplus-ros/install/patchworkpp/share/patchworkpp/launch
[133.727s] -- Installing: /home/ubuntu/unilidar_sdk2/patchwork-plusplus-ros/install/patchworkpp/share/patchworkpp/launch/demo.py
[133.729s] -- Installing: /home/ubuntu/unilidar_sdk2/patchwork-plusplus-ros/install/patchworkpp/share/patchworkpp/launch/video.py
[133.730s] -- Installing: /home/ubuntu/unilidar_sdk2/patchwork-plusplus-ros/install/patchworkpp/share/patchworkpp/launch/offline_kitti.py
[133.731s] -- Installing: /home/ubuntu/unilidar_sdk2/patchwork-plusplus-ros/install/patchworkpp/share/patchworkpp/config
[133.731s] -- Installing: /home/ubuntu/unilidar_sdk2/patchwork-plusplus-ros/install/patchworkpp/share/patchworkpp/config/params.yaml
[133.732s] -- Installing: /home/ubuntu/unilidar_sdk2/patchwork-plusplus-ros/install/patchworkpp/share/patchworkpp/rviz
[133.733s] -- Installing: /home/ubuntu/unilidar_sdk2/patchwork-plusplus-ros/install/patchworkpp/share/patchworkpp/rviz/demo.rviz
[133.733s] -- Installing: /home/ubuntu/unilidar_sdk2/patchwork-plusplus-ros/install/patchworkpp/share/patchworkpp/rviz/patchworkpp_viz.rviz
[133.736s] -- Installing: /home/ubuntu/unilidar_sdk2/patchwork-plusplus-ros/install/patchworkpp/share/ament_index/resource_index/package_run_dependencies/patchworkpp
[133.737s] -- Installing: /home/ubuntu/unilidar_sdk2/patchwork-plusplus-ros/install/patchworkpp/share/ament_index/resource_index/parent_prefix_path/patchworkpp
[133.737s] -- Installing: /home/ubuntu/unilidar_sdk2/patchwork-plusplus-ros/install/patchworkpp/share/patchworkpp/environment/ament_prefix_path.sh
[133.737s] -- Installing: /home/ubuntu/unilidar_sdk2/patchwork-plusplus-ros/install/patchworkpp/share/patchworkpp/environment/ament_prefix_path.dsv
[133.737s] -- Installing: /home/ubuntu/unilidar_sdk2/patchwork-plusplus-ros/install/patchworkpp/share/patchworkpp/environment/path.sh
[133.737s] -- Installing: /home/ubuntu/unilidar_sdk2/patchwork-plusplus-ros/install/patchworkpp/share/patchworkpp/environment/path.dsv
[133.737s] -- Installing: /home/ubuntu/unilidar_sdk2/patchwork-plusplus-ros/install/patchworkpp/share/patchworkpp/local_setup.bash
[133.737s] -- Installing: /home/ubuntu/unilidar_sdk2/patchwork-plusplus-ros/install/patchworkpp/share/patchworkpp/local_setup.sh
[133.737s] -- Installing: /home/ubuntu/unilidar_sdk2/patchwork-plusplus-ros/install/patchworkpp/share/patchworkpp/local_setup.zsh
[133.737s] -- Installing: /home/ubuntu/unilidar_sdk2/patchwork-plusplus-ros/install/patchworkpp/share/patchworkpp/local_setup.dsv
[133.737s] -- Installing: /home/ubuntu/unilidar_sdk2/patchwork-plusplus-ros/install/patchworkpp/share/patchworkpp/package.dsv
[133.737s] -- Installing: /home/ubuntu/unilidar_sdk2/patchwork-plusplus-ros/install/patchworkpp/share/ament_index/resource_index/packages/patchworkpp
[133.737s] -- Installing: /home/ubuntu/unilidar_sdk2/patchwork-plusplus-ros/install/patchworkpp/share/patchworkpp/cmake/patchworkppConfig.cmake
[133.737s] -- Installing: /home/ubuntu/unilidar_sdk2/patchwork-plusplus-ros/install/patchworkpp/share/patchworkpp/cmake/patchworkppConfig-version.cmake
[133.737s] -- Installing: /home/ubuntu/unilidar_sdk2/patchwork-plusplus-ros/install/patchworkpp/share/patchworkpp/package.xml
[150.111s] Invoked command in '/home/ubuntu/unilidar_sdk2/patchwork-plusplus-ros/build/patchworkpp' returned '0': CMAKE_PREFIX_PATH=/opt/ros/humble _=/usr/bin/env /usr/bin/cmake --install /home/ubuntu/unilidar_sdk2/patchwork-plusplus-ros/build/patchworkpp
