Consolidate compiler generated dependencies of target pointlio_mapping
[ 16%] Building CXX object CMakeFiles/pointlio_mapping.dir/src/laserMapping.cpp.o
In file included from /usr/include/boost/smart_ptr/detail/sp_thread_sleep.hpp:22,
                 from /usr/include/boost/smart_ptr/detail/yield_k.hpp:23,
                 from /usr/include/boost/smart_ptr/detail/spinlock_gcc_atomic.hpp:14,
                 from /usr/include/boost/smart_ptr/detail/spinlock.hpp:42,
                 from /usr/include/boost/smart_ptr/detail/spinlock_pool.hpp:25,
                 from /usr/include/boost/smart_ptr/shared_ptr.hpp:29,
                 from /usr/include/boost/shared_ptr.hpp:17,
                 from /usr/include/boost/date_time/microsec_time_clock.hpp:18,
                 from /usr/include/boost/interprocess/detail/posix_time_types_wrk.hpp:31,
                 from /usr/include/boost/interprocess/detail/os_thread_functions.hpp:36,
                 from /usr/include/boost/interprocess/sync/file_lock.hpp:26,
                 from /usr/include/pcl-1.12/pcl/io/pcd_io.h:46,
                 from /opt/ros/humble/include/pcl_conversions/pcl_conversions/pcl_conversions.h:73,
                 from /home/ubuntu/unilidar_sdk2/point_lio_unilidar-2.0.2/src/laserMapping.cpp:11:
/usr/include/boost/bind.hpp:36:1: note: ‘#pragma message: The practice of declaring the Bind placeholders (_1, _2, ...) in the global namespace is deprecated. Please use <boost/bind/bind.hpp> + using namespace boost::placeholders, or define BOOST_BIND_GLOBAL_PLACEHOLDERS to retain the current behavior.’
   36 | BOOST_PRAGMA_MESSAGE(
      | ^~~~~~~~~~~~~~~~~~~~
[ 33%] Building CXX object CMakeFiles/pointlio_mapping.dir/src/Estimator.cpp.o
In file included from /usr/include/boost/bind.hpp:30,
                 from /home/ubuntu/unilidar_sdk2/point_lio_unilidar-2.0.2/include/../include/IKFoM/IKFoM_toolkit/esekfom/esekfom.hpp:42,
                 from /home/ubuntu/unilidar_sdk2/point_lio_unilidar-2.0.2/src/Estimator.h:4,
                 from /home/ubuntu/unilidar_sdk2/point_lio_unilidar-2.0.2/src/Estimator.cpp:2:
/usr/include/boost/bind.hpp:36:1: note: ‘#pragma message: The practice of declaring the Bind placeholders (_1, _2, ...) in the global namespace is deprecated. Please use <boost/bind/bind.hpp> + using namespace boost::placeholders, or define BOOST_BIND_GLOBAL_PLACEHOLDERS to retain the current behavior.’
   36 | BOOST_PRAGMA_MESSAGE(
      | ^~~~~~~~~~~~~~~~~~~~
[ 50%] Building CXX object CMakeFiles/pointlio_mapping.dir/src/preprocess.cpp.o
[ 66%] Building CXX object CMakeFiles/pointlio_mapping.dir/src/parameters.cpp.o
[ 83%] Building CXX object CMakeFiles/pointlio_mapping.dir/include/ikd-Tree/ikd_Tree.cpp.o
[100%] Linking CXX executable pointlio_mapping
[100%] Built target pointlio_mapping
-- Install configuration: "Release"
-- Installing: /home/ubuntu/unilidar_sdk2/install/point_lio_unilidar/lib/point_lio_unilidar/pointlio_mapping
-- Set runtime path of "/home/ubuntu/unilidar_sdk2/install/point_lio_unilidar/lib/point_lio_unilidar/pointlio_mapping" to ""
-- Installing: /home/ubuntu/unilidar_sdk2/install/point_lio_unilidar/share/point_lio_unilidar/config
-- Installing: /home/ubuntu/unilidar_sdk2/install/point_lio_unilidar/share/point_lio_unilidar/config/velody16.yaml
-- Installing: /home/ubuntu/unilidar_sdk2/install/point_lio_unilidar/share/point_lio_unilidar/config/ouster64.yaml
-- Installing: /home/ubuntu/unilidar_sdk2/install/point_lio_unilidar/share/point_lio_unilidar/config/unilidar_l1.yaml
-- Installing: /home/ubuntu/unilidar_sdk2/install/point_lio_unilidar/share/point_lio_unilidar/config/unilidar_l2_ros2.yaml
-- Installing: /home/ubuntu/unilidar_sdk2/install/point_lio_unilidar/share/point_lio_unilidar/config/avia.yaml
-- Installing: /home/ubuntu/unilidar_sdk2/install/point_lio_unilidar/share/point_lio_unilidar/config/unilidar_l2.yaml
-- Installing: /home/ubuntu/unilidar_sdk2/install/point_lio_unilidar/share/point_lio_unilidar/config/horizon.yaml
-- Installing: /home/ubuntu/unilidar_sdk2/install/point_lio_unilidar/share/point_lio_unilidar/launch
-- Installing: /home/ubuntu/unilidar_sdk2/install/point_lio_unilidar/share/point_lio_unilidar/launch/mapping_horizon.launch
-- Installing: /home/ubuntu/unilidar_sdk2/install/point_lio_unilidar/share/point_lio_unilidar/launch/mapping_unilidar_l1.launch
-- Installing: /home/ubuntu/unilidar_sdk2/install/point_lio_unilidar/share/point_lio_unilidar/launch/gdb_debug_example.launch
-- Installing: /home/ubuntu/unilidar_sdk2/install/point_lio_unilidar/share/point_lio_unilidar/launch/mapping_unilidar_l2.launch
-- Installing: /home/ubuntu/unilidar_sdk2/install/point_lio_unilidar/share/point_lio_unilidar/launch/mapping_unilidar_l2.py
-- Installing: /home/ubuntu/unilidar_sdk2/install/point_lio_unilidar/share/point_lio_unilidar/launch/mapping_ouster64.launch
-- Installing: /home/ubuntu/unilidar_sdk2/install/point_lio_unilidar/share/point_lio_unilidar/launch/mapping_avia.launch
-- Installing: /home/ubuntu/unilidar_sdk2/install/point_lio_unilidar/share/point_lio_unilidar/launch/mapping_velody16.launch
-- Installing: /home/ubuntu/unilidar_sdk2/install/point_lio_unilidar/share/point_lio_unilidar/rviz_cfg
-- Installing: /home/ubuntu/unilidar_sdk2/install/point_lio_unilidar/share/point_lio_unilidar/rviz_cfg/loam_unilidar_display.rviz
-- Installing: /home/ubuntu/unilidar_sdk2/install/point_lio_unilidar/share/point_lio_unilidar/rviz_cfg/loam_livox.rviz
-- Installing: /home/ubuntu/unilidar_sdk2/install/point_lio_unilidar/share/point_lio_unilidar/rviz_cfg/.gitignore
-- Installing: /home/ubuntu/unilidar_sdk2/install/point_lio_unilidar/share/point_lio_unilidar/rviz_cfg/loam_unilidar_default.rviz
-- Installing: /home/ubuntu/unilidar_sdk2/install/point_lio_unilidar/share/ament_index/resource_index/package_run_dependencies/point_lio_unilidar
-- Installing: /home/ubuntu/unilidar_sdk2/install/point_lio_unilidar/share/ament_index/resource_index/parent_prefix_path/point_lio_unilidar
-- Installing: /home/ubuntu/unilidar_sdk2/install/point_lio_unilidar/share/point_lio_unilidar/environment/ament_prefix_path.sh
-- Installing: /home/ubuntu/unilidar_sdk2/install/point_lio_unilidar/share/point_lio_unilidar/environment/ament_prefix_path.dsv
-- Installing: /home/ubuntu/unilidar_sdk2/install/point_lio_unilidar/share/point_lio_unilidar/environment/path.sh
-- Installing: /home/ubuntu/unilidar_sdk2/install/point_lio_unilidar/share/point_lio_unilidar/environment/path.dsv
-- Installing: /home/ubuntu/unilidar_sdk2/install/point_lio_unilidar/share/point_lio_unilidar/local_setup.bash
-- Installing: /home/ubuntu/unilidar_sdk2/install/point_lio_unilidar/share/point_lio_unilidar/local_setup.sh
-- Installing: /home/ubuntu/unilidar_sdk2/install/point_lio_unilidar/share/point_lio_unilidar/local_setup.zsh
-- Installing: /home/ubuntu/unilidar_sdk2/install/point_lio_unilidar/share/point_lio_unilidar/local_setup.dsv
-- Installing: /home/ubuntu/unilidar_sdk2/install/point_lio_unilidar/share/point_lio_unilidar/package.dsv
-- Installing: /home/ubuntu/unilidar_sdk2/install/point_lio_unilidar/share/ament_index/resource_index/packages/point_lio_unilidar
-- Installing: /home/ubuntu/unilidar_sdk2/install/point_lio_unilidar/share/point_lio_unilidar/cmake/point_lio_unilidarConfig.cmake
-- Installing: /home/ubuntu/unilidar_sdk2/install/point_lio_unilidar/share/point_lio_unilidar/cmake/point_lio_unilidarConfig-version.cmake
-- Installing: /home/ubuntu/unilidar_sdk2/install/point_lio_unilidar/share/point_lio_unilidar/package.xml
