[0.021s] Invoking command in '/home/ubuntu/unilidar_sdk2/build/point_lio_unilidar': CMAKE_PREFIX_PATH=/opt/ros/humble _=/usr/bin/env /usr/bin/cmake --build /home/ubuntu/unilidar_sdk2/build/point_lio_unilidar -- -j12 -l12
[0.083s] Consolidate compiler generated dependencies of target pointlio_mapping
[0.114s] [ 16%] Building CXX object CMakeFiles/pointlio_mapping.dir/src/laserMapping.cpp.o
[10.660s] In file included from /usr/include/boost/smart_ptr/detail/sp_thread_sleep.hpp:22,
[10.660s]                  from /usr/include/boost/smart_ptr/detail/yield_k.hpp:23,
[10.660s]                  from /usr/include/boost/smart_ptr/detail/spinlock_gcc_atomic.hpp:14,
[10.660s]                  from /usr/include/boost/smart_ptr/detail/spinlock.hpp:42,
[10.660s]                  from /usr/include/boost/smart_ptr/detail/spinlock_pool.hpp:25,
[10.660s]                  from /usr/include/boost/smart_ptr/shared_ptr.hpp:29,
[10.660s]                  from /usr/include/boost/shared_ptr.hpp:17,
[10.661s]                  from /usr/include/boost/date_time/microsec_time_clock.hpp:18,
[10.661s]                  from /usr/include/boost/interprocess/detail/posix_time_types_wrk.hpp:31,
[10.661s]                  from /usr/include/boost/interprocess/detail/os_thread_functions.hpp:36,
[10.661s]                  from /usr/include/boost/interprocess/sync/file_lock.hpp:26,
[10.661s]                  from /usr/include/pcl-1.12/pcl/io/pcd_io.h:46,
[10.661s]                  from /opt/ros/humble/include/pcl_conversions/pcl_conversions/pcl_conversions.h:73,
[10.661s]                  from /home/ubuntu/unilidar_sdk2/point_lio_unilidar-2.0.2/src/laserMapping.cpp:11:
[10.661s] /usr/include/boost/bind.hpp:36:1: note: ‘#pragma message: The practice of declaring the Bind placeholders (_1, _2, ...) in the global namespace is deprecated. Please use <boost/bind/bind.hpp> + using namespace boost::placeholders, or define BOOST_BIND_GLOBAL_PLACEHOLDERS to retain the current behavior.’
[10.661s]    36 | BOOST_PRAGMA_MESSAGE(
[10.661s]       | ^~~~~~~~~~~~~~~~~~~~
[81.498s] [ 33%] Building CXX object CMakeFiles/pointlio_mapping.dir/src/Estimator.cpp.o
[84.549s] In file included from /usr/include/boost/bind.hpp:30,
[84.549s]                  from /home/ubuntu/unilidar_sdk2/point_lio_unilidar-2.0.2/include/../include/IKFoM/IKFoM_toolkit/esekfom/esekfom.hpp:42,
[84.549s]                  from /home/ubuntu/unilidar_sdk2/point_lio_unilidar-2.0.2/src/Estimator.h:4,
[84.550s]                  from /home/ubuntu/unilidar_sdk2/point_lio_unilidar-2.0.2/src/Estimator.cpp:2:
[84.550s] /usr/include/boost/bind.hpp:36:1: note: ‘#pragma message: The practice of declaring the Bind placeholders (_1, _2, ...) in the global namespace is deprecated. Please use <boost/bind/bind.hpp> + using namespace boost::placeholders, or define BOOST_BIND_GLOBAL_PLACEHOLDERS to retain the current behavior.’
[84.550s]    36 | BOOST_PRAGMA_MESSAGE(
[84.550s]       | ^~~~~~~~~~~~~~~~~~~~
[109.678s] [ 50%] Building CXX object CMakeFiles/pointlio_mapping.dir/src/preprocess.cpp.o
[121.534s] [ 66%] Building CXX object CMakeFiles/pointlio_mapping.dir/src/parameters.cpp.o
[131.921s] [ 83%] Building CXX object CMakeFiles/pointlio_mapping.dir/include/ikd-Tree/ikd_Tree.cpp.o
[138.786s] [100%] Linking CXX executable pointlio_mapping
[141.099s] [100%] Built target pointlio_mapping
[150.078s] Invoked command in '/home/ubuntu/unilidar_sdk2/build/point_lio_unilidar' returned '0': CMAKE_PREFIX_PATH=/opt/ros/humble _=/usr/bin/env /usr/bin/cmake --build /home/ubuntu/unilidar_sdk2/build/point_lio_unilidar -- -j12 -l12
[150.094s] Invoking command in '/home/ubuntu/unilidar_sdk2/build/point_lio_unilidar': CMAKE_PREFIX_PATH=/opt/ros/humble _=/usr/bin/env /usr/bin/cmake --install /home/ubuntu/unilidar_sdk2/build/point_lio_unilidar
[150.103s] -- Install configuration: "Release"
[150.103s] -- Installing: /home/ubuntu/unilidar_sdk2/install/point_lio_unilidar/lib/point_lio_unilidar/pointlio_mapping
[150.106s] -- Set runtime path of "/home/ubuntu/unilidar_sdk2/install/point_lio_unilidar/lib/point_lio_unilidar/pointlio_mapping" to ""
[150.106s] -- Installing: /home/ubuntu/unilidar_sdk2/install/point_lio_unilidar/share/point_lio_unilidar/config
[150.106s] -- Installing: /home/ubuntu/unilidar_sdk2/install/point_lio_unilidar/share/point_lio_unilidar/config/velody16.yaml
[150.106s] -- Installing: /home/ubuntu/unilidar_sdk2/install/point_lio_unilidar/share/point_lio_unilidar/config/ouster64.yaml
[150.106s] -- Installing: /home/ubuntu/unilidar_sdk2/install/point_lio_unilidar/share/point_lio_unilidar/config/unilidar_l1.yaml
[150.106s] -- Installing: /home/ubuntu/unilidar_sdk2/install/point_lio_unilidar/share/point_lio_unilidar/config/unilidar_l2_ros2.yaml
[150.106s] -- Installing: /home/ubuntu/unilidar_sdk2/install/point_lio_unilidar/share/point_lio_unilidar/config/avia.yaml
[150.107s] -- Installing: /home/ubuntu/unilidar_sdk2/install/point_lio_unilidar/share/point_lio_unilidar/config/unilidar_l2.yaml
[150.108s] -- Installing: /home/ubuntu/unilidar_sdk2/install/point_lio_unilidar/share/point_lio_unilidar/config/horizon.yaml
[150.108s] -- Installing: /home/ubuntu/unilidar_sdk2/install/point_lio_unilidar/share/point_lio_unilidar/launch
[150.108s] -- Installing: /home/ubuntu/unilidar_sdk2/install/point_lio_unilidar/share/point_lio_unilidar/launch/mapping_horizon.launch
[150.108s] -- Installing: /home/ubuntu/unilidar_sdk2/install/point_lio_unilidar/share/point_lio_unilidar/launch/mapping_unilidar_l1.launch
[150.108s] -- Installing: /home/ubuntu/unilidar_sdk2/install/point_lio_unilidar/share/point_lio_unilidar/launch/gdb_debug_example.launch
[150.108s] -- Installing: /home/ubuntu/unilidar_sdk2/install/point_lio_unilidar/share/point_lio_unilidar/launch/mapping_unilidar_l2.launch
[150.108s] -- Installing: /home/ubuntu/unilidar_sdk2/install/point_lio_unilidar/share/point_lio_unilidar/launch/mapping_unilidar_l2.py
[150.109s] -- Installing: /home/ubuntu/unilidar_sdk2/install/point_lio_unilidar/share/point_lio_unilidar/launch/mapping_ouster64.launch
[150.109s] -- Installing: /home/ubuntu/unilidar_sdk2/install/point_lio_unilidar/share/point_lio_unilidar/launch/mapping_avia.launch
[150.109s] -- Installing: /home/ubuntu/unilidar_sdk2/install/point_lio_unilidar/share/point_lio_unilidar/launch/mapping_velody16.launch
[150.109s] -- Installing: /home/ubuntu/unilidar_sdk2/install/point_lio_unilidar/share/point_lio_unilidar/rviz_cfg
[150.109s] -- Installing: /home/ubuntu/unilidar_sdk2/install/point_lio_unilidar/share/point_lio_unilidar/rviz_cfg/loam_unilidar_display.rviz
[150.109s] -- Installing: /home/ubuntu/unilidar_sdk2/install/point_lio_unilidar/share/point_lio_unilidar/rviz_cfg/loam_livox.rviz
[150.109s] -- Installing: /home/ubuntu/unilidar_sdk2/install/point_lio_unilidar/share/point_lio_unilidar/rviz_cfg/.gitignore
[150.109s] -- Installing: /home/ubuntu/unilidar_sdk2/install/point_lio_unilidar/share/point_lio_unilidar/rviz_cfg/loam_unilidar_default.rviz
[150.109s] -- Installing: /home/ubuntu/unilidar_sdk2/install/point_lio_unilidar/share/ament_index/resource_index/package_run_dependencies/point_lio_unilidar
[150.109s] -- Installing: /home/ubuntu/unilidar_sdk2/install/point_lio_unilidar/share/ament_index/resource_index/parent_prefix_path/point_lio_unilidar
[150.109s] -- Installing: /home/ubuntu/unilidar_sdk2/install/point_lio_unilidar/share/point_lio_unilidar/environment/ament_prefix_path.sh
[150.112s] -- Installing: /home/ubuntu/unilidar_sdk2/install/point_lio_unilidar/share/point_lio_unilidar/environment/ament_prefix_path.dsv
[150.113s] -- Installing: /home/ubuntu/unilidar_sdk2/install/point_lio_unilidar/share/point_lio_unilidar/environment/path.sh
[150.113s] -- Installing: /home/ubuntu/unilidar_sdk2/install/point_lio_unilidar/share/point_lio_unilidar/environment/path.dsv
[150.113s] -- Installing: /home/ubuntu/unilidar_sdk2/install/point_lio_unilidar/share/point_lio_unilidar/local_setup.bash
[150.114s] -- Installing: /home/ubuntu/unilidar_sdk2/install/point_lio_unilidar/share/point_lio_unilidar/local_setup.sh
[150.114s] -- Installing: /home/ubuntu/unilidar_sdk2/install/point_lio_unilidar/share/point_lio_unilidar/local_setup.zsh
[150.114s] -- Installing: /home/ubuntu/unilidar_sdk2/install/point_lio_unilidar/share/point_lio_unilidar/local_setup.dsv
[150.116s] -- Installing: /home/ubuntu/unilidar_sdk2/install/point_lio_unilidar/share/point_lio_unilidar/package.dsv
[150.116s] -- Installing: /home/ubuntu/unilidar_sdk2/install/point_lio_unilidar/share/ament_index/resource_index/packages/point_lio_unilidar
[150.116s] -- Installing: /home/ubuntu/unilidar_sdk2/install/point_lio_unilidar/share/point_lio_unilidar/cmake/point_lio_unilidarConfig.cmake
[150.116s] -- Installing: /home/ubuntu/unilidar_sdk2/install/point_lio_unilidar/share/point_lio_unilidar/cmake/point_lio_unilidarConfig-version.cmake
[150.116s] -- Installing: /home/ubuntu/unilidar_sdk2/install/point_lio_unilidar/share/point_lio_unilidar/package.xml
[150.120s] Invoked command in '/home/ubuntu/unilidar_sdk2/build/point_lio_unilidar' returned '0': CMAKE_PREFIX_PATH=/opt/ros/humble _=/usr/bin/env /usr/bin/cmake --install /home/ubuntu/unilidar_sdk2/build/point_lio_unilidar
