[0.018s] Invoking command in '/home/ubuntu/unilidar_sdk2/unitree_lidar_ros2/build/unitree_lidar_ros2': CMAKE_PREFIX_PATH=/opt/ros/humble _=/usr/bin/env /usr/bin/cmake --build /home/ubuntu/unilidar_sdk2/unitree_lidar_ros2/build/unitree_lidar_ros2 -- -j12 -l12
[0.109s] Consolidate compiler generated dependencies of target unitree_lidar_ros2_node
[0.149s] [ 50%] Building CXX object CMakeFiles/unitree_lidar_ros2_node.dir/src/unitree_lidar_ros2_node.cpp.o
[21.198s] [100%] Linking CXX executable unitree_lidar_ros2_node
[22.134s] [100%] Built target unitree_lidar_ros2_node
[22.146s] Invoked command in '/home/ubuntu/unilidar_sdk2/unitree_lidar_ros2/build/unitree_lidar_ros2' returned '0': CMAKE_PREFIX_PATH=/opt/ros/humble _=/usr/bin/env /usr/bin/cmake --build /home/ubuntu/unilidar_sdk2/unitree_lidar_ros2/build/unitree_lidar_ros2 -- -j12 -l12
[22.166s] Invoking command in '/home/ubuntu/unilidar_sdk2/unitree_lidar_ros2/build/unitree_lidar_ros2': CMAKE_PREFIX_PATH=/opt/ros/humble _=/usr/bin/env /usr/bin/cmake --install /home/ubuntu/unilidar_sdk2/unitree_lidar_ros2/build/unitree_lidar_ros2
[22.180s] -- Install configuration: ""
[22.180s] -- Installing: /home/ubuntu/unilidar_sdk2/unitree_lidar_ros2/install/unitree_lidar_ros2/lib/unitree_lidar_ros2/unitree_lidar_ros2_node
[22.181s] -- Set runtime path of "/home/ubuntu/unilidar_sdk2/unitree_lidar_ros2/install/unitree_lidar_ros2/lib/unitree_lidar_ros2/unitree_lidar_ros2_node" to ""
[22.182s] -- Up-to-date: /home/ubuntu/unilidar_sdk2/unitree_lidar_ros2/install/unitree_lidar_ros2/share/unitree_lidar_ros2/view.rviz
[22.183s] -- Installing: /home/ubuntu/unilidar_sdk2/unitree_lidar_ros2/install/unitree_lidar_ros2/share/unitree_lidar_ros2/launch.py
[22.183s] -- Up-to-date: /home/ubuntu/unilidar_sdk2/unitree_lidar_ros2/install/unitree_lidar_ros2/share/ament_index/resource_index/package_run_dependencies/unitree_lidar_ros2
[22.183s] -- Up-to-date: /home/ubuntu/unilidar_sdk2/unitree_lidar_ros2/install/unitree_lidar_ros2/share/ament_index/resource_index/parent_prefix_path/unitree_lidar_ros2
[22.183s] -- Up-to-date: /home/ubuntu/unilidar_sdk2/unitree_lidar_ros2/install/unitree_lidar_ros2/share/unitree_lidar_ros2/environment/ament_prefix_path.sh
[22.183s] -- Up-to-date: /home/ubuntu/unilidar_sdk2/unitree_lidar_ros2/install/unitree_lidar_ros2/share/unitree_lidar_ros2/environment/ament_prefix_path.dsv
[22.184s] -- Up-to-date: /home/ubuntu/unilidar_sdk2/unitree_lidar_ros2/install/unitree_lidar_ros2/share/unitree_lidar_ros2/environment/path.sh
[22.184s] -- Up-to-date: /home/ubuntu/unilidar_sdk2/unitree_lidar_ros2/install/unitree_lidar_ros2/share/unitree_lidar_ros2/environment/path.dsv
[22.184s] -- Up-to-date: /home/ubuntu/unilidar_sdk2/unitree_lidar_ros2/install/unitree_lidar_ros2/share/unitree_lidar_ros2/local_setup.bash
[22.184s] -- Up-to-date: /home/ubuntu/unilidar_sdk2/unitree_lidar_ros2/install/unitree_lidar_ros2/share/unitree_lidar_ros2/local_setup.sh
[22.184s] -- Up-to-date: /home/ubuntu/unilidar_sdk2/unitree_lidar_ros2/install/unitree_lidar_ros2/share/unitree_lidar_ros2/local_setup.zsh
[22.184s] -- Up-to-date: /home/ubuntu/unilidar_sdk2/unitree_lidar_ros2/install/unitree_lidar_ros2/share/unitree_lidar_ros2/local_setup.dsv
[22.184s] -- Installing: /home/ubuntu/unilidar_sdk2/unitree_lidar_ros2/install/unitree_lidar_ros2/share/unitree_lidar_ros2/package.dsv
[22.190s] -- Up-to-date: /home/ubuntu/unilidar_sdk2/unitree_lidar_ros2/install/unitree_lidar_ros2/share/ament_index/resource_index/packages/unitree_lidar_ros2
[22.190s] -- Up-to-date: /home/ubuntu/unilidar_sdk2/unitree_lidar_ros2/install/unitree_lidar_ros2/share/unitree_lidar_ros2/cmake/unitree_lidar_ros2Config.cmake
[22.190s] -- Up-to-date: /home/ubuntu/unilidar_sdk2/unitree_lidar_ros2/install/unitree_lidar_ros2/share/unitree_lidar_ros2/cmake/unitree_lidar_ros2Config-version.cmake
[22.190s] -- Up-to-date: /home/ubuntu/unilidar_sdk2/unitree_lidar_ros2/install/unitree_lidar_ros2/share/unitree_lidar_ros2/package.xml
[22.190s] Invoked command in '/home/ubuntu/unilidar_sdk2/unitree_lidar_ros2/build/unitree_lidar_ros2' returned '0': CMAKE_PREFIX_PATH=/opt/ros/humble _=/usr/bin/env /usr/bin/cmake --install /home/ubuntu/unilidar_sdk2/unitree_lidar_ros2/build/unitree_lidar_ros2
