[0.456s] DEBUG:colcon:Command line arguments: ['/usr/bin/colcon', 'build', '--packages-select', 'point_lio_unilidar']
[0.457s] DEBUG:colcon:Parsed command line arguments: Namespace(log_base=None, log_level=None, verb_name='build', build_base='build', install_base='install', merge_install=False, symlink_install=False, test_result_base=None, continue_on_error=False, executor='parallel', parallel_workers=12, event_handlers=None, ignore_user_meta=False, metas=['./colcon.meta'], base_paths=['.'], packages_ignore=None, packages_ignore_regex=None, paths=None, packages_up_to=None, packages_up_to_regex=None, packages_above=None, packages_above_and_dependencies=None, packages_above_depth=None, packages_select_by_dep=None, packages_skip_by_dep=None, packages_skip_up_to=None, packages_select_build_failed=False, packages_skip_build_finished=False, packages_select_test_failures=False, packages_skip_test_passed=False, packages_select=['point_lio_unilidar'], packages_skip=None, packages_select_regex=None, packages_skip_regex=None, packages_start=None, packages_end=None, allow_overriding=[], cmake_args=None, cmake_target=None, cmake_target_skip_unavailable=False, cmake_clean_cache=False, cmake_clean_first=False, cmake_force_configure=False, ament_cmake_args=None, catkin_cmake_args=None, catkin_skip_building_tests=False, verb_parser=<colcon_defaults.argument_parser.defaults.DefaultArgumentsDecorator object at 0x7e1da343b460>, verb_extension=<colcon_core.verb.build.BuildVerb object at 0x7e1da343af50>, main=<bound method BuildVerb.main of <colcon_core.verb.build.BuildVerb object at 0x7e1da343af50>>)
[0.895s] Level 1:colcon.colcon_core.package_discovery:discover_packages(colcon_meta) check parameters
[0.895s] Level 1:colcon.colcon_core.package_discovery:discover_packages(recursive) check parameters
[0.896s] Level 1:colcon.colcon_core.package_discovery:discover_packages(ignore) check parameters
[0.896s] Level 1:colcon.colcon_core.package_discovery:discover_packages(path) check parameters
[0.896s] Level 1:colcon.colcon_core.package_discovery:discover_packages(colcon_meta) discover
[0.896s] Level 1:colcon.colcon_core.package_discovery:discover_packages(recursive) discover
[0.896s] INFO:colcon.colcon_core.package_discovery:Crawling recursively for packages in '/home/ubuntu/unilidar_sdk2'
[0.896s] Level 1:colcon.colcon_core.package_identification:_identify(.) by extensions ['ignore', 'ignore_ament_install']
[0.896s] Level 1:colcon.colcon_core.package_identification:_identify(.) by extension 'ignore'
[0.896s] Level 1:colcon.colcon_core.package_identification:_identify(.) by extension 'ignore_ament_install'
[0.896s] Level 1:colcon.colcon_core.package_identification:_identify(.) by extensions ['colcon_pkg']
[0.896s] Level 1:colcon.colcon_core.package_identification:_identify(.) by extension 'colcon_pkg'
[0.896s] Level 1:colcon.colcon_core.package_identification:_identify(.) by extensions ['colcon_meta']
[0.896s] Level 1:colcon.colcon_core.package_identification:_identify(.) by extension 'colcon_meta'
[0.896s] Level 1:colcon.colcon_core.package_identification:_identify(.) by extensions ['ros']
[0.896s] Level 1:colcon.colcon_core.package_identification:_identify(.) by extension 'ros'
[0.920s] Level 1:colcon.colcon_core.package_identification:_identify(.) by extensions ['cmake', 'python']
[0.920s] Level 1:colcon.colcon_core.package_identification:_identify(.) by extension 'cmake'
[0.920s] Level 1:colcon.colcon_core.package_identification:_identify(.) by extension 'python'
[0.920s] Level 1:colcon.colcon_core.package_identification:_identify(.) by extensions ['python_setup_py']
[0.920s] Level 1:colcon.colcon_core.package_identification:_identify(.) by extension 'python_setup_py'
[0.920s] Level 1:colcon.colcon_core.package_identification:_identify(build) by extensions ['ignore', 'ignore_ament_install']
[0.920s] Level 1:colcon.colcon_core.package_identification:_identify(build) by extension 'ignore'
[0.920s] Level 1:colcon.colcon_core.package_identification:_identify(build) ignored
[0.921s] Level 1:colcon.colcon_core.package_identification:_identify(docs) by extensions ['ignore', 'ignore_ament_install']
[0.921s] Level 1:colcon.colcon_core.package_identification:_identify(docs) by extension 'ignore'
[0.921s] Level 1:colcon.colcon_core.package_identification:_identify(docs) by extension 'ignore_ament_install'
[0.921s] Level 1:colcon.colcon_core.package_identification:_identify(docs) by extensions ['colcon_pkg']
[0.921s] Level 1:colcon.colcon_core.package_identification:_identify(docs) by extension 'colcon_pkg'
[0.921s] Level 1:colcon.colcon_core.package_identification:_identify(docs) by extensions ['colcon_meta']
[0.921s] Level 1:colcon.colcon_core.package_identification:_identify(docs) by extension 'colcon_meta'
[0.921s] Level 1:colcon.colcon_core.package_identification:_identify(docs) by extensions ['ros']
[0.921s] Level 1:colcon.colcon_core.package_identification:_identify(docs) by extension 'ros'
[0.921s] Level 1:colcon.colcon_core.package_identification:_identify(docs) by extensions ['cmake', 'python']
[0.921s] Level 1:colcon.colcon_core.package_identification:_identify(docs) by extension 'cmake'
[0.921s] Level 1:colcon.colcon_core.package_identification:_identify(docs) by extension 'python'
[0.921s] Level 1:colcon.colcon_core.package_identification:_identify(docs) by extensions ['python_setup_py']
[0.921s] Level 1:colcon.colcon_core.package_identification:_identify(docs) by extension 'python_setup_py'
[0.922s] Level 1:colcon.colcon_core.package_identification:_identify(install) by extensions ['ignore', 'ignore_ament_install']
[0.922s] Level 1:colcon.colcon_core.package_identification:_identify(install) by extension 'ignore'
[0.922s] Level 1:colcon.colcon_core.package_identification:_identify(install) ignored
[0.922s] Level 1:colcon.colcon_core.package_identification:_identify(log) by extensions ['ignore', 'ignore_ament_install']
[0.922s] Level 1:colcon.colcon_core.package_identification:_identify(log) by extension 'ignore'
[0.922s] Level 1:colcon.colcon_core.package_identification:_identify(log) ignored
[0.922s] Level 1:colcon.colcon_core.package_identification:_identify(point_lio_unilidar-2.0.2) by extensions ['ignore', 'ignore_ament_install']
[0.922s] Level 1:colcon.colcon_core.package_identification:_identify(point_lio_unilidar-2.0.2) by extension 'ignore'
[0.922s] Level 1:colcon.colcon_core.package_identification:_identify(point_lio_unilidar-2.0.2) by extension 'ignore_ament_install'
[0.922s] Level 1:colcon.colcon_core.package_identification:_identify(point_lio_unilidar-2.0.2) by extensions ['colcon_pkg']
[0.922s] Level 1:colcon.colcon_core.package_identification:_identify(point_lio_unilidar-2.0.2) by extension 'colcon_pkg'
[0.922s] Level 1:colcon.colcon_core.package_identification:_identify(point_lio_unilidar-2.0.2) by extensions ['colcon_meta']
[0.922s] Level 1:colcon.colcon_core.package_identification:_identify(point_lio_unilidar-2.0.2) by extension 'colcon_meta'
[0.923s] Level 1:colcon.colcon_core.package_identification:_identify(point_lio_unilidar-2.0.2) by extensions ['ros']
[0.923s] Level 1:colcon.colcon_core.package_identification:_identify(point_lio_unilidar-2.0.2) by extension 'ros'
[0.930s] DEBUG:colcon.colcon_core.package_identification:Package 'point_lio_unilidar-2.0.2' with type 'ros.ament_cmake' and name 'point_lio_unilidar'
[0.930s] Level 1:colcon.colcon_core.package_identification:_identify(unitree_lidar_ros) by extensions ['ignore', 'ignore_ament_install']
[0.931s] Level 1:colcon.colcon_core.package_identification:_identify(unitree_lidar_ros) by extension 'ignore'
[0.931s] Level 1:colcon.colcon_core.package_identification:_identify(unitree_lidar_ros) by extension 'ignore_ament_install'
[0.931s] Level 1:colcon.colcon_core.package_identification:_identify(unitree_lidar_ros) by extensions ['colcon_pkg']
[0.931s] Level 1:colcon.colcon_core.package_identification:_identify(unitree_lidar_ros) by extension 'colcon_pkg'
[0.931s] Level 1:colcon.colcon_core.package_identification:_identify(unitree_lidar_ros) by extensions ['colcon_meta']
[0.931s] Level 1:colcon.colcon_core.package_identification:_identify(unitree_lidar_ros) by extension 'colcon_meta'
[0.931s] Level 1:colcon.colcon_core.package_identification:_identify(unitree_lidar_ros) by extensions ['ros']
[0.931s] Level 1:colcon.colcon_core.package_identification:_identify(unitree_lidar_ros) by extension 'ros'
[0.931s] Level 1:colcon.colcon_core.package_identification:_identify(unitree_lidar_ros) by extensions ['cmake', 'python']
[0.931s] Level 1:colcon.colcon_core.package_identification:_identify(unitree_lidar_ros) by extension 'cmake'
[0.931s] Level 1:colcon.colcon_core.package_identification:_identify(unitree_lidar_ros) by extension 'python'
[0.931s] Level 1:colcon.colcon_core.package_identification:_identify(unitree_lidar_ros) by extensions ['python_setup_py']
[0.931s] Level 1:colcon.colcon_core.package_identification:_identify(unitree_lidar_ros) by extension 'python_setup_py'
[0.931s] Level 1:colcon.colcon_core.package_identification:_identify(unitree_lidar_ros/src) by extensions ['ignore', 'ignore_ament_install']
[0.932s] Level 1:colcon.colcon_core.package_identification:_identify(unitree_lidar_ros/src) by extension 'ignore'
[0.932s] Level 1:colcon.colcon_core.package_identification:_identify(unitree_lidar_ros/src) by extension 'ignore_ament_install'
[0.932s] Level 1:colcon.colcon_core.package_identification:_identify(unitree_lidar_ros/src) by extensions ['colcon_pkg']
[0.932s] Level 1:colcon.colcon_core.package_identification:_identify(unitree_lidar_ros/src) by extension 'colcon_pkg'
[0.932s] Level 1:colcon.colcon_core.package_identification:_identify(unitree_lidar_ros/src) by extensions ['colcon_meta']
[0.932s] Level 1:colcon.colcon_core.package_identification:_identify(unitree_lidar_ros/src) by extension 'colcon_meta'
[0.932s] Level 1:colcon.colcon_core.package_identification:_identify(unitree_lidar_ros/src) by extensions ['ros']
[0.932s] Level 1:colcon.colcon_core.package_identification:_identify(unitree_lidar_ros/src) by extension 'ros'
[0.932s] Level 1:colcon.colcon_core.package_identification:_identify(unitree_lidar_ros/src) by extensions ['cmake', 'python']
[0.932s] Level 1:colcon.colcon_core.package_identification:_identify(unitree_lidar_ros/src) by extension 'cmake'
[0.932s] Level 1:colcon.colcon_core.package_identification:_identify(unitree_lidar_ros/src) by extension 'python'
[0.932s] Level 1:colcon.colcon_core.package_identification:_identify(unitree_lidar_ros/src) by extensions ['python_setup_py']
[0.932s] Level 1:colcon.colcon_core.package_identification:_identify(unitree_lidar_ros/src) by extension 'python_setup_py'
[0.932s] Level 1:colcon.colcon_core.package_identification:_identify(unitree_lidar_ros/src/unitree_lidar_ros) by extensions ['ignore', 'ignore_ament_install']
[0.933s] Level 1:colcon.colcon_core.package_identification:_identify(unitree_lidar_ros/src/unitree_lidar_ros) by extension 'ignore'
[0.933s] Level 1:colcon.colcon_core.package_identification:_identify(unitree_lidar_ros/src/unitree_lidar_ros) by extension 'ignore_ament_install'
[0.933s] Level 1:colcon.colcon_core.package_identification:_identify(unitree_lidar_ros/src/unitree_lidar_ros) by extensions ['colcon_pkg']
[0.933s] Level 1:colcon.colcon_core.package_identification:_identify(unitree_lidar_ros/src/unitree_lidar_ros) by extension 'colcon_pkg'
[0.933s] Level 1:colcon.colcon_core.package_identification:_identify(unitree_lidar_ros/src/unitree_lidar_ros) by extensions ['colcon_meta']
[0.933s] Level 1:colcon.colcon_core.package_identification:_identify(unitree_lidar_ros/src/unitree_lidar_ros) by extension 'colcon_meta'
[0.933s] Level 1:colcon.colcon_core.package_identification:_identify(unitree_lidar_ros/src/unitree_lidar_ros) by extensions ['ros']
[0.933s] Level 1:colcon.colcon_core.package_identification:_identify(unitree_lidar_ros/src/unitree_lidar_ros) by extension 'ros'
[0.935s] DEBUG:colcon.colcon_core.package_identification:Package 'unitree_lidar_ros/src/unitree_lidar_ros' with type 'ros.catkin' and name 'unitree_lidar_ros'
[0.935s] Level 1:colcon.colcon_core.package_identification:_identify(unitree_lidar_ros2) by extensions ['ignore', 'ignore_ament_install']
[0.935s] Level 1:colcon.colcon_core.package_identification:_identify(unitree_lidar_ros2) by extension 'ignore'
[0.935s] Level 1:colcon.colcon_core.package_identification:_identify(unitree_lidar_ros2) by extension 'ignore_ament_install'
[0.935s] Level 1:colcon.colcon_core.package_identification:_identify(unitree_lidar_ros2) by extensions ['colcon_pkg']
[0.935s] Level 1:colcon.colcon_core.package_identification:_identify(unitree_lidar_ros2) by extension 'colcon_pkg'
[0.935s] Level 1:colcon.colcon_core.package_identification:_identify(unitree_lidar_ros2) by extensions ['colcon_meta']
[0.936s] Level 1:colcon.colcon_core.package_identification:_identify(unitree_lidar_ros2) by extension 'colcon_meta'
[0.936s] Level 1:colcon.colcon_core.package_identification:_identify(unitree_lidar_ros2) by extensions ['ros']
[0.936s] Level 1:colcon.colcon_core.package_identification:_identify(unitree_lidar_ros2) by extension 'ros'
[0.936s] Level 1:colcon.colcon_core.package_identification:_identify(unitree_lidar_ros2) by extensions ['cmake', 'python']
[0.936s] Level 1:colcon.colcon_core.package_identification:_identify(unitree_lidar_ros2) by extension 'cmake'
[0.936s] Level 1:colcon.colcon_core.package_identification:_identify(unitree_lidar_ros2) by extension 'python'
[0.936s] Level 1:colcon.colcon_core.package_identification:_identify(unitree_lidar_ros2) by extensions ['python_setup_py']
[0.936s] Level 1:colcon.colcon_core.package_identification:_identify(unitree_lidar_ros2) by extension 'python_setup_py'
[0.936s] Level 1:colcon.colcon_core.package_identification:_identify(unitree_lidar_ros2/build) by extensions ['ignore', 'ignore_ament_install']
[0.936s] Level 1:colcon.colcon_core.package_identification:_identify(unitree_lidar_ros2/build) by extension 'ignore'
[0.936s] Level 1:colcon.colcon_core.package_identification:_identify(unitree_lidar_ros2/build) ignored
[0.936s] Level 1:colcon.colcon_core.package_identification:_identify(unitree_lidar_ros2/install) by extensions ['ignore', 'ignore_ament_install']
[0.937s] Level 1:colcon.colcon_core.package_identification:_identify(unitree_lidar_ros2/install) by extension 'ignore'
[0.937s] Level 1:colcon.colcon_core.package_identification:_identify(unitree_lidar_ros2/install) ignored
[0.937s] Level 1:colcon.colcon_core.package_identification:_identify(unitree_lidar_ros2/log) by extensions ['ignore', 'ignore_ament_install']
[0.937s] Level 1:colcon.colcon_core.package_identification:_identify(unitree_lidar_ros2/log) by extension 'ignore'
[0.937s] Level 1:colcon.colcon_core.package_identification:_identify(unitree_lidar_ros2/log) ignored
[0.937s] Level 1:colcon.colcon_core.package_identification:_identify(unitree_lidar_ros2/src) by extensions ['ignore', 'ignore_ament_install']
[0.937s] Level 1:colcon.colcon_core.package_identification:_identify(unitree_lidar_ros2/src) by extension 'ignore'
[0.937s] Level 1:colcon.colcon_core.package_identification:_identify(unitree_lidar_ros2/src) by extension 'ignore_ament_install'
[0.937s] Level 1:colcon.colcon_core.package_identification:_identify(unitree_lidar_ros2/src) by extensions ['colcon_pkg']
[0.937s] Level 1:colcon.colcon_core.package_identification:_identify(unitree_lidar_ros2/src) by extension 'colcon_pkg'
[0.937s] Level 1:colcon.colcon_core.package_identification:_identify(unitree_lidar_ros2/src) by extensions ['colcon_meta']
[0.937s] Level 1:colcon.colcon_core.package_identification:_identify(unitree_lidar_ros2/src) by extension 'colcon_meta'
[0.937s] Level 1:colcon.colcon_core.package_identification:_identify(unitree_lidar_ros2/src) by extensions ['ros']
[0.938s] Level 1:colcon.colcon_core.package_identification:_identify(unitree_lidar_ros2/src) by extension 'ros'
[0.938s] Level 1:colcon.colcon_core.package_identification:_identify(unitree_lidar_ros2/src) by extensions ['cmake', 'python']
[0.938s] Level 1:colcon.colcon_core.package_identification:_identify(unitree_lidar_ros2/src) by extension 'cmake'
[0.938s] Level 1:colcon.colcon_core.package_identification:_identify(unitree_lidar_ros2/src) by extension 'python'
[0.938s] Level 1:colcon.colcon_core.package_identification:_identify(unitree_lidar_ros2/src) by extensions ['python_setup_py']
[0.938s] Level 1:colcon.colcon_core.package_identification:_identify(unitree_lidar_ros2/src) by extension 'python_setup_py'
[0.938s] Level 1:colcon.colcon_core.package_identification:_identify(unitree_lidar_ros2/src/unitree_lidar_ros2) by extensions ['ignore', 'ignore_ament_install']
[0.938s] Level 1:colcon.colcon_core.package_identification:_identify(unitree_lidar_ros2/src/unitree_lidar_ros2) by extension 'ignore'
[0.938s] Level 1:colcon.colcon_core.package_identification:_identify(unitree_lidar_ros2/src/unitree_lidar_ros2) by extension 'ignore_ament_install'
[0.938s] Level 1:colcon.colcon_core.package_identification:_identify(unitree_lidar_ros2/src/unitree_lidar_ros2) by extensions ['colcon_pkg']
[0.938s] Level 1:colcon.colcon_core.package_identification:_identify(unitree_lidar_ros2/src/unitree_lidar_ros2) by extension 'colcon_pkg'
[0.938s] Level 1:colcon.colcon_core.package_identification:_identify(unitree_lidar_ros2/src/unitree_lidar_ros2) by extensions ['colcon_meta']
[0.939s] Level 1:colcon.colcon_core.package_identification:_identify(unitree_lidar_ros2/src/unitree_lidar_ros2) by extension 'colcon_meta'
[0.939s] Level 1:colcon.colcon_core.package_identification:_identify(unitree_lidar_ros2/src/unitree_lidar_ros2) by extensions ['ros']
[0.939s] Level 1:colcon.colcon_core.package_identification:_identify(unitree_lidar_ros2/src/unitree_lidar_ros2) by extension 'ros'
[0.940s] DEBUG:colcon.colcon_core.package_identification:Package 'unitree_lidar_ros2/src/unitree_lidar_ros2' with type 'ros.ament_cmake' and name 'unitree_lidar_ros2'
[0.941s] Level 1:colcon.colcon_core.package_identification:_identify(unitree_lidar_sdk) by extensions ['ignore', 'ignore_ament_install']
[0.941s] Level 1:colcon.colcon_core.package_identification:_identify(unitree_lidar_sdk) by extension 'ignore'
[0.941s] Level 1:colcon.colcon_core.package_identification:_identify(unitree_lidar_sdk) by extension 'ignore_ament_install'
[0.941s] Level 1:colcon.colcon_core.package_identification:_identify(unitree_lidar_sdk) by extensions ['colcon_pkg']
[0.941s] Level 1:colcon.colcon_core.package_identification:_identify(unitree_lidar_sdk) by extension 'colcon_pkg'
[0.941s] Level 1:colcon.colcon_core.package_identification:_identify(unitree_lidar_sdk) by extensions ['colcon_meta']
[0.941s] Level 1:colcon.colcon_core.package_identification:_identify(unitree_lidar_sdk) by extension 'colcon_meta'
[0.941s] Level 1:colcon.colcon_core.package_identification:_identify(unitree_lidar_sdk) by extensions ['ros']
[0.941s] Level 1:colcon.colcon_core.package_identification:_identify(unitree_lidar_sdk) by extension 'ros'
[0.941s] Level 1:colcon.colcon_core.package_identification:_identify(unitree_lidar_sdk) by extensions ['cmake', 'python']
[0.941s] Level 1:colcon.colcon_core.package_identification:_identify(unitree_lidar_sdk) by extension 'cmake'
[0.951s] Level 1:colcon.colcon_core.package_identification:_identify(unitree_lidar_sdk) by extension 'python'
[0.951s] DEBUG:colcon.colcon_core.package_identification:Package 'unitree_lidar_sdk' with type 'cmake' and name 'unitree_lidar_sdk'
[0.951s] Level 1:colcon.colcon_core.package_discovery:discover_packages(recursive) using defaults
[0.951s] Level 1:colcon.colcon_core.package_discovery:discover_packages(ignore) discover
[0.951s] Level 1:colcon.colcon_core.package_discovery:discover_packages(ignore) using defaults
[0.951s] Level 1:colcon.colcon_core.package_discovery:discover_packages(path) discover
[0.951s] Level 1:colcon.colcon_core.package_discovery:discover_packages(path) using defaults
[1.002s] INFO:colcon.colcon_core.package_selection:Skipping not selected package 'unitree_lidar_ros' in 'unitree_lidar_ros/src/unitree_lidar_ros'
[1.002s] INFO:colcon.colcon_core.package_selection:Skipping not selected package 'unitree_lidar_ros2' in 'unitree_lidar_ros2/src/unitree_lidar_ros2'
[1.002s] INFO:colcon.colcon_core.package_selection:Skipping not selected package 'unitree_lidar_sdk' in 'unitree_lidar_sdk'
[1.003s] Level 1:colcon.colcon_core.package_discovery:discover_packages(prefix_path) check parameters
[1.003s] Level 1:colcon.colcon_core.package_discovery:discover_packages(prefix_path) discover
[1.011s] DEBUG:colcon.colcon_installed_package_information.package_discovery:Found 273 installed packages in /opt/ros/humble
[1.015s] Level 1:colcon.colcon_core.package_discovery:discover_packages(prefix_path) using defaults
[1.083s] Level 5:colcon.colcon_core.verb:set package 'point_lio_unilidar' build argument 'cmake_args' from command line to 'None'
[1.083s] Level 5:colcon.colcon_core.verb:set package 'point_lio_unilidar' build argument 'cmake_target' from command line to 'None'
[1.083s] Level 5:colcon.colcon_core.verb:set package 'point_lio_unilidar' build argument 'cmake_target_skip_unavailable' from command line to 'False'
[1.083s] Level 5:colcon.colcon_core.verb:set package 'point_lio_unilidar' build argument 'cmake_clean_cache' from command line to 'False'
[1.083s] Level 5:colcon.colcon_core.verb:set package 'point_lio_unilidar' build argument 'cmake_clean_first' from command line to 'False'
[1.083s] Level 5:colcon.colcon_core.verb:set package 'point_lio_unilidar' build argument 'cmake_force_configure' from command line to 'False'
[1.083s] Level 5:colcon.colcon_core.verb:set package 'point_lio_unilidar' build argument 'ament_cmake_args' from command line to 'None'
[1.083s] Level 5:colcon.colcon_core.verb:set package 'point_lio_unilidar' build argument 'catkin_cmake_args' from command line to 'None'
[1.083s] Level 5:colcon.colcon_core.verb:set package 'point_lio_unilidar' build argument 'catkin_skip_building_tests' from command line to 'False'
[1.083s] DEBUG:colcon.colcon_core.verb:Building package 'point_lio_unilidar' with the following arguments: {'ament_cmake_args': None, 'build_base': '/home/ubuntu/unilidar_sdk2/build/point_lio_unilidar', 'catkin_cmake_args': None, 'catkin_skip_building_tests': False, 'cmake_args': None, 'cmake_clean_cache': False, 'cmake_clean_first': False, 'cmake_force_configure': False, 'cmake_target': None, 'cmake_target_skip_unavailable': False, 'install_base': '/home/ubuntu/unilidar_sdk2/install/point_lio_unilidar', 'merge_install': False, 'path': '/home/ubuntu/unilidar_sdk2/point_lio_unilidar-2.0.2', 'symlink_install': False, 'test_result_base': None}
[1.084s] INFO:colcon.colcon_core.executor:Executing jobs using 'parallel' executor
[1.087s] DEBUG:colcon.colcon_parallel_executor.executor.parallel:run_until_complete
[1.091s] INFO:colcon.colcon_ros.task.ament_cmake.build:Building ROS package in '/home/ubuntu/unilidar_sdk2/point_lio_unilidar-2.0.2' with build type 'ament_cmake'
[1.091s] INFO:colcon.colcon_cmake.task.cmake.build:Building CMake package in '/home/ubuntu/unilidar_sdk2/point_lio_unilidar-2.0.2'
[1.101s] INFO:colcon.colcon_core.plugin_system:Skipping extension 'colcon_core.shell.bat': Not used on non-Windows systems
[1.101s] INFO:colcon.colcon_core.shell:Skip shell extension 'powershell' for command environment: Not usable outside of PowerShell
[1.102s] DEBUG:colcon.colcon_core.shell:Skip shell extension 'dsv' for command environment
[1.116s] DEBUG:colcon.colcon_core.event_handler.log_command:Invoking command in '/home/ubuntu/unilidar_sdk2/build/point_lio_unilidar': CMAKE_PREFIX_PATH=/opt/ros/humble _=/usr/bin/env /usr/bin/cmake /home/ubuntu/unilidar_sdk2/point_lio_unilidar-2.0.2 -DCMAKE_INSTALL_PREFIX=/home/ubuntu/unilidar_sdk2/install/point_lio_unilidar
[31.117s] DEBUG:colcon.colcon_core.event_handler.log_command:Invoked command in '/home/ubuntu/unilidar_sdk2/build/point_lio_unilidar' returned '0': CMAKE_PREFIX_PATH=/opt/ros/humble _=/usr/bin/env /usr/bin/cmake /home/ubuntu/unilidar_sdk2/point_lio_unilidar-2.0.2 -DCMAKE_INSTALL_PREFIX=/home/ubuntu/unilidar_sdk2/install/point_lio_unilidar
[31.118s] DEBUG:colcon.colcon_core.event_handler.log_command:Invoking command in '/home/ubuntu/unilidar_sdk2/build/point_lio_unilidar': CMAKE_PREFIX_PATH=/opt/ros/humble _=/usr/bin/env /usr/bin/cmake --build /home/ubuntu/unilidar_sdk2/build/point_lio_unilidar -- -j12 -l12
[91.140s] Level 1:colcon.colcon_core.environment:create_environment_scripts_only(point_lio_unilidar)
[91.141s] DEBUG:colcon.colcon_core.event_handler.log_command:Invoked command in '/home/ubuntu/unilidar_sdk2/build/point_lio_unilidar' returned '2': CMAKE_PREFIX_PATH=/opt/ros/humble _=/usr/bin/env /usr/bin/cmake --build /home/ubuntu/unilidar_sdk2/build/point_lio_unilidar -- -j12 -l12
[91.156s] Level 1:colcon.colcon_core.environment:checking '/home/ubuntu/unilidar_sdk2/install/point_lio_unilidar' for CMake module files
[91.157s] Level 1:colcon.colcon_core.environment:checking '/home/ubuntu/unilidar_sdk2/install/point_lio_unilidar' for CMake config files
[91.158s] Level 1:colcon.colcon_core.environment:checking '/home/ubuntu/unilidar_sdk2/install/point_lio_unilidar/bin'
[91.158s] Level 1:colcon.colcon_core.environment:checking '/home/ubuntu/unilidar_sdk2/install/point_lio_unilidar/lib/pkgconfig/point_lio_unilidar.pc'
[91.158s] Level 1:colcon.colcon_core.environment:checking '/home/ubuntu/unilidar_sdk2/install/point_lio_unilidar/lib/python3.10/site-packages'
[91.158s] Level 1:colcon.colcon_core.environment:checking '/home/ubuntu/unilidar_sdk2/install/point_lio_unilidar/bin'
[91.159s] INFO:colcon.colcon_core.shell:Creating package script '/home/ubuntu/unilidar_sdk2/install/point_lio_unilidar/share/point_lio_unilidar/package.ps1'
[91.162s] INFO:colcon.colcon_core.shell:Creating package descriptor '/home/ubuntu/unilidar_sdk2/install/point_lio_unilidar/share/point_lio_unilidar/package.dsv'
[91.163s] INFO:colcon.colcon_core.shell:Creating package script '/home/ubuntu/unilidar_sdk2/install/point_lio_unilidar/share/point_lio_unilidar/package.sh'
[91.166s] INFO:colcon.colcon_core.shell:Creating package script '/home/ubuntu/unilidar_sdk2/install/point_lio_unilidar/share/point_lio_unilidar/package.bash'
[91.168s] INFO:colcon.colcon_core.shell:Creating package script '/home/ubuntu/unilidar_sdk2/install/point_lio_unilidar/share/point_lio_unilidar/package.zsh'
[91.170s] Level 1:colcon.colcon_core.environment:create_file_with_runtime_dependencies(/home/ubuntu/unilidar_sdk2/install/point_lio_unilidar/share/colcon-core/packages/point_lio_unilidar)
[91.171s] DEBUG:colcon.colcon_parallel_executor.executor.parallel:closing loop
[91.171s] DEBUG:colcon.colcon_parallel_executor.executor.parallel:loop closed
[91.171s] DEBUG:colcon.colcon_parallel_executor.executor.parallel:run_until_complete finished with '2'
[91.171s] DEBUG:colcon.colcon_core.event_reactor:joining thread
[91.182s] INFO:colcon.colcon_core.plugin_system:Skipping extension 'colcon_notification.desktop_notification.terminal_notifier': Not used on non-Darwin systems
[91.182s] INFO:colcon.colcon_core.plugin_system:Skipping extension 'colcon_notification.desktop_notification.win32': Not used on non-Windows systems
[91.183s] INFO:colcon.colcon_notification.desktop_notification:Sending desktop notification using 'notify2'
[91.183s] DEBUG:colcon.colcon_notification.desktop_notification.notify2:Failed to initialize notify2: org.freedesktop.DBus.Error.AccessDenied: Failed to connect to socket /run/user/1000/bus: Operation not permitted
[91.183s] DEBUG:colcon.colcon_core.event_reactor:joined thread
[91.183s] INFO:colcon.colcon_core.shell:Creating prefix script '/home/ubuntu/unilidar_sdk2/install/local_setup.ps1'
[91.185s] INFO:colcon.colcon_core.shell:Creating prefix util module '/home/ubuntu/unilidar_sdk2/install/_local_setup_util_ps1.py'
[91.188s] INFO:colcon.colcon_core.shell:Creating prefix chain script '/home/ubuntu/unilidar_sdk2/install/setup.ps1'
[91.190s] INFO:colcon.colcon_core.shell:Creating prefix script '/home/ubuntu/unilidar_sdk2/install/local_setup.sh'
[91.191s] INFO:colcon.colcon_core.shell:Creating prefix util module '/home/ubuntu/unilidar_sdk2/install/_local_setup_util_sh.py'
[91.192s] INFO:colcon.colcon_core.shell:Creating prefix chain script '/home/ubuntu/unilidar_sdk2/install/setup.sh'
[91.194s] INFO:colcon.colcon_core.shell:Creating prefix script '/home/ubuntu/unilidar_sdk2/install/local_setup.bash'
[91.196s] INFO:colcon.colcon_core.shell:Creating prefix chain script '/home/ubuntu/unilidar_sdk2/install/setup.bash'
[91.199s] INFO:colcon.colcon_core.shell:Creating prefix script '/home/ubuntu/unilidar_sdk2/install/local_setup.zsh'
[91.200s] INFO:colcon.colcon_core.shell:Creating prefix chain script '/home/ubuntu/unilidar_sdk2/install/setup.zsh'
