[0.015s] Invoking command in '/home/ubuntu/unilidar_sdk2/unitree_lidar_ros2/build/unitree_lidar_ros2': CMAKE_PREFIX_PATH=/opt/ros/humble _=/usr/bin/env /usr/bin/cmake --build /home/ubuntu/unilidar_sdk2/unitree_lidar_ros2/build/unitree_lidar_ros2 -- -j12 -l12
[0.124s] Consolidate compiler generated dependencies of target unitree_lidar_ros2_node
[0.159s] [ 50%] Building CXX object CMakeFiles/unitree_lidar_ros2_node.dir/src/unitree_lidar_ros2_node.cpp.o
[22.277s] [100%] Linking CXX executable unitree_lidar_ros2_node
[23.269s] [100%] Built target unitree_lidar_ros2_node
[30.009s] Invoked command in '/home/ubuntu/unilidar_sdk2/unitree_lidar_ros2/build/unitree_lidar_ros2' returned '0': CMAKE_PREFIX_PATH=/opt/ros/humble _=/usr/bin/env /usr/bin/cmake --build /home/ubuntu/unilidar_sdk2/unitree_lidar_ros2/build/unitree_lidar_ros2 -- -j12 -l12
[30.032s] Invoking command in '/home/ubuntu/unilidar_sdk2/unitree_lidar_ros2/build/unitree_lidar_ros2': CMAKE_PREFIX_PATH=/opt/ros/humble _=/usr/bin/env /usr/bin/cmake --install /home/ubuntu/unilidar_sdk2/unitree_lidar_ros2/build/unitree_lidar_ros2
[30.048s] -- Install configuration: ""
[30.048s] -- Installing: /home/ubuntu/unilidar_sdk2/unitree_lidar_ros2/install/unitree_lidar_ros2/lib/unitree_lidar_ros2/unitree_lidar_ros2_node
[30.048s] -- Set runtime path of "/home/ubuntu/unilidar_sdk2/unitree_lidar_ros2/install/unitree_lidar_ros2/lib/unitree_lidar_ros2/unitree_lidar_ros2_node" to ""
[30.048s] -- Up-to-date: /home/ubuntu/unilidar_sdk2/unitree_lidar_ros2/install/unitree_lidar_ros2/share/unitree_lidar_ros2/view.rviz
[30.048s] -- Up-to-date: /home/ubuntu/unilidar_sdk2/unitree_lidar_ros2/install/unitree_lidar_ros2/share/unitree_lidar_ros2/launch.py
[30.048s] -- Up-to-date: /home/ubuntu/unilidar_sdk2/unitree_lidar_ros2/install/unitree_lidar_ros2/share/ament_index/resource_index/package_run_dependencies/unitree_lidar_ros2
[30.048s] -- Up-to-date: /home/ubuntu/unilidar_sdk2/unitree_lidar_ros2/install/unitree_lidar_ros2/share/ament_index/resource_index/parent_prefix_path/unitree_lidar_ros2
[30.048s] -- Up-to-date: /home/ubuntu/unilidar_sdk2/unitree_lidar_ros2/install/unitree_lidar_ros2/share/unitree_lidar_ros2/environment/ament_prefix_path.sh
[30.048s] -- Up-to-date: /home/ubuntu/unilidar_sdk2/unitree_lidar_ros2/install/unitree_lidar_ros2/share/unitree_lidar_ros2/environment/ament_prefix_path.dsv
[30.048s] -- Up-to-date: /home/ubuntu/unilidar_sdk2/unitree_lidar_ros2/install/unitree_lidar_ros2/share/unitree_lidar_ros2/environment/path.sh
[30.049s] -- Up-to-date: /home/ubuntu/unilidar_sdk2/unitree_lidar_ros2/install/unitree_lidar_ros2/share/unitree_lidar_ros2/environment/path.dsv
[30.049s] -- Up-to-date: /home/ubuntu/unilidar_sdk2/unitree_lidar_ros2/install/unitree_lidar_ros2/share/unitree_lidar_ros2/local_setup.bash
[30.049s] -- Up-to-date: /home/ubuntu/unilidar_sdk2/unitree_lidar_ros2/install/unitree_lidar_ros2/share/unitree_lidar_ros2/local_setup.sh
[30.051s] -- Up-to-date: /home/ubuntu/unilidar_sdk2/unitree_lidar_ros2/install/unitree_lidar_ros2/share/unitree_lidar_ros2/local_setup.zsh
[30.051s] -- Up-to-date: /home/ubuntu/unilidar_sdk2/unitree_lidar_ros2/install/unitree_lidar_ros2/share/unitree_lidar_ros2/local_setup.dsv
[30.051s] -- Installing: /home/ubuntu/unilidar_sdk2/unitree_lidar_ros2/install/unitree_lidar_ros2/share/unitree_lidar_ros2/package.dsv
[30.052s] -- Up-to-date: /home/ubuntu/unilidar_sdk2/unitree_lidar_ros2/install/unitree_lidar_ros2/share/ament_index/resource_index/packages/unitree_lidar_ros2
[30.052s] -- Up-to-date: /home/ubuntu/unilidar_sdk2/unitree_lidar_ros2/install/unitree_lidar_ros2/share/unitree_lidar_ros2/cmake/unitree_lidar_ros2Config.cmake
[30.052s] -- Up-to-date: /home/ubuntu/unilidar_sdk2/unitree_lidar_ros2/install/unitree_lidar_ros2/share/unitree_lidar_ros2/cmake/unitree_lidar_ros2Config-version.cmake
[30.052s] -- Up-to-date: /home/ubuntu/unilidar_sdk2/unitree_lidar_ros2/install/unitree_lidar_ros2/share/unitree_lidar_ros2/package.xml
[60.043s] Invoked command in '/home/ubuntu/unilidar_sdk2/unitree_lidar_ros2/build/unitree_lidar_ros2' returned '0': CMAKE_PREFIX_PATH=/opt/ros/humble _=/usr/bin/env /usr/bin/cmake --install /home/ubuntu/unilidar_sdk2/unitree_lidar_ros2/build/unitree_lidar_ros2
