[30.036s] Invoking command in '/home/ubuntu/unilidar_sdk2/unitree_lidar_ros2/build/unitree_lidar_ros2': CMAKE_PREFIX_PATH=/opt/ros/humble _=/usr/bin/env /usr/bin/cmake --build /home/ubuntu/unilidar_sdk2/unitree_lidar_ros2/build/unitree_lidar_ros2 -- -j12 -l12
[30.133s] Consolidate compiler generated dependencies of target unitree_lidar_ros2_node
[30.166s] [ 50%] Building CXX object CMakeFiles/unitree_lidar_ros2_node.dir/src/unitree_lidar_ros2_node.cpp.o
[51.725s] [100%] Linking CXX executable unitree_lidar_ros2_node
[52.637s] [100%] Built target unitree_lidar_ros2_node
[52.656s] Invoked command in '/home/ubuntu/unilidar_sdk2/unitree_lidar_ros2/build/unitree_lidar_ros2' returned '0': CMAKE_PREFIX_PATH=/opt/ros/humble _=/usr/bin/env /usr/bin/cmake --build /home/ubuntu/unilidar_sdk2/unitree_lidar_ros2/build/unitree_lidar_ros2 -- -j12 -l12
[52.666s] Invoking command in '/home/ubuntu/unilidar_sdk2/unitree_lidar_ros2/build/unitree_lidar_ros2': CMAKE_PREFIX_PATH=/opt/ros/humble _=/usr/bin/env /usr/bin/cmake --install /home/ubuntu/unilidar_sdk2/unitree_lidar_ros2/build/unitree_lidar_ros2
[52.678s] -- Install configuration: ""
[52.678s] -- Installing: /home/ubuntu/unilidar_sdk2/unitree_lidar_ros2/install/unitree_lidar_ros2/lib/unitree_lidar_ros2/unitree_lidar_ros2_node
[52.681s] -- Set runtime path of "/home/ubuntu/unilidar_sdk2/unitree_lidar_ros2/install/unitree_lidar_ros2/lib/unitree_lidar_ros2/unitree_lidar_ros2_node" to ""
[52.682s] -- Up-to-date: /home/ubuntu/unilidar_sdk2/unitree_lidar_ros2/install/unitree_lidar_ros2/share/unitree_lidar_ros2/view.rviz
[52.682s] -- Installing: /home/ubuntu/unilidar_sdk2/unitree_lidar_ros2/install/unitree_lidar_ros2/share/unitree_lidar_ros2/launch.py
[52.682s] -- Up-to-date: /home/ubuntu/unilidar_sdk2/unitree_lidar_ros2/install/unitree_lidar_ros2/share/ament_index/resource_index/package_run_dependencies/unitree_lidar_ros2
[52.683s] -- Up-to-date: /home/ubuntu/unilidar_sdk2/unitree_lidar_ros2/install/unitree_lidar_ros2/share/ament_index/resource_index/parent_prefix_path/unitree_lidar_ros2
[52.684s] -- Up-to-date: /home/ubuntu/unilidar_sdk2/unitree_lidar_ros2/install/unitree_lidar_ros2/share/unitree_lidar_ros2/environment/ament_prefix_path.sh
[52.684s] -- Up-to-date: /home/ubuntu/unilidar_sdk2/unitree_lidar_ros2/install/unitree_lidar_ros2/share/unitree_lidar_ros2/environment/ament_prefix_path.dsv
[52.684s] -- Up-to-date: /home/ubuntu/unilidar_sdk2/unitree_lidar_ros2/install/unitree_lidar_ros2/share/unitree_lidar_ros2/environment/path.sh
[52.685s] -- Up-to-date: /home/ubuntu/unilidar_sdk2/unitree_lidar_ros2/install/unitree_lidar_ros2/share/unitree_lidar_ros2/environment/path.dsv
[52.685s] -- Up-to-date: /home/ubuntu/unilidar_sdk2/unitree_lidar_ros2/install/unitree_lidar_ros2/share/unitree_lidar_ros2/local_setup.bash
[52.685s] -- Up-to-date: /home/ubuntu/unilidar_sdk2/unitree_lidar_ros2/install/unitree_lidar_ros2/share/unitree_lidar_ros2/local_setup.sh
[52.685s] -- Up-to-date: /home/ubuntu/unilidar_sdk2/unitree_lidar_ros2/install/unitree_lidar_ros2/share/unitree_lidar_ros2/local_setup.zsh
[52.685s] -- Up-to-date: /home/ubuntu/unilidar_sdk2/unitree_lidar_ros2/install/unitree_lidar_ros2/share/unitree_lidar_ros2/local_setup.dsv
[52.685s] -- Installing: /home/ubuntu/unilidar_sdk2/unitree_lidar_ros2/install/unitree_lidar_ros2/share/unitree_lidar_ros2/package.dsv
[52.685s] -- Up-to-date: /home/ubuntu/unilidar_sdk2/unitree_lidar_ros2/install/unitree_lidar_ros2/share/ament_index/resource_index/packages/unitree_lidar_ros2
[52.685s] -- Up-to-date: /home/ubuntu/unilidar_sdk2/unitree_lidar_ros2/install/unitree_lidar_ros2/share/unitree_lidar_ros2/cmake/unitree_lidar_ros2Config.cmake
[52.685s] -- Up-to-date: /home/ubuntu/unilidar_sdk2/unitree_lidar_ros2/install/unitree_lidar_ros2/share/unitree_lidar_ros2/cmake/unitree_lidar_ros2Config-version.cmake
[52.685s] -- Up-to-date: /home/ubuntu/unilidar_sdk2/unitree_lidar_ros2/install/unitree_lidar_ros2/share/unitree_lidar_ros2/package.xml
[52.688s] Invoked command in '/home/ubuntu/unilidar_sdk2/unitree_lidar_ros2/build/unitree_lidar_ros2' returned '0': CMAKE_PREFIX_PATH=/opt/ros/humble _=/usr/bin/env /usr/bin/cmake --install /home/ubuntu/unilidar_sdk2/unitree_lidar_ros2/build/unitree_lidar_ros2
