[0.167s] DEBUG:colcon:Command line arguments: ['/usr/bin/colcon', 'build', '--packages-select', 'patchworkpp']
[0.167s] DEBUG:colcon:Parsed command line arguments: Namespace(log_base=None, log_level=None, verb_name='build', build_base='build', install_base='install', merge_install=False, symlink_install=False, test_result_base=None, continue_on_error=False, executor='parallel', parallel_workers=12, event_handlers=None, ignore_user_meta=False, metas=['./colcon.meta'], base_paths=['.'], packages_ignore=None, packages_ignore_regex=None, paths=None, packages_up_to=None, packages_up_to_regex=None, packages_above=None, packages_above_and_dependencies=None, packages_above_depth=None, packages_select_by_dep=None, packages_skip_by_dep=None, packages_skip_up_to=None, packages_select_build_failed=False, packages_skip_build_finished=False, packages_select_test_failures=False, packages_skip_test_passed=False, packages_select=['patchworkpp'], packages_skip=None, packages_select_regex=None, packages_skip_regex=None, packages_start=None, packages_end=None, allow_overriding=[], cmake_args=None, cmake_target=None, cmake_target_skip_unavailable=False, cmake_clean_cache=False, cmake_clean_first=False, cmake_force_configure=False, ament_cmake_args=None, catkin_cmake_args=None, catkin_skip_building_tests=False, verb_parser=<colcon_defaults.argument_parser.defaults.DefaultArgumentsDecorator object at 0x7c5867627970>, verb_extension=<colcon_core.verb.build.BuildVerb object at 0x7c5867627460>, main=<bound method BuildVerb.main of <colcon_core.verb.build.BuildVerb object at 0x7c5867627460>>)
[0.417s] Level 1:colcon.colcon_core.package_discovery:discover_packages(colcon_meta) check parameters
[0.417s] Level 1:colcon.colcon_core.package_discovery:discover_packages(recursive) check parameters
[0.418s] Level 1:colcon.colcon_core.package_discovery:discover_packages(ignore) check parameters
[0.418s] Level 1:colcon.colcon_core.package_discovery:discover_packages(path) check parameters
[0.418s] Level 1:colcon.colcon_core.package_discovery:discover_packages(colcon_meta) discover
[0.418s] Level 1:colcon.colcon_core.package_discovery:discover_packages(recursive) discover
[0.418s] INFO:colcon.colcon_core.package_discovery:Crawling recursively for packages in '/home/ubuntu/unilidar_sdk2/patchwork-plusplus-ros'
[0.418s] Level 1:colcon.colcon_core.package_identification:_identify(.) by extensions ['ignore', 'ignore_ament_install']
[0.418s] Level 1:colcon.colcon_core.package_identification:_identify(.) by extension 'ignore'
[0.418s] Level 1:colcon.colcon_core.package_identification:_identify(.) by extension 'ignore_ament_install'
[0.418s] Level 1:colcon.colcon_core.package_identification:_identify(.) by extensions ['colcon_pkg']
[0.418s] Level 1:colcon.colcon_core.package_identification:_identify(.) by extension 'colcon_pkg'
[0.418s] Level 1:colcon.colcon_core.package_identification:_identify(.) by extensions ['colcon_meta']
[0.418s] Level 1:colcon.colcon_core.package_identification:_identify(.) by extension 'colcon_meta'
[0.419s] Level 1:colcon.colcon_core.package_identification:_identify(.) by extensions ['ros']
[0.419s] Level 1:colcon.colcon_core.package_identification:_identify(.) by extension 'ros'
[0.441s] DEBUG:colcon.colcon_core.package_identification:Package '.' with type 'ros.ament_cmake' and name 'patchworkpp'
[0.441s] Level 1:colcon.colcon_core.package_discovery:discover_packages(recursive) using defaults
[0.441s] Level 1:colcon.colcon_core.package_discovery:discover_packages(ignore) discover
[0.441s] Level 1:colcon.colcon_core.package_discovery:discover_packages(ignore) using defaults
[0.442s] Level 1:colcon.colcon_core.package_discovery:discover_packages(path) discover
[0.442s] Level 1:colcon.colcon_core.package_discovery:discover_packages(path) using defaults
[0.472s] Level 1:colcon.colcon_core.package_discovery:discover_packages(prefix_path) check parameters
[0.472s] Level 1:colcon.colcon_core.package_discovery:discover_packages(prefix_path) discover
[0.476s] DEBUG:colcon.colcon_installed_package_information.package_discovery:Found 273 installed packages in /opt/ros/humble
[0.480s] Level 1:colcon.colcon_core.package_discovery:discover_packages(prefix_path) using defaults
[0.541s] Level 5:colcon.colcon_core.verb:set package 'patchworkpp' build argument 'cmake_args' from command line to 'None'
[0.541s] Level 5:colcon.colcon_core.verb:set package 'patchworkpp' build argument 'cmake_target' from command line to 'None'
[0.541s] Level 5:colcon.colcon_core.verb:set package 'patchworkpp' build argument 'cmake_target_skip_unavailable' from command line to 'False'
[0.541s] Level 5:colcon.colcon_core.verb:set package 'patchworkpp' build argument 'cmake_clean_cache' from command line to 'False'
[0.541s] Level 5:colcon.colcon_core.verb:set package 'patchworkpp' build argument 'cmake_clean_first' from command line to 'False'
[0.541s] Level 5:colcon.colcon_core.verb:set package 'patchworkpp' build argument 'cmake_force_configure' from command line to 'False'
[0.541s] Level 5:colcon.colcon_core.verb:set package 'patchworkpp' build argument 'ament_cmake_args' from command line to 'None'
[0.541s] Level 5:colcon.colcon_core.verb:set package 'patchworkpp' build argument 'catkin_cmake_args' from command line to 'None'
[0.541s] Level 5:colcon.colcon_core.verb:set package 'patchworkpp' build argument 'catkin_skip_building_tests' from command line to 'False'
[0.541s] DEBUG:colcon.colcon_core.verb:Building package 'patchworkpp' with the following arguments: {'ament_cmake_args': None, 'build_base': '/home/ubuntu/unilidar_sdk2/patchwork-plusplus-ros/build/patchworkpp', 'catkin_cmake_args': None, 'catkin_skip_building_tests': False, 'cmake_args': None, 'cmake_clean_cache': False, 'cmake_clean_first': False, 'cmake_force_configure': False, 'cmake_target': None, 'cmake_target_skip_unavailable': False, 'install_base': '/home/ubuntu/unilidar_sdk2/patchwork-plusplus-ros/install/patchworkpp', 'merge_install': False, 'path': '/home/ubuntu/unilidar_sdk2/patchwork-plusplus-ros', 'symlink_install': False, 'test_result_base': None}
[0.541s] INFO:colcon.colcon_core.executor:Executing jobs using 'parallel' executor
[0.544s] DEBUG:colcon.colcon_parallel_executor.executor.parallel:run_until_complete
[0.544s] INFO:colcon.colcon_ros.task.ament_cmake.build:Building ROS package in '/home/ubuntu/unilidar_sdk2/patchwork-plusplus-ros' with build type 'ament_cmake'
[0.544s] INFO:colcon.colcon_cmake.task.cmake.build:Building CMake package in '/home/ubuntu/unilidar_sdk2/patchwork-plusplus-ros'
[0.547s] INFO:colcon.colcon_core.plugin_system:Skipping extension 'colcon_core.shell.bat': Not used on non-Windows systems
[0.547s] INFO:colcon.colcon_core.shell:Skip shell extension 'powershell' for command environment: Not usable outside of PowerShell
[0.547s] DEBUG:colcon.colcon_core.shell:Skip shell extension 'dsv' for command environment
[30.580s] DEBUG:colcon.colcon_core.event_handler.log_command:Invoking command in '/home/ubuntu/unilidar_sdk2/patchwork-plusplus-ros/build/patchworkpp': CMAKE_PREFIX_PATH=/opt/ros/humble _=/usr/bin/env /usr/bin/cmake --build /home/ubuntu/unilidar_sdk2/patchwork-plusplus-ros/build/patchworkpp -- -j12 -l12
[90.618s] DEBUG:colcon.colcon_core.event_handler.log_command:Invoked command in '/home/ubuntu/unilidar_sdk2/patchwork-plusplus-ros/build/patchworkpp' returned '0': CMAKE_PREFIX_PATH=/opt/ros/humble _=/usr/bin/env /usr/bin/cmake --build /home/ubuntu/unilidar_sdk2/patchwork-plusplus-ros/build/patchworkpp -- -j12 -l12
[90.633s] DEBUG:colcon.colcon_core.event_handler.log_command:Invoking command in '/home/ubuntu/unilidar_sdk2/patchwork-plusplus-ros/build/patchworkpp': CMAKE_PREFIX_PATH=/opt/ros/humble _=/usr/bin/env /usr/bin/cmake --install /home/ubuntu/unilidar_sdk2/patchwork-plusplus-ros/build/patchworkpp
[90.656s] Level 1:colcon.colcon_core.environment:create_environment_scripts_only(patchworkpp)
[90.658s] DEBUG:colcon.colcon_core.event_handler.log_command:Invoked command in '/home/ubuntu/unilidar_sdk2/patchwork-plusplus-ros/build/patchworkpp' returned '0': CMAKE_PREFIX_PATH=/opt/ros/humble _=/usr/bin/env /usr/bin/cmake --install /home/ubuntu/unilidar_sdk2/patchwork-plusplus-ros/build/patchworkpp
[90.661s] Level 1:colcon.colcon_core.environment:checking '/home/ubuntu/unilidar_sdk2/patchwork-plusplus-ros/install/patchworkpp' for CMake module files
[90.662s] Level 1:colcon.colcon_core.environment:checking '/home/ubuntu/unilidar_sdk2/patchwork-plusplus-ros/install/patchworkpp' for CMake config files
[90.663s] Level 1:colcon.colcon_core.shell:create_environment_hook('patchworkpp', 'cmake_prefix_path')
[90.664s] INFO:colcon.colcon_core.shell:Creating environment hook '/home/ubuntu/unilidar_sdk2/patchwork-plusplus-ros/install/patchworkpp/share/patchworkpp/hook/cmake_prefix_path.ps1'
[90.665s] INFO:colcon.colcon_core.shell:Creating environment descriptor '/home/ubuntu/unilidar_sdk2/patchwork-plusplus-ros/install/patchworkpp/share/patchworkpp/hook/cmake_prefix_path.dsv'
[90.666s] INFO:colcon.colcon_core.shell:Creating environment hook '/home/ubuntu/unilidar_sdk2/patchwork-plusplus-ros/install/patchworkpp/share/patchworkpp/hook/cmake_prefix_path.sh'
[90.667s] Level 1:colcon.colcon_core.environment:checking '/home/ubuntu/unilidar_sdk2/patchwork-plusplus-ros/install/patchworkpp/lib'
[90.667s] Level 1:colcon.colcon_core.environment:checking '/home/ubuntu/unilidar_sdk2/patchwork-plusplus-ros/install/patchworkpp/bin'
[90.667s] Level 1:colcon.colcon_core.environment:checking '/home/ubuntu/unilidar_sdk2/patchwork-plusplus-ros/install/patchworkpp/lib/pkgconfig/patchworkpp.pc'
[90.668s] Level 1:colcon.colcon_core.environment:checking '/home/ubuntu/unilidar_sdk2/patchwork-plusplus-ros/install/patchworkpp/lib/python3.10/site-packages'
[90.669s] Level 1:colcon.colcon_core.environment:checking '/home/ubuntu/unilidar_sdk2/patchwork-plusplus-ros/install/patchworkpp/bin'
[90.669s] INFO:colcon.colcon_core.shell:Creating package script '/home/ubuntu/unilidar_sdk2/patchwork-plusplus-ros/install/patchworkpp/share/patchworkpp/package.ps1'
[90.671s] INFO:colcon.colcon_core.shell:Creating package descriptor '/home/ubuntu/unilidar_sdk2/patchwork-plusplus-ros/install/patchworkpp/share/patchworkpp/package.dsv'
[90.672s] INFO:colcon.colcon_core.shell:Creating package script '/home/ubuntu/unilidar_sdk2/patchwork-plusplus-ros/install/patchworkpp/share/patchworkpp/package.sh'
[90.675s] INFO:colcon.colcon_core.shell:Creating package script '/home/ubuntu/unilidar_sdk2/patchwork-plusplus-ros/install/patchworkpp/share/patchworkpp/package.bash'
[90.676s] INFO:colcon.colcon_core.shell:Creating package script '/home/ubuntu/unilidar_sdk2/patchwork-plusplus-ros/install/patchworkpp/share/patchworkpp/package.zsh'
[90.677s] Level 1:colcon.colcon_core.environment:create_file_with_runtime_dependencies(/home/ubuntu/unilidar_sdk2/patchwork-plusplus-ros/install/patchworkpp/share/colcon-core/packages/patchworkpp)
[90.678s] Level 1:colcon.colcon_core.environment:create_environment_scripts_only(patchworkpp)
[90.679s] Level 1:colcon.colcon_core.environment:checking '/home/ubuntu/unilidar_sdk2/patchwork-plusplus-ros/install/patchworkpp' for CMake module files
[90.680s] Level 1:colcon.colcon_core.environment:checking '/home/ubuntu/unilidar_sdk2/patchwork-plusplus-ros/install/patchworkpp' for CMake config files
[90.680s] Level 1:colcon.colcon_core.shell:create_environment_hook('patchworkpp', 'cmake_prefix_path')
[90.681s] INFO:colcon.colcon_core.shell:Creating environment hook '/home/ubuntu/unilidar_sdk2/patchwork-plusplus-ros/install/patchworkpp/share/patchworkpp/hook/cmake_prefix_path.ps1'
[90.681s] INFO:colcon.colcon_core.shell:Creating environment descriptor '/home/ubuntu/unilidar_sdk2/patchwork-plusplus-ros/install/patchworkpp/share/patchworkpp/hook/cmake_prefix_path.dsv'
[90.682s] INFO:colcon.colcon_core.shell:Creating environment hook '/home/ubuntu/unilidar_sdk2/patchwork-plusplus-ros/install/patchworkpp/share/patchworkpp/hook/cmake_prefix_path.sh'
[90.686s] Level 1:colcon.colcon_core.environment:checking '/home/ubuntu/unilidar_sdk2/patchwork-plusplus-ros/install/patchworkpp/lib'
[90.686s] Level 1:colcon.colcon_core.environment:checking '/home/ubuntu/unilidar_sdk2/patchwork-plusplus-ros/install/patchworkpp/bin'
[90.686s] Level 1:colcon.colcon_core.environment:checking '/home/ubuntu/unilidar_sdk2/patchwork-plusplus-ros/install/patchworkpp/lib/pkgconfig/patchworkpp.pc'
[90.686s] Level 1:colcon.colcon_core.environment:checking '/home/ubuntu/unilidar_sdk2/patchwork-plusplus-ros/install/patchworkpp/lib/python3.10/site-packages'
[90.687s] Level 1:colcon.colcon_core.environment:checking '/home/ubuntu/unilidar_sdk2/patchwork-plusplus-ros/install/patchworkpp/bin'
[90.687s] INFO:colcon.colcon_core.shell:Creating package script '/home/ubuntu/unilidar_sdk2/patchwork-plusplus-ros/install/patchworkpp/share/patchworkpp/package.ps1'
[90.688s] INFO:colcon.colcon_core.shell:Creating package descriptor '/home/ubuntu/unilidar_sdk2/patchwork-plusplus-ros/install/patchworkpp/share/patchworkpp/package.dsv'
[90.689s] INFO:colcon.colcon_core.shell:Creating package script '/home/ubuntu/unilidar_sdk2/patchwork-plusplus-ros/install/patchworkpp/share/patchworkpp/package.sh'
[90.690s] INFO:colcon.colcon_core.shell:Creating package script '/home/ubuntu/unilidar_sdk2/patchwork-plusplus-ros/install/patchworkpp/share/patchworkpp/package.bash'
[90.691s] INFO:colcon.colcon_core.shell:Creating package script '/home/ubuntu/unilidar_sdk2/patchwork-plusplus-ros/install/patchworkpp/share/patchworkpp/package.zsh'
[90.692s] Level 1:colcon.colcon_core.environment:create_file_with_runtime_dependencies(/home/ubuntu/unilidar_sdk2/patchwork-plusplus-ros/install/patchworkpp/share/colcon-core/packages/patchworkpp)
[90.692s] DEBUG:colcon.colcon_parallel_executor.executor.parallel:closing loop
[90.692s] DEBUG:colcon.colcon_parallel_executor.executor.parallel:loop closed
[90.692s] DEBUG:colcon.colcon_parallel_executor.executor.parallel:run_until_complete finished with '0'
[90.692s] DEBUG:colcon.colcon_core.event_reactor:joining thread
[90.700s] INFO:colcon.colcon_core.plugin_system:Skipping extension 'colcon_notification.desktop_notification.terminal_notifier': Not used on non-Darwin systems
[90.700s] INFO:colcon.colcon_core.plugin_system:Skipping extension 'colcon_notification.desktop_notification.win32': Not used on non-Windows systems
[90.700s] INFO:colcon.colcon_notification.desktop_notification:Sending desktop notification using 'notify2'
[90.700s] DEBUG:colcon.colcon_notification.desktop_notification.notify2:Failed to initialize notify2: org.freedesktop.DBus.Error.AccessDenied: Failed to connect to socket /run/user/1000/bus: Operation not permitted
[90.700s] DEBUG:colcon.colcon_core.event_reactor:joined thread
[90.701s] INFO:colcon.colcon_core.shell:Creating prefix script '/home/ubuntu/unilidar_sdk2/patchwork-plusplus-ros/install/local_setup.ps1'
[90.702s] INFO:colcon.colcon_core.shell:Creating prefix util module '/home/ubuntu/unilidar_sdk2/patchwork-plusplus-ros/install/_local_setup_util_ps1.py'
[90.705s] INFO:colcon.colcon_core.shell:Creating prefix chain script '/home/ubuntu/unilidar_sdk2/patchwork-plusplus-ros/install/setup.ps1'
[90.706s] INFO:colcon.colcon_core.shell:Creating prefix script '/home/ubuntu/unilidar_sdk2/patchwork-plusplus-ros/install/local_setup.sh'
[90.707s] INFO:colcon.colcon_core.shell:Creating prefix util module '/home/ubuntu/unilidar_sdk2/patchwork-plusplus-ros/install/_local_setup_util_sh.py'
[90.708s] INFO:colcon.colcon_core.shell:Creating prefix chain script '/home/ubuntu/unilidar_sdk2/patchwork-plusplus-ros/install/setup.sh'
[90.709s] INFO:colcon.colcon_core.shell:Creating prefix script '/home/ubuntu/unilidar_sdk2/patchwork-plusplus-ros/install/local_setup.bash'
[90.710s] INFO:colcon.colcon_core.shell:Creating prefix chain script '/home/ubuntu/unilidar_sdk2/patchwork-plusplus-ros/install/setup.bash'
[90.712s] INFO:colcon.colcon_core.shell:Creating prefix script '/home/ubuntu/unilidar_sdk2/patchwork-plusplus-ros/install/local_setup.zsh'
[90.713s] INFO:colcon.colcon_core.shell:Creating prefix chain script '/home/ubuntu/unilidar_sdk2/patchwork-plusplus-ros/install/setup.zsh'
