[0.478s] DEBUG:colcon:Command line arguments: ['/usr/bin/colcon', 'build', '--packages-select', 'point_lio_unilidar']
[0.478s] DEBUG:colcon:Parsed command line arguments: Namespace(log_base=None, log_level=None, verb_name='build', build_base='build', install_base='install', merge_install=False, symlink_install=False, test_result_base=None, continue_on_error=False, executor='parallel', parallel_workers=12, event_handlers=None, ignore_user_meta=False, metas=['./colcon.meta'], base_paths=['.'], packages_ignore=None, packages_ignore_regex=None, paths=None, packages_up_to=None, packages_up_to_regex=None, packages_above=None, packages_above_and_dependencies=None, packages_above_depth=None, packages_select_by_dep=None, packages_skip_by_dep=None, packages_skip_up_to=None, packages_select_build_failed=False, packages_skip_build_finished=False, packages_select_test_failures=False, packages_skip_test_passed=False, packages_select=['point_lio_unilidar'], packages_skip=None, packages_select_regex=None, packages_skip_regex=None, packages_start=None, packages_end=None, allow_overriding=[], cmake_args=None, cmake_target=None, cmake_target_skip_unavailable=False, cmake_clean_cache=False, cmake_clean_first=False, cmake_force_configure=False, ament_cmake_args=None, catkin_cmake_args=None, catkin_skip_building_tests=False, verb_parser=<colcon_defaults.argument_parser.defaults.DefaultArgumentsDecorator object at 0x737ea4503460>, verb_extension=<colcon_core.verb.build.BuildVerb object at 0x737ea4502f50>, main=<bound method BuildVerb.main of <colcon_core.verb.build.BuildVerb object at 0x737ea4502f50>>)
[0.924s] Level 1:colcon.colcon_core.package_discovery:discover_packages(colcon_meta) check parameters
[0.924s] Level 1:colcon.colcon_core.package_discovery:discover_packages(recursive) check parameters
[0.924s] Level 1:colcon.colcon_core.package_discovery:discover_packages(ignore) check parameters
[0.924s] Level 1:colcon.colcon_core.package_discovery:discover_packages(path) check parameters
[0.924s] Level 1:colcon.colcon_core.package_discovery:discover_packages(colcon_meta) discover
[0.924s] Level 1:colcon.colcon_core.package_discovery:discover_packages(recursive) discover
[0.925s] INFO:colcon.colcon_core.package_discovery:Crawling recursively for packages in '/home/ubuntu/unilidar_sdk2'
[0.925s] Level 1:colcon.colcon_core.package_identification:_identify(.) by extensions ['ignore', 'ignore_ament_install']
[0.925s] Level 1:colcon.colcon_core.package_identification:_identify(.) by extension 'ignore'
[0.925s] Level 1:colcon.colcon_core.package_identification:_identify(.) by extension 'ignore_ament_install'
[0.925s] Level 1:colcon.colcon_core.package_identification:_identify(.) by extensions ['colcon_pkg']
[0.925s] Level 1:colcon.colcon_core.package_identification:_identify(.) by extension 'colcon_pkg'
[0.925s] Level 1:colcon.colcon_core.package_identification:_identify(.) by extensions ['colcon_meta']
[0.925s] Level 1:colcon.colcon_core.package_identification:_identify(.) by extension 'colcon_meta'
[0.925s] Level 1:colcon.colcon_core.package_identification:_identify(.) by extensions ['ros']
[0.925s] Level 1:colcon.colcon_core.package_identification:_identify(.) by extension 'ros'
[0.945s] Level 1:colcon.colcon_core.package_identification:_identify(.) by extensions ['cmake', 'python']
[0.945s] Level 1:colcon.colcon_core.package_identification:_identify(.) by extension 'cmake'
[0.945s] Level 1:colcon.colcon_core.package_identification:_identify(.) by extension 'python'
[0.945s] Level 1:colcon.colcon_core.package_identification:_identify(.) by extensions ['python_setup_py']
[0.945s] Level 1:colcon.colcon_core.package_identification:_identify(.) by extension 'python_setup_py'
[0.946s] Level 1:colcon.colcon_core.package_identification:_identify(build) by extensions ['ignore', 'ignore_ament_install']
[0.946s] Level 1:colcon.colcon_core.package_identification:_identify(build) by extension 'ignore'
[0.946s] Level 1:colcon.colcon_core.package_identification:_identify(build) ignored
[0.946s] Level 1:colcon.colcon_core.package_identification:_identify(docs) by extensions ['ignore', 'ignore_ament_install']
[0.946s] Level 1:colcon.colcon_core.package_identification:_identify(docs) by extension 'ignore'
[0.946s] Level 1:colcon.colcon_core.package_identification:_identify(docs) by extension 'ignore_ament_install'
[0.946s] Level 1:colcon.colcon_core.package_identification:_identify(docs) by extensions ['colcon_pkg']
[0.946s] Level 1:colcon.colcon_core.package_identification:_identify(docs) by extension 'colcon_pkg'
[0.946s] Level 1:colcon.colcon_core.package_identification:_identify(docs) by extensions ['colcon_meta']
[0.946s] Level 1:colcon.colcon_core.package_identification:_identify(docs) by extension 'colcon_meta'
[0.947s] Level 1:colcon.colcon_core.package_identification:_identify(docs) by extensions ['ros']
[0.947s] Level 1:colcon.colcon_core.package_identification:_identify(docs) by extension 'ros'
[0.947s] Level 1:colcon.colcon_core.package_identification:_identify(docs) by extensions ['cmake', 'python']
[0.947s] Level 1:colcon.colcon_core.package_identification:_identify(docs) by extension 'cmake'
[0.947s] Level 1:colcon.colcon_core.package_identification:_identify(docs) by extension 'python'
[0.947s] Level 1:colcon.colcon_core.package_identification:_identify(docs) by extensions ['python_setup_py']
[0.947s] Level 1:colcon.colcon_core.package_identification:_identify(docs) by extension 'python_setup_py'
[0.947s] Level 1:colcon.colcon_core.package_identification:_identify(install) by extensions ['ignore', 'ignore_ament_install']
[0.947s] Level 1:colcon.colcon_core.package_identification:_identify(install) by extension 'ignore'
[0.947s] Level 1:colcon.colcon_core.package_identification:_identify(install) ignored
[0.947s] Level 1:colcon.colcon_core.package_identification:_identify(log) by extensions ['ignore', 'ignore_ament_install']
[0.948s] Level 1:colcon.colcon_core.package_identification:_identify(log) by extension 'ignore'
[0.948s] Level 1:colcon.colcon_core.package_identification:_identify(log) ignored
[0.948s] Level 1:colcon.colcon_core.package_identification:_identify(point_lio_unilidar-2.0.2) by extensions ['ignore', 'ignore_ament_install']
[0.948s] Level 1:colcon.colcon_core.package_identification:_identify(point_lio_unilidar-2.0.2) by extension 'ignore'
[0.948s] Level 1:colcon.colcon_core.package_identification:_identify(point_lio_unilidar-2.0.2) by extension 'ignore_ament_install'
[0.948s] Level 1:colcon.colcon_core.package_identification:_identify(point_lio_unilidar-2.0.2) by extensions ['colcon_pkg']
[0.948s] Level 1:colcon.colcon_core.package_identification:_identify(point_lio_unilidar-2.0.2) by extension 'colcon_pkg'
[0.948s] Level 1:colcon.colcon_core.package_identification:_identify(point_lio_unilidar-2.0.2) by extensions ['colcon_meta']
[0.948s] Level 1:colcon.colcon_core.package_identification:_identify(point_lio_unilidar-2.0.2) by extension 'colcon_meta'
[0.948s] Level 1:colcon.colcon_core.package_identification:_identify(point_lio_unilidar-2.0.2) by extensions ['ros']
[0.948s] Level 1:colcon.colcon_core.package_identification:_identify(point_lio_unilidar-2.0.2) by extension 'ros'
[0.958s] DEBUG:colcon.colcon_core.package_identification:Package 'point_lio_unilidar-2.0.2' with type 'ros.ament_cmake' and name 'point_lio_unilidar'
[0.958s] Level 1:colcon.colcon_core.package_identification:_identify(unitree_lidar_ros) by extensions ['ignore', 'ignore_ament_install']
[0.958s] Level 1:colcon.colcon_core.package_identification:_identify(unitree_lidar_ros) by extension 'ignore'
[0.958s] Level 1:colcon.colcon_core.package_identification:_identify(unitree_lidar_ros) by extension 'ignore_ament_install'
[0.958s] Level 1:colcon.colcon_core.package_identification:_identify(unitree_lidar_ros) by extensions ['colcon_pkg']
[0.959s] Level 1:colcon.colcon_core.package_identification:_identify(unitree_lidar_ros) by extension 'colcon_pkg'
[0.959s] Level 1:colcon.colcon_core.package_identification:_identify(unitree_lidar_ros) by extensions ['colcon_meta']
[0.959s] Level 1:colcon.colcon_core.package_identification:_identify(unitree_lidar_ros) by extension 'colcon_meta'
[0.959s] Level 1:colcon.colcon_core.package_identification:_identify(unitree_lidar_ros) by extensions ['ros']
[0.959s] Level 1:colcon.colcon_core.package_identification:_identify(unitree_lidar_ros) by extension 'ros'
[0.959s] Level 1:colcon.colcon_core.package_identification:_identify(unitree_lidar_ros) by extensions ['cmake', 'python']
[0.959s] Level 1:colcon.colcon_core.package_identification:_identify(unitree_lidar_ros) by extension 'cmake'
[0.959s] Level 1:colcon.colcon_core.package_identification:_identify(unitree_lidar_ros) by extension 'python'
[0.959s] Level 1:colcon.colcon_core.package_identification:_identify(unitree_lidar_ros) by extensions ['python_setup_py']
[0.959s] Level 1:colcon.colcon_core.package_identification:_identify(unitree_lidar_ros) by extension 'python_setup_py'
[0.959s] Level 1:colcon.colcon_core.package_identification:_identify(unitree_lidar_ros/src) by extensions ['ignore', 'ignore_ament_install']
[0.959s] Level 1:colcon.colcon_core.package_identification:_identify(unitree_lidar_ros/src) by extension 'ignore'
[0.959s] Level 1:colcon.colcon_core.package_identification:_identify(unitree_lidar_ros/src) by extension 'ignore_ament_install'
[0.960s] Level 1:colcon.colcon_core.package_identification:_identify(unitree_lidar_ros/src) by extensions ['colcon_pkg']
[0.960s] Level 1:colcon.colcon_core.package_identification:_identify(unitree_lidar_ros/src) by extension 'colcon_pkg'
[0.960s] Level 1:colcon.colcon_core.package_identification:_identify(unitree_lidar_ros/src) by extensions ['colcon_meta']
[0.960s] Level 1:colcon.colcon_core.package_identification:_identify(unitree_lidar_ros/src) by extension 'colcon_meta'
[0.960s] Level 1:colcon.colcon_core.package_identification:_identify(unitree_lidar_ros/src) by extensions ['ros']
[0.960s] Level 1:colcon.colcon_core.package_identification:_identify(unitree_lidar_ros/src) by extension 'ros'
[0.960s] Level 1:colcon.colcon_core.package_identification:_identify(unitree_lidar_ros/src) by extensions ['cmake', 'python']
[0.960s] Level 1:colcon.colcon_core.package_identification:_identify(unitree_lidar_ros/src) by extension 'cmake'
[0.960s] Level 1:colcon.colcon_core.package_identification:_identify(unitree_lidar_ros/src) by extension 'python'
[0.960s] Level 1:colcon.colcon_core.package_identification:_identify(unitree_lidar_ros/src) by extensions ['python_setup_py']
[0.960s] Level 1:colcon.colcon_core.package_identification:_identify(unitree_lidar_ros/src) by extension 'python_setup_py'
[0.960s] Level 1:colcon.colcon_core.package_identification:_identify(unitree_lidar_ros/src/unitree_lidar_ros) by extensions ['ignore', 'ignore_ament_install']
[0.960s] Level 1:colcon.colcon_core.package_identification:_identify(unitree_lidar_ros/src/unitree_lidar_ros) by extension 'ignore'
[0.961s] Level 1:colcon.colcon_core.package_identification:_identify(unitree_lidar_ros/src/unitree_lidar_ros) by extension 'ignore_ament_install'
[0.961s] Level 1:colcon.colcon_core.package_identification:_identify(unitree_lidar_ros/src/unitree_lidar_ros) by extensions ['colcon_pkg']
[0.961s] Level 1:colcon.colcon_core.package_identification:_identify(unitree_lidar_ros/src/unitree_lidar_ros) by extension 'colcon_pkg'
[0.961s] Level 1:colcon.colcon_core.package_identification:_identify(unitree_lidar_ros/src/unitree_lidar_ros) by extensions ['colcon_meta']
[0.961s] Level 1:colcon.colcon_core.package_identification:_identify(unitree_lidar_ros/src/unitree_lidar_ros) by extension 'colcon_meta'
[0.961s] Level 1:colcon.colcon_core.package_identification:_identify(unitree_lidar_ros/src/unitree_lidar_ros) by extensions ['ros']
[0.961s] Level 1:colcon.colcon_core.package_identification:_identify(unitree_lidar_ros/src/unitree_lidar_ros) by extension 'ros'
[0.963s] DEBUG:colcon.colcon_core.package_identification:Package 'unitree_lidar_ros/src/unitree_lidar_ros' with type 'ros.catkin' and name 'unitree_lidar_ros'
[0.963s] Level 1:colcon.colcon_core.package_identification:_identify(unitree_lidar_ros2) by extensions ['ignore', 'ignore_ament_install']
[0.964s] Level 1:colcon.colcon_core.package_identification:_identify(unitree_lidar_ros2) by extension 'ignore'
[0.964s] Level 1:colcon.colcon_core.package_identification:_identify(unitree_lidar_ros2) by extension 'ignore_ament_install'
[0.964s] Level 1:colcon.colcon_core.package_identification:_identify(unitree_lidar_ros2) by extensions ['colcon_pkg']
[0.964s] Level 1:colcon.colcon_core.package_identification:_identify(unitree_lidar_ros2) by extension 'colcon_pkg'
[0.964s] Level 1:colcon.colcon_core.package_identification:_identify(unitree_lidar_ros2) by extensions ['colcon_meta']
[0.964s] Level 1:colcon.colcon_core.package_identification:_identify(unitree_lidar_ros2) by extension 'colcon_meta'
[0.964s] Level 1:colcon.colcon_core.package_identification:_identify(unitree_lidar_ros2) by extensions ['ros']
[0.964s] Level 1:colcon.colcon_core.package_identification:_identify(unitree_lidar_ros2) by extension 'ros'
[0.964s] Level 1:colcon.colcon_core.package_identification:_identify(unitree_lidar_ros2) by extensions ['cmake', 'python']
[0.964s] Level 1:colcon.colcon_core.package_identification:_identify(unitree_lidar_ros2) by extension 'cmake'
[0.964s] Level 1:colcon.colcon_core.package_identification:_identify(unitree_lidar_ros2) by extension 'python'
[0.964s] Level 1:colcon.colcon_core.package_identification:_identify(unitree_lidar_ros2) by extensions ['python_setup_py']
[0.964s] Level 1:colcon.colcon_core.package_identification:_identify(unitree_lidar_ros2) by extension 'python_setup_py'
[0.964s] Level 1:colcon.colcon_core.package_identification:_identify(unitree_lidar_ros2/build) by extensions ['ignore', 'ignore_ament_install']
[0.965s] Level 1:colcon.colcon_core.package_identification:_identify(unitree_lidar_ros2/build) by extension 'ignore'
[0.965s] Level 1:colcon.colcon_core.package_identification:_identify(unitree_lidar_ros2/build) ignored
[0.965s] Level 1:colcon.colcon_core.package_identification:_identify(unitree_lidar_ros2/install) by extensions ['ignore', 'ignore_ament_install']
[0.965s] Level 1:colcon.colcon_core.package_identification:_identify(unitree_lidar_ros2/install) by extension 'ignore'
[0.965s] Level 1:colcon.colcon_core.package_identification:_identify(unitree_lidar_ros2/install) ignored
[0.965s] Level 1:colcon.colcon_core.package_identification:_identify(unitree_lidar_ros2/log) by extensions ['ignore', 'ignore_ament_install']
[0.965s] Level 1:colcon.colcon_core.package_identification:_identify(unitree_lidar_ros2/log) by extension 'ignore'
[0.965s] Level 1:colcon.colcon_core.package_identification:_identify(unitree_lidar_ros2/log) ignored
[0.965s] Level 1:colcon.colcon_core.package_identification:_identify(unitree_lidar_ros2/src) by extensions ['ignore', 'ignore_ament_install']
[0.965s] Level 1:colcon.colcon_core.package_identification:_identify(unitree_lidar_ros2/src) by extension 'ignore'
[0.966s] Level 1:colcon.colcon_core.package_identification:_identify(unitree_lidar_ros2/src) by extension 'ignore_ament_install'
[0.966s] Level 1:colcon.colcon_core.package_identification:_identify(unitree_lidar_ros2/src) by extensions ['colcon_pkg']
[0.966s] Level 1:colcon.colcon_core.package_identification:_identify(unitree_lidar_ros2/src) by extension 'colcon_pkg'
[0.966s] Level 1:colcon.colcon_core.package_identification:_identify(unitree_lidar_ros2/src) by extensions ['colcon_meta']
[0.966s] Level 1:colcon.colcon_core.package_identification:_identify(unitree_lidar_ros2/src) by extension 'colcon_meta'
[0.966s] Level 1:colcon.colcon_core.package_identification:_identify(unitree_lidar_ros2/src) by extensions ['ros']
[0.966s] Level 1:colcon.colcon_core.package_identification:_identify(unitree_lidar_ros2/src) by extension 'ros'
[0.966s] Level 1:colcon.colcon_core.package_identification:_identify(unitree_lidar_ros2/src) by extensions ['cmake', 'python']
[0.966s] Level 1:colcon.colcon_core.package_identification:_identify(unitree_lidar_ros2/src) by extension 'cmake'
[0.966s] Level 1:colcon.colcon_core.package_identification:_identify(unitree_lidar_ros2/src) by extension 'python'
[0.966s] Level 1:colcon.colcon_core.package_identification:_identify(unitree_lidar_ros2/src) by extensions ['python_setup_py']
[0.966s] Level 1:colcon.colcon_core.package_identification:_identify(unitree_lidar_ros2/src) by extension 'python_setup_py'
[0.966s] Level 1:colcon.colcon_core.package_identification:_identify(unitree_lidar_ros2/src/unitree_lidar_ros2) by extensions ['ignore', 'ignore_ament_install']
[0.967s] Level 1:colcon.colcon_core.package_identification:_identify(unitree_lidar_ros2/src/unitree_lidar_ros2) by extension 'ignore'
[0.967s] Level 1:colcon.colcon_core.package_identification:_identify(unitree_lidar_ros2/src/unitree_lidar_ros2) by extension 'ignore_ament_install'
[0.967s] Level 1:colcon.colcon_core.package_identification:_identify(unitree_lidar_ros2/src/unitree_lidar_ros2) by extensions ['colcon_pkg']
[0.967s] Level 1:colcon.colcon_core.package_identification:_identify(unitree_lidar_ros2/src/unitree_lidar_ros2) by extension 'colcon_pkg'
[0.967s] Level 1:colcon.colcon_core.package_identification:_identify(unitree_lidar_ros2/src/unitree_lidar_ros2) by extensions ['colcon_meta']
[0.967s] Level 1:colcon.colcon_core.package_identification:_identify(unitree_lidar_ros2/src/unitree_lidar_ros2) by extension 'colcon_meta'
[0.967s] Level 1:colcon.colcon_core.package_identification:_identify(unitree_lidar_ros2/src/unitree_lidar_ros2) by extensions ['ros']
[0.967s] Level 1:colcon.colcon_core.package_identification:_identify(unitree_lidar_ros2/src/unitree_lidar_ros2) by extension 'ros'
[0.969s] DEBUG:colcon.colcon_core.package_identification:Package 'unitree_lidar_ros2/src/unitree_lidar_ros2' with type 'ros.ament_cmake' and name 'unitree_lidar_ros2'
[0.969s] Level 1:colcon.colcon_core.package_identification:_identify(unitree_lidar_sdk) by extensions ['ignore', 'ignore_ament_install']
[0.969s] Level 1:colcon.colcon_core.package_identification:_identify(unitree_lidar_sdk) by extension 'ignore'
[0.969s] Level 1:colcon.colcon_core.package_identification:_identify(unitree_lidar_sdk) by extension 'ignore_ament_install'
[0.970s] Level 1:colcon.colcon_core.package_identification:_identify(unitree_lidar_sdk) by extensions ['colcon_pkg']
[0.970s] Level 1:colcon.colcon_core.package_identification:_identify(unitree_lidar_sdk) by extension 'colcon_pkg'
[0.970s] Level 1:colcon.colcon_core.package_identification:_identify(unitree_lidar_sdk) by extensions ['colcon_meta']
[0.970s] Level 1:colcon.colcon_core.package_identification:_identify(unitree_lidar_sdk) by extension 'colcon_meta'
[0.970s] Level 1:colcon.colcon_core.package_identification:_identify(unitree_lidar_sdk) by extensions ['ros']
[0.970s] Level 1:colcon.colcon_core.package_identification:_identify(unitree_lidar_sdk) by extension 'ros'
[0.970s] Level 1:colcon.colcon_core.package_identification:_identify(unitree_lidar_sdk) by extensions ['cmake', 'python']
[0.970s] Level 1:colcon.colcon_core.package_identification:_identify(unitree_lidar_sdk) by extension 'cmake'
[0.982s] Level 1:colcon.colcon_core.package_identification:_identify(unitree_lidar_sdk) by extension 'python'
[0.982s] DEBUG:colcon.colcon_core.package_identification:Package 'unitree_lidar_sdk' with type 'cmake' and name 'unitree_lidar_sdk'
[0.982s] Level 1:colcon.colcon_core.package_discovery:discover_packages(recursive) using defaults
[0.982s] Level 1:colcon.colcon_core.package_discovery:discover_packages(ignore) discover
[0.982s] Level 1:colcon.colcon_core.package_discovery:discover_packages(ignore) using defaults
[0.983s] Level 1:colcon.colcon_core.package_discovery:discover_packages(path) discover
[0.983s] Level 1:colcon.colcon_core.package_discovery:discover_packages(path) using defaults
[1.034s] INFO:colcon.colcon_core.package_selection:Skipping not selected package 'unitree_lidar_ros' in 'unitree_lidar_ros/src/unitree_lidar_ros'
[1.034s] INFO:colcon.colcon_core.package_selection:Skipping not selected package 'unitree_lidar_ros2' in 'unitree_lidar_ros2/src/unitree_lidar_ros2'
[1.034s] INFO:colcon.colcon_core.package_selection:Skipping not selected package 'unitree_lidar_sdk' in 'unitree_lidar_sdk'
[1.035s] Level 1:colcon.colcon_core.package_discovery:discover_packages(prefix_path) check parameters
[1.035s] Level 1:colcon.colcon_core.package_discovery:discover_packages(prefix_path) discover
[1.042s] DEBUG:colcon.colcon_installed_package_information.package_discovery:Found 273 installed packages in /opt/ros/humble
[1.045s] Level 1:colcon.colcon_core.package_discovery:discover_packages(prefix_path) using defaults
[1.120s] Level 5:colcon.colcon_core.verb:set package 'point_lio_unilidar' build argument 'cmake_args' from command line to 'None'
[1.120s] Level 5:colcon.colcon_core.verb:set package 'point_lio_unilidar' build argument 'cmake_target' from command line to 'None'
[1.120s] Level 5:colcon.colcon_core.verb:set package 'point_lio_unilidar' build argument 'cmake_target_skip_unavailable' from command line to 'False'
[1.120s] Level 5:colcon.colcon_core.verb:set package 'point_lio_unilidar' build argument 'cmake_clean_cache' from command line to 'False'
[1.120s] Level 5:colcon.colcon_core.verb:set package 'point_lio_unilidar' build argument 'cmake_clean_first' from command line to 'False'
[1.120s] Level 5:colcon.colcon_core.verb:set package 'point_lio_unilidar' build argument 'cmake_force_configure' from command line to 'False'
[1.120s] Level 5:colcon.colcon_core.verb:set package 'point_lio_unilidar' build argument 'ament_cmake_args' from command line to 'None'
[1.120s] Level 5:colcon.colcon_core.verb:set package 'point_lio_unilidar' build argument 'catkin_cmake_args' from command line to 'None'
[1.120s] Level 5:colcon.colcon_core.verb:set package 'point_lio_unilidar' build argument 'catkin_skip_building_tests' from command line to 'False'
[1.121s] DEBUG:colcon.colcon_core.verb:Building package 'point_lio_unilidar' with the following arguments: {'ament_cmake_args': None, 'build_base': '/home/ubuntu/unilidar_sdk2/build/point_lio_unilidar', 'catkin_cmake_args': None, 'catkin_skip_building_tests': False, 'cmake_args': None, 'cmake_clean_cache': False, 'cmake_clean_first': False, 'cmake_force_configure': False, 'cmake_target': None, 'cmake_target_skip_unavailable': False, 'install_base': '/home/ubuntu/unilidar_sdk2/install/point_lio_unilidar', 'merge_install': False, 'path': '/home/ubuntu/unilidar_sdk2/point_lio_unilidar-2.0.2', 'symlink_install': False, 'test_result_base': None}
[1.121s] INFO:colcon.colcon_core.executor:Executing jobs using 'parallel' executor
[1.123s] DEBUG:colcon.colcon_parallel_executor.executor.parallel:run_until_complete
[1.123s] INFO:colcon.colcon_ros.task.ament_cmake.build:Building ROS package in '/home/ubuntu/unilidar_sdk2/point_lio_unilidar-2.0.2' with build type 'ament_cmake'
[1.123s] INFO:colcon.colcon_cmake.task.cmake.build:Building CMake package in '/home/ubuntu/unilidar_sdk2/point_lio_unilidar-2.0.2'
[1.133s] INFO:colcon.colcon_core.plugin_system:Skipping extension 'colcon_core.shell.bat': Not used on non-Windows systems
[1.134s] INFO:colcon.colcon_core.shell:Skip shell extension 'powershell' for command environment: Not usable outside of PowerShell
[1.134s] DEBUG:colcon.colcon_core.shell:Skip shell extension 'dsv' for command environment
[1.152s] DEBUG:colcon.colcon_core.event_handler.log_command:Invoking command in '/home/ubuntu/unilidar_sdk2/build/point_lio_unilidar': CMAKE_PREFIX_PATH=/opt/ros/humble _=/usr/bin/env /usr/bin/cmake --build /home/ubuntu/unilidar_sdk2/build/point_lio_unilidar -- -j12 -l12
[88.816s] DEBUG:colcon.colcon_core.event_handler.log_command:Invoked command in '/home/ubuntu/unilidar_sdk2/build/point_lio_unilidar' returned '0': CMAKE_PREFIX_PATH=/opt/ros/humble _=/usr/bin/env /usr/bin/cmake --build /home/ubuntu/unilidar_sdk2/build/point_lio_unilidar -- -j12 -l12
[88.830s] DEBUG:colcon.colcon_core.event_handler.log_command:Invoking command in '/home/ubuntu/unilidar_sdk2/build/point_lio_unilidar': CMAKE_PREFIX_PATH=/opt/ros/humble _=/usr/bin/env /usr/bin/cmake --install /home/ubuntu/unilidar_sdk2/build/point_lio_unilidar
[88.858s] Level 1:colcon.colcon_core.environment:create_environment_scripts_only(point_lio_unilidar)
[88.860s] DEBUG:colcon.colcon_core.event_handler.log_command:Invoked command in '/home/ubuntu/unilidar_sdk2/build/point_lio_unilidar' returned '0': CMAKE_PREFIX_PATH=/opt/ros/humble _=/usr/bin/env /usr/bin/cmake --install /home/ubuntu/unilidar_sdk2/build/point_lio_unilidar
[88.871s] Level 1:colcon.colcon_core.environment:checking '/home/ubuntu/unilidar_sdk2/install/point_lio_unilidar' for CMake module files
[88.871s] Level 1:colcon.colcon_core.environment:checking '/home/ubuntu/unilidar_sdk2/install/point_lio_unilidar' for CMake config files
[88.872s] Level 1:colcon.colcon_core.shell:create_environment_hook('point_lio_unilidar', 'cmake_prefix_path')
[88.872s] INFO:colcon.colcon_core.shell:Creating environment hook '/home/ubuntu/unilidar_sdk2/install/point_lio_unilidar/share/point_lio_unilidar/hook/cmake_prefix_path.ps1'
[88.876s] INFO:colcon.colcon_core.shell:Creating environment descriptor '/home/ubuntu/unilidar_sdk2/install/point_lio_unilidar/share/point_lio_unilidar/hook/cmake_prefix_path.dsv'
[88.877s] INFO:colcon.colcon_core.shell:Creating environment hook '/home/ubuntu/unilidar_sdk2/install/point_lio_unilidar/share/point_lio_unilidar/hook/cmake_prefix_path.sh'
[88.879s] Level 1:colcon.colcon_core.environment:checking '/home/ubuntu/unilidar_sdk2/install/point_lio_unilidar/lib'
[88.879s] Level 1:colcon.colcon_core.environment:checking '/home/ubuntu/unilidar_sdk2/install/point_lio_unilidar/bin'
[88.879s] Level 1:colcon.colcon_core.environment:checking '/home/ubuntu/unilidar_sdk2/install/point_lio_unilidar/lib/pkgconfig/point_lio_unilidar.pc'
[88.880s] Level 1:colcon.colcon_core.environment:checking '/home/ubuntu/unilidar_sdk2/install/point_lio_unilidar/lib/python3.10/site-packages'
[88.880s] Level 1:colcon.colcon_core.environment:checking '/home/ubuntu/unilidar_sdk2/install/point_lio_unilidar/bin'
[88.881s] INFO:colcon.colcon_core.shell:Creating package script '/home/ubuntu/unilidar_sdk2/install/point_lio_unilidar/share/point_lio_unilidar/package.ps1'
[88.884s] INFO:colcon.colcon_core.shell:Creating package descriptor '/home/ubuntu/unilidar_sdk2/install/point_lio_unilidar/share/point_lio_unilidar/package.dsv'
[88.886s] INFO:colcon.colcon_core.shell:Creating package script '/home/ubuntu/unilidar_sdk2/install/point_lio_unilidar/share/point_lio_unilidar/package.sh'
[88.888s] INFO:colcon.colcon_core.shell:Creating package script '/home/ubuntu/unilidar_sdk2/install/point_lio_unilidar/share/point_lio_unilidar/package.bash'
[88.893s] INFO:colcon.colcon_core.shell:Creating package script '/home/ubuntu/unilidar_sdk2/install/point_lio_unilidar/share/point_lio_unilidar/package.zsh'
[88.895s] Level 1:colcon.colcon_core.environment:create_file_with_runtime_dependencies(/home/ubuntu/unilidar_sdk2/install/point_lio_unilidar/share/colcon-core/packages/point_lio_unilidar)
[88.896s] Level 1:colcon.colcon_core.environment:create_environment_scripts_only(point_lio_unilidar)
[88.896s] Level 1:colcon.colcon_core.environment:checking '/home/ubuntu/unilidar_sdk2/install/point_lio_unilidar' for CMake module files
[88.897s] Level 1:colcon.colcon_core.environment:checking '/home/ubuntu/unilidar_sdk2/install/point_lio_unilidar' for CMake config files
[88.897s] Level 1:colcon.colcon_core.shell:create_environment_hook('point_lio_unilidar', 'cmake_prefix_path')
[88.898s] INFO:colcon.colcon_core.shell:Creating environment hook '/home/ubuntu/unilidar_sdk2/install/point_lio_unilidar/share/point_lio_unilidar/hook/cmake_prefix_path.ps1'
[88.899s] INFO:colcon.colcon_core.shell:Creating environment descriptor '/home/ubuntu/unilidar_sdk2/install/point_lio_unilidar/share/point_lio_unilidar/hook/cmake_prefix_path.dsv'
[88.899s] INFO:colcon.colcon_core.shell:Creating environment hook '/home/ubuntu/unilidar_sdk2/install/point_lio_unilidar/share/point_lio_unilidar/hook/cmake_prefix_path.sh'
[88.900s] Level 1:colcon.colcon_core.environment:checking '/home/ubuntu/unilidar_sdk2/install/point_lio_unilidar/lib'
[88.900s] Level 1:colcon.colcon_core.environment:checking '/home/ubuntu/unilidar_sdk2/install/point_lio_unilidar/bin'
[88.900s] Level 1:colcon.colcon_core.environment:checking '/home/ubuntu/unilidar_sdk2/install/point_lio_unilidar/lib/pkgconfig/point_lio_unilidar.pc'
[88.901s] Level 1:colcon.colcon_core.environment:checking '/home/ubuntu/unilidar_sdk2/install/point_lio_unilidar/lib/python3.10/site-packages'
[88.901s] Level 1:colcon.colcon_core.environment:checking '/home/ubuntu/unilidar_sdk2/install/point_lio_unilidar/bin'
[88.902s] INFO:colcon.colcon_core.shell:Creating package script '/home/ubuntu/unilidar_sdk2/install/point_lio_unilidar/share/point_lio_unilidar/package.ps1'
[88.903s] INFO:colcon.colcon_core.shell:Creating package descriptor '/home/ubuntu/unilidar_sdk2/install/point_lio_unilidar/share/point_lio_unilidar/package.dsv'
[88.904s] INFO:colcon.colcon_core.shell:Creating package script '/home/ubuntu/unilidar_sdk2/install/point_lio_unilidar/share/point_lio_unilidar/package.sh'
[88.905s] INFO:colcon.colcon_core.shell:Creating package script '/home/ubuntu/unilidar_sdk2/install/point_lio_unilidar/share/point_lio_unilidar/package.bash'
[88.905s] INFO:colcon.colcon_core.shell:Creating package script '/home/ubuntu/unilidar_sdk2/install/point_lio_unilidar/share/point_lio_unilidar/package.zsh'
[88.906s] Level 1:colcon.colcon_core.environment:create_file_with_runtime_dependencies(/home/ubuntu/unilidar_sdk2/install/point_lio_unilidar/share/colcon-core/packages/point_lio_unilidar)
[88.906s] DEBUG:colcon.colcon_parallel_executor.executor.parallel:closing loop
[88.907s] DEBUG:colcon.colcon_parallel_executor.executor.parallel:loop closed
[88.907s] DEBUG:colcon.colcon_parallel_executor.executor.parallel:run_until_complete finished with '0'
[88.907s] DEBUG:colcon.colcon_core.event_reactor:joining thread
[88.920s] INFO:colcon.colcon_core.plugin_system:Skipping extension 'colcon_notification.desktop_notification.terminal_notifier': Not used on non-Darwin systems
[88.920s] INFO:colcon.colcon_core.plugin_system:Skipping extension 'colcon_notification.desktop_notification.win32': Not used on non-Windows systems
[88.920s] INFO:colcon.colcon_notification.desktop_notification:Sending desktop notification using 'notify2'
[88.920s] DEBUG:colcon.colcon_notification.desktop_notification.notify2:Failed to initialize notify2: org.freedesktop.DBus.Error.AccessDenied: Failed to connect to socket /run/user/1000/bus: Operation not permitted
[88.920s] DEBUG:colcon.colcon_core.event_reactor:joined thread
[88.921s] INFO:colcon.colcon_core.shell:Creating prefix script '/home/ubuntu/unilidar_sdk2/install/local_setup.ps1'
[88.923s] INFO:colcon.colcon_core.shell:Creating prefix util module '/home/ubuntu/unilidar_sdk2/install/_local_setup_util_ps1.py'
[88.925s] INFO:colcon.colcon_core.shell:Creating prefix chain script '/home/ubuntu/unilidar_sdk2/install/setup.ps1'
[88.928s] INFO:colcon.colcon_core.shell:Creating prefix script '/home/ubuntu/unilidar_sdk2/install/local_setup.sh'
[88.929s] INFO:colcon.colcon_core.shell:Creating prefix util module '/home/ubuntu/unilidar_sdk2/install/_local_setup_util_sh.py'
[88.930s] INFO:colcon.colcon_core.shell:Creating prefix chain script '/home/ubuntu/unilidar_sdk2/install/setup.sh'
[88.932s] INFO:colcon.colcon_core.shell:Creating prefix script '/home/ubuntu/unilidar_sdk2/install/local_setup.bash'
[88.935s] INFO:colcon.colcon_core.shell:Creating prefix chain script '/home/ubuntu/unilidar_sdk2/install/setup.bash'
[88.937s] INFO:colcon.colcon_core.shell:Creating prefix script '/home/ubuntu/unilidar_sdk2/install/local_setup.zsh'
[88.938s] INFO:colcon.colcon_core.shell:Creating prefix chain script '/home/ubuntu/unilidar_sdk2/install/setup.zsh'
