[0.024s] Invoking command in '/home/ubuntu/unilidar_sdk2/build/point_lio_unilidar': CMAKE_PREFIX_PATH=/opt/ros/humble _=/usr/bin/env /usr/bin/cmake /home/ubuntu/unilidar_sdk2/point_lio_unilidar-2.0.2 -DCMAKE_INSTALL_PREFIX=/home/ubuntu/unilidar_sdk2/install/point_lio_unilidar
[0.282s] -- The C compiler identification is GNU 11.4.0
[0.493s] -- The CXX compiler identification is GNU 11.4.0
[0.510s] -- Detecting C compiler ABI info
[0.636s] -- Detecting C compiler ABI info - done
[0.648s] -- Check for working C compiler: /usr/bin/cc - skipped
[0.649s] -- Detecting C compile features
[0.651s] -- Detecting C compile features - done
[0.658s] -- Detecting CXX compiler ABI info
[0.783s] -- Detecting CXX compiler ABI info - done
[0.794s] -- Check for working CXX compiler: /usr/bin/c++ - skipped
[0.795s] -- Detecting CXX compile features
[0.795s] -- Detecting CXX compile features - done
[0.797s] Current CPU architecture: x86_64
[0.809s] Processor number: 12
[0.809s] core for MP: 4
[0.821s] -- Found ament_cmake: 1.3.14 (/opt/ros/humble/share/ament_cmake/cmake)
[1.069s] -- Found Python3: /usr/bin/python3 (found version "3.10.12") found components: Interpreter 
[1.240s] -- Found rclcpp: 16.0.19 (/opt/ros/humble/share/rclcpp/cmake)
[1.323s] -- Found rosidl_generator_c: 3.1.8 (/opt/ros/humble/share/rosidl_generator_c/cmake)
[1.331s] -- Found rosidl_adapter: 3.1.8 (/opt/ros/humble/share/rosidl_adapter/cmake)
[1.347s] -- Found rosidl_generator_cpp: 3.1.8 (/opt/ros/humble/share/rosidl_generator_cpp/cmake)
[1.373s] -- Using all available rosidl_typesupport_c: rosidl_typesupport_fastrtps_c;rosidl_typesupport_introspection_c
[1.403s] -- Using all available rosidl_typesupport_cpp: rosidl_typesupport_fastrtps_cpp;rosidl_typesupport_introspection_cpp
[1.484s] -- Found rmw_implementation_cmake: 6.1.2 (/opt/ros/humble/share/rmw_implementation_cmake/cmake)
[1.487s] -- Found rmw_fastrtps_cpp: 6.2.10 (/opt/ros/humble/share/rmw_fastrtps_cpp/cmake)
[1.687s] -- Found OpenSSL: /usr/lib/x86_64-linux-gnu/libcrypto.so (found version "3.0.2")  
[1.739s] -- Found FastRTPS: /opt/ros/humble/include  
[1.813s] -- Using RMW implementation 'rmw_fastrtps_cpp' as default
[1.834s] -- Looking for pthread.h
[1.973s] -- Looking for pthread.h - found
[1.974s] -- Performing Test CMAKE_HAVE_LIBC_PTHREAD
[2.124s] -- Performing Test CMAKE_HAVE_LIBC_PTHREAD - Success
[2.126s] -- Found Threads: TRUE  
[2.230s] -- Found sensor_msgs: 4.9.1 (/opt/ros/humble/share/sensor_msgs/cmake)
[2.296s] -- Found nav_msgs: 4.9.1 (/opt/ros/humble/share/nav_msgs/cmake)
[2.329s] -- Found visualization_msgs: 4.9.1 (/opt/ros/humble/share/visualization_msgs/cmake)
[2.366s] -- Found tf2: 0.25.20 (/opt/ros/humble/share/tf2/cmake)
[2.387s] -- Found tf2_ros: 0.25.20 (/opt/ros/humble/share/tf2_ros/cmake)
[2.555s] -- Found pcl_conversions: 2.4.5 (/opt/ros/humble/share/pcl_conversions/cmake)
[2.615s] -- Checking for module 'eigen3'
[2.637s] --   Found eigen3, version 3.4.0
[2.704s] -- Found Eigen: /usr/include/eigen3 (Required is at least version "3.1") 
[2.705s] -- Eigen found (include: /usr/include/eigen3, version: 3.4.0)
[2.779s] -- Checking for module 'flann'
[2.807s] --   Found flann, version 1.9.1
[2.876s] -- Found FLANN: /usr/lib/x86_64-linux-gnu/libflann_cpp.so  
[2.878s] -- FLANN found (include: /usr/include, lib: /usr/lib/x86_64-linux-gnu/libflann_cpp.so)
[4.458s] -- Checking for module 'libusb-1.0'
[4.485s] --   Found libusb-1.0, version 1.0.25
[4.544s] -- Found libusb: /usr/lib/x86_64-linux-gnu/libusb-1.0.so  
[4.546s] -- OpenNI found (version: 1.5.4.0, include: /usr/include/ni, lib: /usr/lib/libOpenNI.so;libusb::libusb)
[4.645s] -- OpenNI2 found (version: 2.2.0.33, include: /usr/include/openni2, lib: /usr/lib/x86_64-linux-gnu/libOpenNI2.so;libusb::libusb)
[4.960s] -- Eigen found (include: /usr/include/eigen3, version: 3.4.0)
[4.969s] -- OpenNI found (version: 1.5.4.0, include: /usr/include/ni, lib: /usr/lib/libOpenNI.so;libusb::libusb)
[4.979s] -- OpenNI2 found (version: 2.2.0.33, include: /usr/include/openni2, lib: /usr/lib/x86_64-linux-gnu/libOpenNI2.so;libusb::libusb)
[5.293s] -- Found Qhull version 8.0.2
[5.752s] -- OpenNI found (version: 1.5.4.0, include: /usr/include/ni, lib: /usr/lib/libOpenNI.so;libusb::libusb)
[6.081s] -- Found PCL_COMMON: /usr/lib/x86_64-linux-gnu/libpcl_common.so  
[6.085s] -- Found PCL_KDTREE: /usr/lib/x86_64-linux-gnu/libpcl_kdtree.so  
[6.088s] -- Found PCL_OCTREE: /usr/lib/x86_64-linux-gnu/libpcl_octree.so  
[6.091s] -- Found PCL_SEARCH: /usr/lib/x86_64-linux-gnu/libpcl_search.so  
[6.093s] -- Found PCL_SAMPLE_CONSENSUS: /usr/lib/x86_64-linux-gnu/libpcl_sample_consensus.so  
[6.096s] -- Found PCL_FILTERS: /usr/lib/x86_64-linux-gnu/libpcl_filters.so  
[6.096s] -- Found PCL_2D: /usr/include/pcl-1.12  
[6.097s] -- Found PCL_GEOMETRY: /usr/include/pcl-1.12  
[6.099s] -- Found PCL_IO: /usr/lib/x86_64-linux-gnu/libpcl_io.so  
[6.102s] -- Found PCL_FEATURES: /usr/lib/x86_64-linux-gnu/libpcl_features.so  
[6.104s] -- Found PCL_ML: /usr/lib/x86_64-linux-gnu/libpcl_ml.so  
[6.107s] -- Found PCL_SEGMENTATION: /usr/lib/x86_64-linux-gnu/libpcl_segmentation.so  
[6.110s] -- Found PCL_VISUALIZATION: /usr/lib/x86_64-linux-gnu/libpcl_visualization.so  
[6.112s] -- Found PCL_SURFACE: /usr/lib/x86_64-linux-gnu/libpcl_surface.so  
[6.115s] -- Found PCL_REGISTRATION: /usr/lib/x86_64-linux-gnu/libpcl_registration.so  
[6.117s] -- Found PCL_KEYPOINTS: /usr/lib/x86_64-linux-gnu/libpcl_keypoints.so  
[6.120s] -- Found PCL_TRACKING: /usr/lib/x86_64-linux-gnu/libpcl_tracking.so  
[6.123s] -- Found PCL_RECOGNITION: /usr/lib/x86_64-linux-gnu/libpcl_recognition.so  
[6.126s] -- Found PCL_STEREO: /usr/lib/x86_64-linux-gnu/libpcl_stereo.so  
[6.128s] -- Found PCL_APPS: /usr/lib/x86_64-linux-gnu/libpcl_apps.so  
[6.131s] -- Found PCL_IN_HAND_SCANNER: /usr/include/pcl-1.12  
[6.131s] -- Found PCL_MODELER: /usr/include/pcl-1.12  
[6.132s] -- Found PCL_POINT_CLOUD_EDITOR: /usr/include/pcl-1.12  
[6.134s] -- Found PCL_OUTOFCORE: /usr/lib/x86_64-linux-gnu/libpcl_outofcore.so  
[6.137s] -- Found PCL_PEOPLE: /usr/lib/x86_64-linux-gnu/libpcl_people.so  
[6.150s] CMake Warning (dev) at CMakeLists.txt:43 (find_package):
[6.150s]   Policy CMP0074 is not set: find_package uses <PackageName>_ROOT variables.
[6.150s]   Run "cmake --help-policy CMP0074" for policy details.  Use the cmake_policy
[6.150s]   command to set the policy and suppress this warning.
[6.151s] 
[6.151s]   CMake variable PCL_ROOT is set to:
[6.151s] 
[6.151s]     /usr
[6.151s] 
[6.152s]   For compatibility, CMake is ignoring the variable.
[6.152s] This warning is for project developers.  Use -Wno-dev to suppress it.
[6.152s] 
[6.903s] -- Configuring done
[7.043s] -- Generating done
[7.095s] -- Build files have been written to: /home/ubuntu/unilidar_sdk2/build/point_lio_unilidar
[30.025s] Invoked command in '/home/ubuntu/unilidar_sdk2/build/point_lio_unilidar' returned '0': CMAKE_PREFIX_PATH=/opt/ros/humble _=/usr/bin/env /usr/bin/cmake /home/ubuntu/unilidar_sdk2/point_lio_unilidar-2.0.2 -DCMAKE_INSTALL_PREFIX=/home/ubuntu/unilidar_sdk2/install/point_lio_unilidar
[30.026s] Invoking command in '/home/ubuntu/unilidar_sdk2/build/point_lio_unilidar': CMAKE_PREFIX_PATH=/opt/ros/humble _=/usr/bin/env /usr/bin/cmake --build /home/ubuntu/unilidar_sdk2/build/point_lio_unilidar -- -j12 -l12
[30.116s] [ 16%] Building CXX object CMakeFiles/pointlio_mapping.dir/src/laserMapping.cpp.o
[42.038s] In file included from /usr/include/boost/smart_ptr/detail/sp_thread_sleep.hpp:22,
[42.041s]                  from /usr/include/boost/smart_ptr/detail/yield_k.hpp:23,
[42.044s]                  from /usr/include/boost/smart_ptr/detail/spinlock_gcc_atomic.hpp:14,
[42.044s]                  from /usr/include/boost/smart_ptr/detail/spinlock.hpp:42,
[42.044s]                  from /usr/include/boost/smart_ptr/detail/spinlock_pool.hpp:25,
[42.044s]                  from /usr/include/boost/smart_ptr/shared_ptr.hpp:29,
[42.044s]                  from /usr/include/boost/shared_ptr.hpp:17,
[42.044s]                  from /usr/include/boost/date_time/microsec_time_clock.hpp:18,
[42.044s]                  from /usr/include/boost/interprocess/detail/posix_time_types_wrk.hpp:31,
[42.045s]                  from /usr/include/boost/interprocess/detail/os_thread_functions.hpp:36,
[42.045s]                  from /usr/include/boost/interprocess/sync/file_lock.hpp:26,
[42.045s]                  from /usr/include/pcl-1.12/pcl/io/pcd_io.h:46,
[42.045s]                  from /opt/ros/humble/include/pcl_conversions/pcl_conversions/pcl_conversions.h:73,
[42.045s]                  from /home/ubuntu/unilidar_sdk2/point_lio_unilidar-2.0.2/src/laserMapping.cpp:11:
[42.045s] /usr/include/boost/bind.hpp:36:1: note: ‘#pragma message: The practice of declaring the Bind placeholders (_1, _2, ...) in the global namespace is deprecated. Please use <boost/bind/bind.hpp> + using namespace boost::placeholders, or define BOOST_BIND_GLOBAL_PLACEHOLDERS to retain the current behavior.’
[42.045s]    36 | BOOST_PRAGMA_MESSAGE(
[42.045s]       | ^~~~~~~~~~~~~~~~~~~~
[43.450s] /home/ubuntu/unilidar_sdk2/point_lio_unilidar-2.0.2/src/laserMapping.cpp: In function ‘void standard_pcl_cbk(const ConstSharedPtr&)’:
[43.450s] /home/ubuntu/unilidar_sdk2/point_lio_unilidar-2.0.2/src/laserMapping.cpp:263:27: error: ‘const _stamp_type’ {aka ‘const struct builtin_interfaces::msg::Time_<std::allocator<void> >’} has no member named ‘seconds’
[43.450s]   263 |     if (msg->header.stamp.seconds() < last_timestamp_lidar)
[43.450s]       |                           ^~~~~~~
[43.453s] /home/ubuntu/unilidar_sdk2/point_lio_unilidar-2.0.2/src/laserMapping.cpp:272:46: error: ‘const _stamp_type’ {aka ‘const struct builtin_interfaces::msg::Time_<std::allocator<void> >’} has no member named ‘seconds’
[43.453s]   272 |     last_timestamp_lidar = msg->header.stamp.seconds();
[43.455s]       |                                              ^~~~~~~
[43.455s] /home/ubuntu/unilidar_sdk2/point_lio_unilidar-2.0.2/src/laserMapping.cpp:277:41: error: ‘const _stamp_type’ {aka ‘const struct builtin_interfaces::msg::Time_<std::allocator<void> >’} has no member named ‘seconds’
[43.455s]   277 |     double time_div = msg->header.stamp.seconds();
[43.455s]       |                                         ^~~~~~~
[43.461s] /home/ubuntu/unilidar_sdk2/point_lio_unilidar-2.0.2/src/laserMapping.cpp:293:77: error: ‘const _stamp_type’ {aka ‘const struct builtin_interfaces::msg::Time_<std::allocator<void> >’} has no member named ‘seconds’
[43.465s]   293 |             if (ptr->points[i].curvature / double(1000) + msg->header.stamp.seconds() - time_div > cut_frame_time_interval)
[43.465s]       |                                                                             ^~~~~~~
[43.465s] /home/ubuntu/unilidar_sdk2/point_lio_unilidar-2.0.2/src/laserMapping.cpp:348:52: error: ‘const _stamp_type’ {aka ‘const struct builtin_interfaces::msg::Time_<std::allocator<void> >’} has no member named ‘seconds’
[43.465s]   348 |         time_buffer.emplace_back(msg->header.stamp.seconds());
[43.465s]       |                                                    ^~~~~~~
[43.465s] /home/ubuntu/unilidar_sdk2/point_lio_unilidar-2.0.2/src/laserMapping.cpp: In function ‘void imu_cbk(const ConstSharedPtr&)’:
[43.465s] /home/ubuntu/unilidar_sdk2/point_lio_unilidar-2.0.2/src/laserMapping.cpp:456:58: error: ‘const _stamp_type’ {aka ‘const struct builtin_interfaces::msg::Time_<std::allocator<void> >’} has no member named ‘seconds’
[43.466s]   456 |     msg->header.stamp = timeFromSec(msg_in->header.stamp.seconds() - time_lag_imu_to_lidar);
[43.466s]       |                                                          ^~~~~~~
[43.466s] /home/ubuntu/unilidar_sdk2/point_lio_unilidar-2.0.2/src/laserMapping.cpp:458:42: error: ‘using _stamp_type = struct builtin_interfaces::msg::Time_<std::allocator<void> >’ {aka ‘struct builtin_interfaces::msg::Time_<std::allocator<void> >’} has no member named ‘seconds’
[43.466s]   458 |     double timestamp = msg->header.stamp.seconds();
[43.466s]       |                                          ^~~~~~~
[43.470s] /home/ubuntu/unilidar_sdk2/point_lio_unilidar-2.0.2/src/laserMapping.cpp: In function ‘bool sync_packages(MeasureGroup&)’:
[43.470s] /home/ubuntu/unilidar_sdk2/point_lio_unilidar-2.0.2/src/laserMapping.cpp:559:59: error: ‘const _stamp_type’ {aka ‘const struct builtin_interfaces::msg::Time_<std::allocator<void> >’} has no member named ‘seconds’
[43.470s]   559 |         double imu_time = imu_deque.front()->header.stamp.seconds();
[43.471s]       |                                                           ^~~~~~~
[43.471s] /home/ubuntu/unilidar_sdk2/point_lio_unilidar-2.0.2/src/laserMapping.cpp:563:56: error: ‘const _stamp_type’ {aka ‘const struct builtin_interfaces::msg::Time_<std::allocator<void> >’} has no member named ‘seconds’
[43.471s]   563 |             imu_time = imu_deque.front()->header.stamp.seconds();
[43.471s]       |                                                        ^~~~~~~
[43.472s] /home/ubuntu/unilidar_sdk2/point_lio_unilidar-2.0.2/src/laserMapping.cpp:575:59: error: ‘const _stamp_type’ {aka ‘const struct builtin_interfaces::msg::Time_<std::allocator<void> >’} has no member named ‘seconds’
[43.472s]   575 |         double imu_time = imu_deque.front()->header.stamp.seconds();
[43.472s]       |                                                           ^~~~~~~
[43.472s] /home/ubuntu/unilidar_sdk2/point_lio_unilidar-2.0.2/src/laserMapping.cpp:581:56: error: ‘const _stamp_type’ {aka ‘const struct builtin_interfaces::msg::Time_<std::allocator<void> >’} has no member named ‘seconds’
[43.472s]   581 |             imu_time = imu_deque.front()->header.stamp.seconds();
[43.472s]       |                                                        ^~~~~~~
[44.052s] /home/ubuntu/unilidar_sdk2/point_lio_unilidar-2.0.2/src/laserMapping.cpp: In function ‘int main(int, char**)’:
[44.052s] /home/ubuntu/unilidar_sdk2/point_lio_unilidar-2.0.2/src/laserMapping.cpp:971:72: error: ‘using _stamp_type = struct builtin_interfaces::msg::Time_<std::allocator<void> >’ {aka ‘struct builtin_interfaces::msg::Time_<std::allocator<void> >’} has no member named ‘seconds’
[44.052s]   971 |                 while (Measures.lidar_beg_time > imu_next.header.stamp.seconds())
[44.053s]       |                                                                        ^~~~~~~
[44.252s] /home/ubuntu/unilidar_sdk2/point_lio_unilidar-2.0.2/src/laserMapping.cpp:1131:69: error: ‘using _stamp_type = struct builtin_interfaces::msg::Time_<std::allocator<void> >’ {aka ‘struct builtin_interfaces::msg::Time_<std::allocator<void> >’} has no member named ‘seconds’
[44.252s]  1131 |                         while (time_current > imu_next.header.stamp.seconds())
[44.252s]       |                                                                     ^~~~~~~
[44.257s] /home/ubuntu/unilidar_sdk2/point_lio_unilidar-2.0.2/src/laserMapping.cpp:1149:75: error: ‘using _stamp_type = struct builtin_interfaces::msg::Time_<std::allocator<void> >’ {aka ‘struct builtin_interfaces::msg::Time_<std::allocator<void> >’} has no member named ‘seconds’
[44.257s]  1149 |                     bool imu_comes = time_current > imu_next.header.stamp.seconds();
[44.257s]       |                                                                           ^~~~~~~
[44.257s] /home/ubuntu/unilidar_sdk2/point_lio_unilidar-2.0.2/src/laserMapping.cpp:1160:59: error: ‘using _stamp_type = struct builtin_interfaces::msg::Time_<std::allocator<void> >’ {aka ‘struct builtin_interfaces::msg::Time_<std::allocator<void> >’} has no member named ‘seconds’
[44.257s]  1160 |                         double dt = imu_last.header.stamp.seconds() - time_predict_last_const;
[44.257s]       |                                                           ^~~~~~~
[44.257s] /home/ubuntu/unilidar_sdk2/point_lio_unilidar-2.0.2/src/laserMapping.cpp:1162:73: error: ‘using _stamp_type = struct builtin_interfaces::msg::Time_<std::allocator<void> >’ {aka ‘struct builtin_interfaces::msg::Time_<std::allocator<void> >’} has no member named ‘seconds’
[44.257s]  1162 |                         time_predict_last_const = imu_last.header.stamp.seconds();
[44.257s]       |                                                                         ^~~~~~~
[44.257s] /home/ubuntu/unilidar_sdk2/point_lio_unilidar-2.0.2/src/laserMapping.cpp:1163:74: error: ‘using _stamp_type = struct builtin_interfaces::msg::Time_<std::allocator<void> >’ {aka ‘struct builtin_interfaces::msg::Time_<std::allocator<void> >’} has no member named ‘seconds’
[44.257s]  1163 |                         imu_comes = time_current > imu_next.header.stamp.seconds();
[44.257s]       |                                                                          ^~~~~~~
[44.258s] /home/ubuntu/unilidar_sdk2/point_lio_unilidar-2.0.2/src/laserMapping.cpp:1166:67: error: ‘using _stamp_type = struct builtin_interfaces::msg::Time_<std::allocator<void> >’ {aka ‘struct builtin_interfaces::msg::Time_<std::allocator<void> >’} has no member named ‘seconds’
[44.258s]  1166 |                             double dt_cov = imu_last.header.stamp.seconds() - time_update_last;
[44.258s]       |                                                                   ^~~~~~~
[44.258s] /home/ubuntu/unilidar_sdk2/point_lio_unilidar-2.0.2/src/laserMapping.cpp:1170:74: error: ‘using _stamp_type = struct builtin_interfaces::msg::Time_<std::allocator<void> >’ {aka ‘struct builtin_interfaces::msg::Time_<std::allocator<void> >’} has no member named ‘seconds’
[44.258s]  1170 |                                 time_update_last = imu_last.header.stamp.seconds();
[44.258s]       |                                                                          ^~~~~~~
[44.263s] /home/ubuntu/unilidar_sdk2/point_lio_unilidar-2.0.2/src/laserMapping.cpp:1268:65: error: ‘using _stamp_type = struct builtin_interfaces::msg::Time_<std::allocator<void> >’ {aka ‘struct builtin_interfaces::msg::Time_<std::allocator<void> >’} has no member named ‘seconds’
[44.263s]  1268 |                     while (time_current > imu_next.header.stamp.seconds())
[44.263s]       |                                                                 ^~~~~~~
[44.265s] /home/ubuntu/unilidar_sdk2/point_lio_unilidar-2.0.2/src/laserMapping.cpp:1293:61: error: ‘using _stamp_type = struct builtin_interfaces::msg::Time_<std::allocator<void> >’ {aka ‘struct builtin_interfaces::msg::Time_<std::allocator<void> >’} has no member named ‘seconds’
[44.265s]  1293 |                 while (time_current > imu_next.header.stamp.seconds())
[44.266s]       |                                                             ^~~~~~~
[44.267s] /home/ubuntu/unilidar_sdk2/point_lio_unilidar-2.0.2/src/laserMapping.cpp:1302:55: error: ‘using _stamp_type = struct builtin_interfaces::msg::Time_<std::allocator<void> >’ {aka ‘struct builtin_interfaces::msg::Time_<std::allocator<void> >’} has no member named ‘seconds’
[44.267s]  1302 |                     double dt = imu_last.header.stamp.seconds() - t_last;
[44.267s]       |                                                       ^~~~~~~
[44.269s] /home/ubuntu/unilidar_sdk2/point_lio_unilidar-2.0.2/src/laserMapping.cpp:1304:59: error: ‘using _stamp_type = struct builtin_interfaces::msg::Time_<std::allocator<void> >’ {aka ‘struct builtin_interfaces::msg::Time_<std::allocator<void> >’} has no member named ‘seconds’
[44.269s]  1304 |                     double dt_cov = imu_last.header.stamp.seconds() - time_update_last;
[44.269s]       |                                                           ^~~~~~~
[44.269s] /home/ubuntu/unilidar_sdk2/point_lio_unilidar-2.0.2/src/laserMapping.cpp:1308:66: error: ‘using _stamp_type = struct builtin_interfaces::msg::Time_<std::allocator<void> >’ {aka ‘struct builtin_interfaces::msg::Time_<std::allocator<void> >’} has no member named ‘seconds’
[44.269s]  1308 |                         time_update_last = imu_last.header.stamp.seconds();
[44.269s]       |                                                                  ^~~~~~~
[44.269s] /home/ubuntu/unilidar_sdk2/point_lio_unilidar-2.0.2/src/laserMapping.cpp:1311:52: error: ‘using _stamp_type = struct builtin_interfaces::msg::Time_<std::allocator<void> >’ {aka ‘struct builtin_interfaces::msg::Time_<std::allocator<void> >’} has no member named ‘seconds’
[44.270s]  1311 |                     t_last = imu_last.header.stamp.seconds();
[44.270s]       |                                                    ^~~~~~~
[82.177s] gmake[2]: *** [CMakeFiles/pointlio_mapping.dir/build.make:76: CMakeFiles/pointlio_mapping.dir/src/laserMapping.cpp.o] Error 1
[82.178s] gmake[1]: *** [CMakeFiles/Makefile2:137: CMakeFiles/pointlio_mapping.dir/all] Error 2
[82.178s] gmake: *** [Makefile:146: all] Error 2
[90.049s] Invoked command in '/home/ubuntu/unilidar_sdk2/build/point_lio_unilidar' returned '2': CMAKE_PREFIX_PATH=/opt/ros/humble _=/usr/bin/env /usr/bin/cmake --build /home/ubuntu/unilidar_sdk2/build/point_lio_unilidar -- -j12 -l12
