The MPI test test_mpi for C in mode normal failed to compile with the following output:
Change Dir: /home/ubuntu/unilidar_sdk2/patchwork-plusplus-ros/build/patchworkpp/CMakeFiles/CMakeTmp

Run Build Command(s):/usr/bin/gmake -f Makefile cmTC_a501a/fast && /usr/bin/gmake  -f CMakeFiles/cmTC_a501a.dir/build.make CMakeFiles/cmTC_a501a.dir/build
gmake[1]: Entering directory '/home/ubuntu/unilidar_sdk2/patchwork-plusplus-ros/build/patchworkpp/CMakeFiles/CMakeTmp'
Building C object CMakeFiles/cmTC_a501a.dir/test_mpi.c.o
/usr/bin/cc  -isystem /usr/lib/x86_64-linux-gnu/openmpi/include/openmpi  -o CMakeFiles/cmTC_a501a.dir/test_mpi.c.o -c /usr/share/cmake-3.22/Modules/FindMPI/test_mpi.c
/usr/share/cmake-3.22/Modules/FindMPI/test_mpi.c:1:10: fatal error: mpi.h: No such file or directory
    1 | #include <mpi.h>
      |          ^~~~~~~
compilation terminated.
gmake[1]: *** [CMakeFiles/cmTC_a501a.dir/build.make:78: CMakeFiles/cmTC_a501a.dir/test_mpi.c.o] Error 1
gmake[1]: Leaving directory '/home/ubuntu/unilidar_sdk2/patchwork-plusplus-ros/build/patchworkpp/CMakeFiles/CMakeTmp'
gmake: *** [Makefile:127: cmTC_a501a/fast] Error 2



The MPI test test_mpi for C in mode normal failed to compile with the following output:
Change Dir: /home/ubuntu/unilidar_sdk2/patchwork-plusplus-ros/build/patchworkpp/CMakeFiles/CMakeTmp

Run Build Command(s):/usr/bin/gmake -f Makefile cmTC_d1a35/fast && /usr/bin/gmake  -f CMakeFiles/cmTC_d1a35.dir/build.make CMakeFiles/cmTC_d1a35.dir/build
gmake[1]: Entering directory '/home/ubuntu/unilidar_sdk2/patchwork-plusplus-ros/build/patchworkpp/CMakeFiles/CMakeTmp'
Building C object CMakeFiles/cmTC_d1a35.dir/test_mpi.c.o
/usr/bin/cc  -isystem /usr/lib/x86_64-linux-gnu/openmpi/include/openmpi  -o CMakeFiles/cmTC_d1a35.dir/test_mpi.c.o -c /usr/share/cmake-3.22/Modules/FindMPI/test_mpi.c
/usr/share/cmake-3.22/Modules/FindMPI/test_mpi.c:1:10: fatal error: mpi.h: No such file or directory
    1 | #include <mpi.h>
      |          ^~~~~~~
compilation terminated.
gmake[1]: *** [CMakeFiles/cmTC_d1a35.dir/build.make:78: CMakeFiles/cmTC_d1a35.dir/test_mpi.c.o] Error 1
gmake[1]: Leaving directory '/home/ubuntu/unilidar_sdk2/patchwork-plusplus-ros/build/patchworkpp/CMakeFiles/CMakeTmp'
gmake: *** [Makefile:127: cmTC_d1a35/fast] Error 2



The MPI test test_mpi for C in mode normal failed to compile with the following output:
Change Dir: /home/ubuntu/unilidar_sdk2/patchwork-plusplus-ros/build/patchworkpp/CMakeFiles/CMakeTmp

Run Build Command(s):/usr/bin/gmake -f Makefile cmTC_44947/fast && /usr/bin/gmake  -f CMakeFiles/cmTC_44947.dir/build.make CMakeFiles/cmTC_44947.dir/build
gmake[1]: Entering directory '/home/ubuntu/unilidar_sdk2/patchwork-plusplus-ros/build/patchworkpp/CMakeFiles/CMakeTmp'
Building C object CMakeFiles/cmTC_44947.dir/test_mpi.c.o
/usr/bin/cc  -isystem /usr/lib/x86_64-linux-gnu/openmpi/include/openmpi  -o CMakeFiles/cmTC_44947.dir/test_mpi.c.o -c /usr/share/cmake-3.22/Modules/FindMPI/test_mpi.c
/usr/share/cmake-3.22/Modules/FindMPI/test_mpi.c:1:10: fatal error: mpi.h: No such file or directory
    1 | #include <mpi.h>
      |          ^~~~~~~
compilation terminated.
gmake[1]: *** [CMakeFiles/cmTC_44947.dir/build.make:78: CMakeFiles/cmTC_44947.dir/test_mpi.c.o] Error 1
gmake[1]: Leaving directory '/home/ubuntu/unilidar_sdk2/patchwork-plusplus-ros/build/patchworkpp/CMakeFiles/CMakeTmp'
gmake: *** [Makefile:127: cmTC_44947/fast] Error 2



The MPI test test_mpi for C in mode normal failed to compile with the following output:
Change Dir: /home/ubuntu/unilidar_sdk2/patchwork-plusplus-ros/build/patchworkpp/CMakeFiles/CMakeTmp

Run Build Command(s):/usr/bin/gmake -f Makefile cmTC_14bae/fast && /usr/bin/gmake  -f CMakeFiles/cmTC_14bae.dir/build.make CMakeFiles/cmTC_14bae.dir/build
gmake[1]: Entering directory '/home/ubuntu/unilidar_sdk2/patchwork-plusplus-ros/build/patchworkpp/CMakeFiles/CMakeTmp'
Building C object CMakeFiles/cmTC_14bae.dir/test_mpi.c.o
/usr/bin/cc  -isystem /usr/lib/x86_64-linux-gnu/openmpi/include/openmpi  -o CMakeFiles/cmTC_14bae.dir/test_mpi.c.o -c /usr/share/cmake-3.22/Modules/FindMPI/test_mpi.c
/usr/share/cmake-3.22/Modules/FindMPI/test_mpi.c:1:10: fatal error: mpi.h: No such file or directory
    1 | #include <mpi.h>
      |          ^~~~~~~
compilation terminated.
gmake[1]: *** [CMakeFiles/cmTC_14bae.dir/build.make:78: CMakeFiles/cmTC_14bae.dir/test_mpi.c.o] Error 1
gmake[1]: Leaving directory '/home/ubuntu/unilidar_sdk2/patchwork-plusplus-ros/build/patchworkpp/CMakeFiles/CMakeTmp'
gmake: *** [Makefile:127: cmTC_14bae/fast] Error 2



The MPI test test_mpi for C in mode normal failed to compile with the following output:
Change Dir: /home/ubuntu/unilidar_sdk2/patchwork-plusplus-ros/build/patchworkpp/CMakeFiles/CMakeTmp

Run Build Command(s):/usr/bin/gmake -f Makefile cmTC_df4b9/fast && /usr/bin/gmake  -f CMakeFiles/cmTC_df4b9.dir/build.make CMakeFiles/cmTC_df4b9.dir/build
gmake[1]: Entering directory '/home/ubuntu/unilidar_sdk2/patchwork-plusplus-ros/build/patchworkpp/CMakeFiles/CMakeTmp'
Building C object CMakeFiles/cmTC_df4b9.dir/test_mpi.c.o
/usr/bin/cc  -isystem /usr/lib/x86_64-linux-gnu/openmpi/include/openmpi  -o CMakeFiles/cmTC_df4b9.dir/test_mpi.c.o -c /usr/share/cmake-3.22/Modules/FindMPI/test_mpi.c
/usr/share/cmake-3.22/Modules/FindMPI/test_mpi.c:1:10: fatal error: mpi.h: No such file or directory
    1 | #include <mpi.h>
      |          ^~~~~~~
compilation terminated.
gmake[1]: *** [CMakeFiles/cmTC_df4b9.dir/build.make:78: CMakeFiles/cmTC_df4b9.dir/test_mpi.c.o] Error 1
gmake[1]: Leaving directory '/home/ubuntu/unilidar_sdk2/patchwork-plusplus-ros/build/patchworkpp/CMakeFiles/CMakeTmp'
gmake: *** [Makefile:127: cmTC_df4b9/fast] Error 2



The MPI test test_mpi for C in mode normal failed to compile with the following output:
Change Dir: /home/ubuntu/unilidar_sdk2/patchwork-plusplus-ros/build/patchworkpp/CMakeFiles/CMakeTmp

Run Build Command(s):/usr/bin/gmake -f Makefile cmTC_d3622/fast && gmake[1]: Entering directory '/home/ubuntu/unilidar_sdk2/patchwork-plusplus-ros/build/patchworkpp/CMakeFiles/CMakeTmp'
/usr/bin/gmake  -f CMakeFiles/cmTC_d3622.dir/build.make CMakeFiles/cmTC_d3622.dir/build
gmake[2]: Entering directory '/home/ubuntu/unilidar_sdk2/patchwork-plusplus-ros/build/patchworkpp/CMakeFiles/CMakeTmp'
Building C object CMakeFiles/cmTC_d3622.dir/test_mpi.c.o
/usr/bin/cc  -isystem /usr/lib/x86_64-linux-gnu/openmpi/include/openmpi  -o CMakeFiles/cmTC_d3622.dir/test_mpi.c.o -c /usr/share/cmake-3.22/Modules/FindMPI/test_mpi.c
/usr/share/cmake-3.22/Modules/FindMPI/test_mpi.c:1:10: fatal error: mpi.h: No such file or directory
    1 | #include <mpi.h>
      |          ^~~~~~~
compilation terminated.
gmake[2]: *** [CMakeFiles/cmTC_d3622.dir/build.make:78: CMakeFiles/cmTC_d3622.dir/test_mpi.c.o] Error 1
gmake[2]: Leaving directory '/home/ubuntu/unilidar_sdk2/patchwork-plusplus-ros/build/patchworkpp/CMakeFiles/CMakeTmp'
gmake[1]: *** [Makefile:127: cmTC_d3622/fast] Error 2
gmake[1]: Leaving directory '/home/ubuntu/unilidar_sdk2/patchwork-plusplus-ros/build/patchworkpp/CMakeFiles/CMakeTmp'



The MPI test test_mpi for C in mode normal failed to compile with the following output:
Change Dir: /home/ubuntu/unilidar_sdk2/patchwork-plusplus-ros/build/patchworkpp/CMakeFiles/CMakeTmp

Run Build Command(s):/usr/bin/gmake -f Makefile cmTC_a90ff/fast && gmake[1]: Entering directory '/home/ubuntu/unilidar_sdk2/patchwork-plusplus-ros/build/patchworkpp/CMakeFiles/CMakeTmp'
/usr/bin/gmake  -f CMakeFiles/cmTC_a90ff.dir/build.make CMakeFiles/cmTC_a90ff.dir/build
gmake[2]: Entering directory '/home/ubuntu/unilidar_sdk2/patchwork-plusplus-ros/build/patchworkpp/CMakeFiles/CMakeTmp'
Building C object CMakeFiles/cmTC_a90ff.dir/test_mpi.c.o
/usr/bin/cc  -isystem /usr/lib/x86_64-linux-gnu/openmpi/include/openmpi  -o CMakeFiles/cmTC_a90ff.dir/test_mpi.c.o -c /usr/share/cmake-3.22/Modules/FindMPI/test_mpi.c
/usr/share/cmake-3.22/Modules/FindMPI/test_mpi.c:1:10: fatal error: mpi.h: No such file or directory
    1 | #include <mpi.h>
      |          ^~~~~~~
compilation terminated.
gmake[2]: *** [CMakeFiles/cmTC_a90ff.dir/build.make:78: CMakeFiles/cmTC_a90ff.dir/test_mpi.c.o] Error 1
gmake[2]: Leaving directory '/home/ubuntu/unilidar_sdk2/patchwork-plusplus-ros/build/patchworkpp/CMakeFiles/CMakeTmp'
gmake[1]: *** [Makefile:127: cmTC_a90ff/fast] Error 2
gmake[1]: Leaving directory '/home/ubuntu/unilidar_sdk2/patchwork-plusplus-ros/build/patchworkpp/CMakeFiles/CMakeTmp'



The MPI test test_mpi for C in mode normal failed to compile with the following output:
Change Dir: /home/ubuntu/unilidar_sdk2/patchwork-plusplus-ros/build/patchworkpp/CMakeFiles/CMakeTmp

Run Build Command(s):/usr/bin/gmake -f Makefile cmTC_0354c/fast && gmake[1]: Entering directory '/home/ubuntu/unilidar_sdk2/patchwork-plusplus-ros/build/patchworkpp/CMakeFiles/CMakeTmp'
/usr/bin/gmake  -f CMakeFiles/cmTC_0354c.dir/build.make CMakeFiles/cmTC_0354c.dir/build
gmake[2]: Entering directory '/home/ubuntu/unilidar_sdk2/patchwork-plusplus-ros/build/patchworkpp/CMakeFiles/CMakeTmp'
Building C object CMakeFiles/cmTC_0354c.dir/test_mpi.c.o
/usr/bin/cc  -isystem /usr/lib/x86_64-linux-gnu/openmpi/include/openmpi  -o CMakeFiles/cmTC_0354c.dir/test_mpi.c.o -c /usr/share/cmake-3.22/Modules/FindMPI/test_mpi.c
/usr/share/cmake-3.22/Modules/FindMPI/test_mpi.c:1:10: fatal error: mpi.h: No such file or directory
    1 | #include <mpi.h>
      |          ^~~~~~~
compilation terminated.
gmake[2]: *** [CMakeFiles/cmTC_0354c.dir/build.make:78: CMakeFiles/cmTC_0354c.dir/test_mpi.c.o] Error 1
gmake[2]: Leaving directory '/home/ubuntu/unilidar_sdk2/patchwork-plusplus-ros/build/patchworkpp/CMakeFiles/CMakeTmp'
gmake[1]: *** [Makefile:127: cmTC_0354c/fast] Error 2
gmake[1]: Leaving directory '/home/ubuntu/unilidar_sdk2/patchwork-plusplus-ros/build/patchworkpp/CMakeFiles/CMakeTmp'



The MPI test test_mpi for C in mode normal failed to compile with the following output:
Change Dir: /home/ubuntu/unilidar_sdk2/patchwork-plusplus-ros/build/patchworkpp/CMakeFiles/CMakeTmp

Run Build Command(s):/usr/bin/gmake -f Makefile cmTC_c7b98/fast && gmake[1]: Entering directory '/home/ubuntu/unilidar_sdk2/patchwork-plusplus-ros/build/patchworkpp/CMakeFiles/CMakeTmp'
/usr/bin/gmake  -f CMakeFiles/cmTC_c7b98.dir/build.make CMakeFiles/cmTC_c7b98.dir/build
gmake[2]: Entering directory '/home/ubuntu/unilidar_sdk2/patchwork-plusplus-ros/build/patchworkpp/CMakeFiles/CMakeTmp'
Building C object CMakeFiles/cmTC_c7b98.dir/test_mpi.c.o
/usr/bin/cc  -isystem /usr/lib/x86_64-linux-gnu/openmpi/include/openmpi  -o CMakeFiles/cmTC_c7b98.dir/test_mpi.c.o -c /usr/share/cmake-3.22/Modules/FindMPI/test_mpi.c
/usr/share/cmake-3.22/Modules/FindMPI/test_mpi.c:1:10: fatal error: mpi.h: No such file or directory
    1 | #include <mpi.h>
      |          ^~~~~~~
compilation terminated.
gmake[2]: *** [CMakeFiles/cmTC_c7b98.dir/build.make:78: CMakeFiles/cmTC_c7b98.dir/test_mpi.c.o] Error 1
gmake[2]: Leaving directory '/home/ubuntu/unilidar_sdk2/patchwork-plusplus-ros/build/patchworkpp/CMakeFiles/CMakeTmp'
gmake[1]: *** [Makefile:127: cmTC_c7b98/fast] Error 2
gmake[1]: Leaving directory '/home/ubuntu/unilidar_sdk2/patchwork-plusplus-ros/build/patchworkpp/CMakeFiles/CMakeTmp'



The MPI test test_mpi for C in mode normal failed to compile with the following output:
Change Dir: /home/ubuntu/unilidar_sdk2/patchwork-plusplus-ros/build/patchworkpp/CMakeFiles/CMakeTmp

Run Build Command(s):/usr/bin/gmake -f Makefile cmTC_787b4/fast && gmake[1]: Entering directory '/home/ubuntu/unilidar_sdk2/patchwork-plusplus-ros/build/patchworkpp/CMakeFiles/CMakeTmp'
/usr/bin/gmake  -f CMakeFiles/cmTC_787b4.dir/build.make CMakeFiles/cmTC_787b4.dir/build
gmake[2]: Entering directory '/home/ubuntu/unilidar_sdk2/patchwork-plusplus-ros/build/patchworkpp/CMakeFiles/CMakeTmp'
Building C object CMakeFiles/cmTC_787b4.dir/test_mpi.c.o
/usr/bin/cc  -isystem /usr/lib/x86_64-linux-gnu/openmpi/include/openmpi  -o CMakeFiles/cmTC_787b4.dir/test_mpi.c.o -c /usr/share/cmake-3.22/Modules/FindMPI/test_mpi.c
/usr/share/cmake-3.22/Modules/FindMPI/test_mpi.c:1:10: fatal error: mpi.h: No such file or directory
    1 | #include <mpi.h>
      |          ^~~~~~~
compilation terminated.
gmake[2]: *** [CMakeFiles/cmTC_787b4.dir/build.make:78: CMakeFiles/cmTC_787b4.dir/test_mpi.c.o] Error 1
gmake[2]: Leaving directory '/home/ubuntu/unilidar_sdk2/patchwork-plusplus-ros/build/patchworkpp/CMakeFiles/CMakeTmp'
gmake[1]: *** [Makefile:127: cmTC_787b4/fast] Error 2
gmake[1]: Leaving directory '/home/ubuntu/unilidar_sdk2/patchwork-plusplus-ros/build/patchworkpp/CMakeFiles/CMakeTmp'



