[0.019s] Invoking command in '/home/ubuntu/unilidar_sdk2/patchwork-plusplus-ros/build/patchworkpp': CMAKE_PREFIX_PATH=/opt/ros/humble _=/usr/bin/env /usr/bin/cmake --build /home/ubuntu/unilidar_sdk2/patchwork-plusplus-ros/build/patchworkpp -- -j12 -l12
[0.083s] -- Found ament_cmake: 1.3.14 (/opt/ros/humble/share/ament_cmake/cmake)
[0.312s] -- Found rclcpp: 16.0.19 (/opt/ros/humble/share/rclcpp/cmake)
[0.361s] -- Found rosidl_generator_c: 3.1.8 (/opt/ros/humble/share/rosidl_generator_c/cmake)
[0.365s] -- Found rosidl_adapter: 3.1.8 (/opt/ros/humble/share/rosidl_adapter/cmake)
[0.382s] -- Found rosidl_generator_cpp: 3.1.8 (/opt/ros/humble/share/rosidl_generator_cpp/cmake)
[0.394s] -- Using all available rosidl_typesupport_c: rosidl_typesupport_fastrtps_c;rosidl_typesupport_introspection_c
[0.414s] -- Using all available rosidl_typesupport_cpp: rosidl_typesupport_fastrtps_cpp;rosidl_typesupport_introspection_cpp
[0.463s] -- Found rmw_implementation_cmake: 6.1.2 (/opt/ros/humble/share/rmw_implementation_cmake/cmake)
[0.466s] -- Found rmw_fastrtps_cpp: 6.2.10 (/opt/ros/humble/share/rmw_fastrtps_cpp/cmake)
[0.620s] -- Using RMW implementation 'rmw_fastrtps_cpp' as default
[0.693s] -- Found sensor_msgs: 4.9.1 (/opt/ros/humble/share/sensor_msgs/cmake)
[0.739s] -- Found visualization_msgs: 4.9.1 (/opt/ros/humble/share/visualization_msgs/cmake)
[0.777s] -- Found pcl_conversions: 2.4.5 (/opt/ros/humble/share/pcl_conversions/cmake)
[0.840s] -- Eigen found (include: /usr/include/eigen3, version: 3.4.0)
[0.903s] -- FLANN found (include: /usr/include, lib: /usr/lib/x86_64-linux-gnu/libflann_cpp.so)
[1.460s] -- OpenNI found (version: 1.5.4.0, include: /usr/include/ni, lib: /usr/lib/libOpenNI.so;libusb::libusb)
[1.473s] -- OpenNI2 found (version: 2.2.0.33, include: /usr/include/openni2, lib: /usr/lib/x86_64-linux-gnu/libOpenNI2.so;libusb::libusb)
[1.811s] -- Eigen found (include: /usr/include/eigen3, version: 3.4.0)
[1.823s] -- OpenNI found (version: 1.5.4.0, include: /usr/include/ni, lib: /usr/lib/libOpenNI.so;libusb::libusb)
[1.833s] -- OpenNI2 found (version: 2.2.0.33, include: /usr/include/openni2, lib: /usr/lib/x86_64-linux-gnu/libOpenNI2.so;libusb::libusb)
[2.164s] -- Found Qhull version 8.0.2
[2.482s] -- OpenNI found (version: 1.5.4.0, include: /usr/include/ni, lib: /usr/lib/libOpenNI.so;libusb::libusb)
[2.820s] CMake Warning (dev) at CMakeLists.txt:18 (find_package):
[2.820s]   Policy CMP0074 is not set: find_package uses <PackageName>_ROOT variables.
[2.820s]   Run "cmake --help-policy CMP0074" for policy details.  Use the cmake_policy
[2.820s]   command to set the policy and suppress this warning.
[2.821s] 
[2.821s]   CMake variable PCL_ROOT is set to:
[2.821s] 
[2.822s]     /usr
[2.822s] 
[2.822s]   For compatibility, CMake is ignoring the variable.
[2.822s] This warning is for project developers.  Use -Wno-dev to suppress it.
[2.822s] 
[3.019s] -- Configuring done
[3.224s] -- Generating done
[3.265s] -- Build files have been written to: /home/ubuntu/unilidar_sdk2/patchwork-plusplus-ros/build/patchworkpp
[3.341s] Consolidate compiler generated dependencies of target demo
[3.476s] [ 16%] Building CXX object CMakeFiles/demo.dir/src/demo.cpp.o
[54.129s] [ 33%] Linking CXX executable demo
[55.552s] [ 33%] Built target demo
[55.585s] Consolidate compiler generated dependencies of target video
[55.622s] [ 50%] Building CXX object CMakeFiles/video.dir/src/video.cpp.o
[95.385s] [ 66%] Linking CXX executable video
[96.218s] [ 66%] Built target video
[96.260s] Consolidate compiler generated dependencies of target offline_kitti
[96.298s] [ 83%] Building CXX object CMakeFiles/offline_kitti.dir/src/offline_kitti.cpp.o
[136.381s] [100%] Linking CXX executable offline_kitti
[137.245s] [100%] Built target offline_kitti
[150.098s] Invoked command in '/home/ubuntu/unilidar_sdk2/patchwork-plusplus-ros/build/patchworkpp' returned '0': CMAKE_PREFIX_PATH=/opt/ros/humble _=/usr/bin/env /usr/bin/cmake --build /home/ubuntu/unilidar_sdk2/patchwork-plusplus-ros/build/patchworkpp -- -j12 -l12
[150.115s] Invoking command in '/home/ubuntu/unilidar_sdk2/patchwork-plusplus-ros/build/patchworkpp': CMAKE_PREFIX_PATH=/opt/ros/humble _=/usr/bin/env /usr/bin/cmake --install /home/ubuntu/unilidar_sdk2/patchwork-plusplus-ros/build/patchworkpp
[150.126s] -- Install configuration: "Release"
[150.129s] -- Installing: /home/ubuntu/unilidar_sdk2/patchwork-plusplus-ros/install/patchworkpp/lib/patchworkpp/demo
[150.130s] -- Set runtime path of "/home/ubuntu/unilidar_sdk2/patchwork-plusplus-ros/install/patchworkpp/lib/patchworkpp/demo" to ""
[150.132s] -- Installing: /home/ubuntu/unilidar_sdk2/patchwork-plusplus-ros/install/patchworkpp/lib/patchworkpp/offline_kitti
[150.133s] -- Set runtime path of "/home/ubuntu/unilidar_sdk2/patchwork-plusplus-ros/install/patchworkpp/lib/patchworkpp/offline_kitti" to ""
[150.135s] -- Installing: /home/ubuntu/unilidar_sdk2/patchwork-plusplus-ros/install/patchworkpp/lib/patchworkpp/video
[150.136s] -- Set runtime path of "/home/ubuntu/unilidar_sdk2/patchwork-plusplus-ros/install/patchworkpp/lib/patchworkpp/video" to ""
[150.136s] -- Up-to-date: /home/ubuntu/unilidar_sdk2/patchwork-plusplus-ros/install/patchworkpp/include/patchworkpp
[150.136s] -- Up-to-date: /home/ubuntu/unilidar_sdk2/patchwork-plusplus-ros/install/patchworkpp/include/patchworkpp/utils.hpp
[150.136s] -- Up-to-date: /home/ubuntu/unilidar_sdk2/patchwork-plusplus-ros/install/patchworkpp/include/patchworkpp/patchworkpp.hpp
[150.136s] -- Up-to-date: /home/ubuntu/unilidar_sdk2/patchwork-plusplus-ros/install/patchworkpp/share/patchworkpp/launch
[150.137s] -- Installing: /home/ubuntu/unilidar_sdk2/patchwork-plusplus-ros/install/patchworkpp/share/patchworkpp/launch/demo.py
[150.137s] -- Installing: /home/ubuntu/unilidar_sdk2/patchwork-plusplus-ros/install/patchworkpp/share/patchworkpp/launch/video.py
[150.137s] -- Installing: /home/ubuntu/unilidar_sdk2/patchwork-plusplus-ros/install/patchworkpp/share/patchworkpp/launch/offline_kitti.py
[150.138s] -- Up-to-date: /home/ubuntu/unilidar_sdk2/patchwork-plusplus-ros/install/patchworkpp/share/patchworkpp/config
[150.138s] -- Up-to-date: /home/ubuntu/unilidar_sdk2/patchwork-plusplus-ros/install/patchworkpp/share/patchworkpp/config/params.yaml
[150.138s] -- Up-to-date: /home/ubuntu/unilidar_sdk2/patchwork-plusplus-ros/install/patchworkpp/share/patchworkpp/rviz
[150.138s] -- Installing: /home/ubuntu/unilidar_sdk2/patchwork-plusplus-ros/install/patchworkpp/share/patchworkpp/rviz/demo.rviz
[150.139s] -- Installing: /home/ubuntu/unilidar_sdk2/patchwork-plusplus-ros/install/patchworkpp/share/patchworkpp/rviz/patchworkpp_viz.rviz
[150.139s] -- Up-to-date: /home/ubuntu/unilidar_sdk2/patchwork-plusplus-ros/install/patchworkpp/share/ament_index/resource_index/package_run_dependencies/patchworkpp
[150.139s] -- Up-to-date: /home/ubuntu/unilidar_sdk2/patchwork-plusplus-ros/install/patchworkpp/share/ament_index/resource_index/parent_prefix_path/patchworkpp
[150.139s] -- Installing: /home/ubuntu/unilidar_sdk2/patchwork-plusplus-ros/install/patchworkpp/share/patchworkpp/environment/ament_prefix_path.sh
[150.139s] -- Installing: /home/ubuntu/unilidar_sdk2/patchwork-plusplus-ros/install/patchworkpp/share/patchworkpp/environment/ament_prefix_path.dsv
[150.139s] -- Installing: /home/ubuntu/unilidar_sdk2/patchwork-plusplus-ros/install/patchworkpp/share/patchworkpp/environment/path.sh
[150.139s] -- Installing: /home/ubuntu/unilidar_sdk2/patchwork-plusplus-ros/install/patchworkpp/share/patchworkpp/environment/path.dsv
[150.140s] -- Up-to-date: /home/ubuntu/unilidar_sdk2/patchwork-plusplus-ros/install/patchworkpp/share/patchworkpp/local_setup.bash
[150.141s] -- Up-to-date: /home/ubuntu/unilidar_sdk2/patchwork-plusplus-ros/install/patchworkpp/share/patchworkpp/local_setup.sh
[150.142s] -- Up-to-date: /home/ubuntu/unilidar_sdk2/patchwork-plusplus-ros/install/patchworkpp/share/patchworkpp/local_setup.zsh
[150.142s] -- Installing: /home/ubuntu/unilidar_sdk2/patchwork-plusplus-ros/install/patchworkpp/share/patchworkpp/local_setup.dsv
[150.142s] -- Installing: /home/ubuntu/unilidar_sdk2/patchwork-plusplus-ros/install/patchworkpp/share/patchworkpp/package.dsv
[150.142s] -- Up-to-date: /home/ubuntu/unilidar_sdk2/patchwork-plusplus-ros/install/patchworkpp/share/ament_index/resource_index/packages/patchworkpp
[150.142s] -- Up-to-date: /home/ubuntu/unilidar_sdk2/patchwork-plusplus-ros/install/patchworkpp/share/patchworkpp/cmake/patchworkppConfig.cmake
[150.142s] -- Up-to-date: /home/ubuntu/unilidar_sdk2/patchwork-plusplus-ros/install/patchworkpp/share/patchworkpp/cmake/patchworkppConfig-version.cmake
[150.142s] -- Installing: /home/ubuntu/unilidar_sdk2/patchwork-plusplus-ros/install/patchworkpp/share/patchworkpp/package.xml
[150.149s] Invoked command in '/home/ubuntu/unilidar_sdk2/patchwork-plusplus-ros/build/patchworkpp' returned '0': CMAKE_PREFIX_PATH=/opt/ros/humble _=/usr/bin/env /usr/bin/cmake --install /home/ubuntu/unilidar_sdk2/patchwork-plusplus-ros/build/patchworkpp
