The MPI test test_mpi for C in mode normal failed to compile with the following output:
Change Dir: /home/ubuntu/unilidar_sdk2/point_lio_unilidar-2.0.2/build/point_lio_unilidar/CMakeFiles/CMakeTmp

Run Build Command(s):/usr/bin/gmake -f Makefile cmTC_5eaf5/fast && /usr/bin/gmake  -f CMakeFiles/cmTC_5eaf5.dir/build.make CMakeFiles/cmTC_5eaf5.dir/build
gmake[1]: Entering directory '/home/ubuntu/unilidar_sdk2/point_lio_unilidar-2.0.2/build/point_lio_unilidar/CMakeFiles/CMakeTmp'
Building C object CMakeFiles/cmTC_5eaf5.dir/test_mpi.c.o
/usr/bin/cc  -isystem /usr/lib/x86_64-linux-gnu/openmpi/include/openmpi  -o CMakeFiles/cmTC_5eaf5.dir/test_mpi.c.o -c /usr/share/cmake-3.22/Modules/FindMPI/test_mpi.c
/usr/share/cmake-3.22/Modules/FindMPI/test_mpi.c:1:10: fatal error: mpi.h: No such file or directory
    1 | #include <mpi.h>
      |          ^~~~~~~
compilation terminated.
gmake[1]: *** [CMakeFiles/cmTC_5eaf5.dir/build.make:78: CMakeFiles/cmTC_5eaf5.dir/test_mpi.c.o] Error 1
gmake[1]: Leaving directory '/home/ubuntu/unilidar_sdk2/point_lio_unilidar-2.0.2/build/point_lio_unilidar/CMakeFiles/CMakeTmp'
gmake: *** [Makefile:127: cmTC_5eaf5/fast] Error 2



The MPI test test_mpi for C in mode normal failed to compile with the following output:
Change Dir: /home/ubuntu/unilidar_sdk2/point_lio_unilidar-2.0.2/build/point_lio_unilidar/CMakeFiles/CMakeTmp

Run Build Command(s):/usr/bin/gmake -f Makefile cmTC_a06f5/fast && /usr/bin/gmake  -f CMakeFiles/cmTC_a06f5.dir/build.make CMakeFiles/cmTC_a06f5.dir/build
gmake[1]: Entering directory '/home/ubuntu/unilidar_sdk2/point_lio_unilidar-2.0.2/build/point_lio_unilidar/CMakeFiles/CMakeTmp'
Building C object CMakeFiles/cmTC_a06f5.dir/test_mpi.c.o
/usr/bin/cc  -isystem /usr/lib/x86_64-linux-gnu/openmpi/include/openmpi  -o CMakeFiles/cmTC_a06f5.dir/test_mpi.c.o -c /usr/share/cmake-3.22/Modules/FindMPI/test_mpi.c
/usr/share/cmake-3.22/Modules/FindMPI/test_mpi.c:1:10: fatal error: mpi.h: No such file or directory
    1 | #include <mpi.h>
      |          ^~~~~~~
compilation terminated.
gmake[1]: *** [CMakeFiles/cmTC_a06f5.dir/build.make:78: CMakeFiles/cmTC_a06f5.dir/test_mpi.c.o] Error 1
gmake[1]: Leaving directory '/home/ubuntu/unilidar_sdk2/point_lio_unilidar-2.0.2/build/point_lio_unilidar/CMakeFiles/CMakeTmp'
gmake: *** [Makefile:127: cmTC_a06f5/fast] Error 2



The MPI test test_mpi for C in mode normal failed to compile with the following output:
Change Dir: /home/ubuntu/unilidar_sdk2/point_lio_unilidar-2.0.2/build/point_lio_unilidar/CMakeFiles/CMakeTmp

Run Build Command(s):/usr/bin/gmake -f Makefile cmTC_54722/fast && /usr/bin/gmake  -f CMakeFiles/cmTC_54722.dir/build.make CMakeFiles/cmTC_54722.dir/build
gmake[1]: Entering directory '/home/ubuntu/unilidar_sdk2/point_lio_unilidar-2.0.2/build/point_lio_unilidar/CMakeFiles/CMakeTmp'
Building C object CMakeFiles/cmTC_54722.dir/test_mpi.c.o
/usr/bin/cc  -isystem /usr/lib/x86_64-linux-gnu/openmpi/include/openmpi  -o CMakeFiles/cmTC_54722.dir/test_mpi.c.o -c /usr/share/cmake-3.22/Modules/FindMPI/test_mpi.c
/usr/share/cmake-3.22/Modules/FindMPI/test_mpi.c:1:10: fatal error: mpi.h: No such file or directory
    1 | #include <mpi.h>
      |          ^~~~~~~
compilation terminated.
gmake[1]: *** [CMakeFiles/cmTC_54722.dir/build.make:78: CMakeFiles/cmTC_54722.dir/test_mpi.c.o] Error 1
gmake[1]: Leaving directory '/home/ubuntu/unilidar_sdk2/point_lio_unilidar-2.0.2/build/point_lio_unilidar/CMakeFiles/CMakeTmp'
gmake: *** [Makefile:127: cmTC_54722/fast] Error 2



The MPI test test_mpi for C in mode normal failed to compile with the following output:
Change Dir: /home/ubuntu/unilidar_sdk2/point_lio_unilidar-2.0.2/build/point_lio_unilidar/CMakeFiles/CMakeTmp

Run Build Command(s):/usr/bin/gmake -f Makefile cmTC_a4566/fast && /usr/bin/gmake  -f CMakeFiles/cmTC_a4566.dir/build.make CMakeFiles/cmTC_a4566.dir/build
gmake[1]: Entering directory '/home/ubuntu/unilidar_sdk2/point_lio_unilidar-2.0.2/build/point_lio_unilidar/CMakeFiles/CMakeTmp'
Building C object CMakeFiles/cmTC_a4566.dir/test_mpi.c.o
/usr/bin/cc  -isystem /usr/lib/x86_64-linux-gnu/openmpi/include/openmpi  -o CMakeFiles/cmTC_a4566.dir/test_mpi.c.o -c /usr/share/cmake-3.22/Modules/FindMPI/test_mpi.c
/usr/share/cmake-3.22/Modules/FindMPI/test_mpi.c:1:10: fatal error: mpi.h: No such file or directory
    1 | #include <mpi.h>
      |          ^~~~~~~
compilation terminated.
gmake[1]: *** [CMakeFiles/cmTC_a4566.dir/build.make:78: CMakeFiles/cmTC_a4566.dir/test_mpi.c.o] Error 1
gmake[1]: Leaving directory '/home/ubuntu/unilidar_sdk2/point_lio_unilidar-2.0.2/build/point_lio_unilidar/CMakeFiles/CMakeTmp'
gmake: *** [Makefile:127: cmTC_a4566/fast] Error 2



The MPI test test_mpi for C in mode normal failed to compile with the following output:
Change Dir: /home/ubuntu/unilidar_sdk2/point_lio_unilidar-2.0.2/build/point_lio_unilidar/CMakeFiles/CMakeTmp

Run Build Command(s):/usr/bin/gmake -f Makefile cmTC_82767/fast && /usr/bin/gmake  -f CMakeFiles/cmTC_82767.dir/build.make CMakeFiles/cmTC_82767.dir/build
gmake[1]: Entering directory '/home/ubuntu/unilidar_sdk2/point_lio_unilidar-2.0.2/build/point_lio_unilidar/CMakeFiles/CMakeTmp'
Building C object CMakeFiles/cmTC_82767.dir/test_mpi.c.o
/usr/bin/cc  -isystem /usr/lib/x86_64-linux-gnu/openmpi/include/openmpi  -o CMakeFiles/cmTC_82767.dir/test_mpi.c.o -c /usr/share/cmake-3.22/Modules/FindMPI/test_mpi.c
/usr/share/cmake-3.22/Modules/FindMPI/test_mpi.c:1:10: fatal error: mpi.h: No such file or directory
    1 | #include <mpi.h>
      |          ^~~~~~~
compilation terminated.
gmake[1]: *** [CMakeFiles/cmTC_82767.dir/build.make:78: CMakeFiles/cmTC_82767.dir/test_mpi.c.o] Error 1
gmake[1]: Leaving directory '/home/ubuntu/unilidar_sdk2/point_lio_unilidar-2.0.2/build/point_lio_unilidar/CMakeFiles/CMakeTmp'
gmake: *** [Makefile:127: cmTC_82767/fast] Error 2



